******************************************************************************
                  TI ARM Linker PC v16.9.6                     
******************************************************************************
>> Linked Fri Aug 03 02:02:06 2018

OUTPUT FILE NAME:   <Avionics-Code.out>
ENTRY POINT SYMBOL: "_c_int00"  address: 00002d4d


MEMORY CONFIGURATION

         name            origin    length      used     unused   attr    fill
----------------------  --------  ---------  --------  --------  ----  --------
  FLASH                 00000000   00040000  000037e2  0003c81e  R  X
  SRAM                  20000000   00008000  0000066a  00007996  RW X


SEGMENT ALLOCATION MAP

run origin  load origin   length   init length attrs members
----------  ----------- ---------- ----------- ----- -------
00000000    00000000    000037e8   000037e8    r-x
  00000000    00000000    0000026c   0000026c    r-- .intvecs
  0000026c    0000026c    0000311e   0000311e    r-x .text
  0000338c    0000338c    00000408   00000408    r-- .const
  00003798    00003798    00000050   00000050    r-- .cinit
20000000    20000000    0000066a   00000000    rw-
  20000000    20000000    0000026c   00000000    rw- .vtable
  2000026c    2000026c    00000200   00000000    rw- .stack
  2000046c    2000046c    000001d8   00000000    rw- .bss
  20000644    20000644    00000026   00000000    rw- .data


SECTION ALLOCATION MAP

 output                                  attributes/
section   page    origin      length       input sections
--------  ----  ----------  ----------   ----------------
.intvecs   0    00000000    0000026c     
                  00000000    0000026c     tm4c123gh6pm_startup_ccs.obj (.intvecs)

.text      0    0000026c    0000311e     
                  0000026c    0000113e     rtsv7M4_T_le_v4SPD16_eabi.lib : _printfi.obj (.text)
                  000013aa    00000002                                   : mpu_init.obj (.text)
                  000013ac    0000040c     rf_cc2500.obj (.text)
                  000017b8    000003f0     sch.obj (.text)
                  00001ba8    000001f4     rtsv7M4_T_le_v4SPD16_eabi.lib : ull_div_t2.obj (.text)
                  00001d9c    000001b6                                   : fd_add_t2.obj (.text)
                  00001f52    00000002                                   : startup.obj (.text)
                  00001f54    00000190     ser.obj (.text)
                  000020e4    00000184     main.obj (.text)
                  00002268    00000136     rtsv7M4_T_le_v4SPD16_eabi.lib : fd_div_t2.obj (.text)
                  0000239e    00000132     driverlib.lib : gpio.obj (.text:GPIOPadConfigSet)
                  000024d0    00000110                   : sysctl.obj (.text:SysCtlClockGet)
                  000025e0    000000fc     rtsv7M4_T_le_v4SPD16_eabi.lib : fd_mul_t2.obj (.text)
                  000026dc    000000fc                                   : s_scalbn.obj (.text)
                  000027d8    000000f4     driverlib.lib : sysctl.obj (.text:SysCtlClockSet)
                  000028cc    0000009c     rtsv7M4_T_le_v4SPD16_eabi.lib : memcpy_t2.obj (.text)
                  00002968    00000086                                   : fd_cmp_t2.obj (.text:__aeabi_cdcmple)
                  000029ee    00000086                                   : fd_cmp_t2.obj (.text:__aeabi_cdrcmple)
                  00002a74    0000007a                                   : memset_t2.obj (.text)
                  00002aee    00000002     --HOLE-- [fill = 0]
                  00002af0    00000070                                   : autoinit.obj (.text)
                  00002b60    00000068     driverlib.lib : interrupt.obj (.text:IntEnable)
                  00002bc8    00000068     rtsv7M4_T_le_v4SPD16_eabi.lib : copy_decompress_lzss.obj (.text:decompress:lzss)
                  00002c30    00000064                                   : s_frexp.obj (.text)
                  00002c94    00000060                                   : sprintf.obj (.text)
                  00002cf4    00000056     driverlib.lib : gpio.obj (.text:GPIOIntTypeSet)
                  00002d4a    00000002     --HOLE-- [fill = 0]
                  00002d4c    00000054     rtsv7M4_T_le_v4SPD16_eabi.lib : boot.obj (.text)
                  00002da0    00000054                                   : exit.obj (.text)
                  00002df4    00000054                                   : ltoa.obj (.text)
                  00002e48    0000004c                                   : atoi.obj (.text)
                  00002e94    0000004c                                   : cpy_tbl.obj (.text)
                  00002ee0    00000048     driverlib.lib : gpio.obj (.text:GPIOPinConfigure)
                  00002f28    00000048     rtsv7M4_T_le_v4SPD16_eabi.lib : fd_toi_t2.obj (.text)
                  00002f70    00000046     driverlib.lib : uart.obj (.text:UARTConfigSetExpClk)
                  00002fb6    00000002     --HOLE-- [fill = 0]
                  00002fb8    00000044                   : gpio.obj (.text:_GPIOIntNumberGet)
                  00002ffc    0000003c                   : ssi.obj (.text:SSIConfigSetExpClk)
                  00003038    00000038                   : sysctl.obj (.text:SysCtlPeripheralReady)
                  00003070    00000034                   : interrupt.obj (.text:IntRegister)
                  000030a4    00000034                   : sysctl.obj (.text:SysCtlPeripheralEnable)
                  000030d8    0000002e     rtsv7M4_T_le_v4SPD16_eabi.lib : i_tofd_t2.obj (.text)
                  00003106    0000002a     driverlib.lib : gpio.obj (.text:GPIODirModeSet)
                  00003130    00000020                   : uart.obj (.text:UARTDisable)
                  00003150    0000001c                   : systick.obj (.text:SysTickIntRegister)
                  0000316c    0000001c     rtsv7M4_T_le_v4SPD16_eabi.lib : memccpy.obj (.text)
                  00003188    00000018     driverlib.lib : gpio.obj (.text:GPIOIntRegister)
                  000031a0    00000018                   : gpio.obj (.text:GPIOPinTypeGPIOOutput)
                  000031b8    00000018     rtsv7M4_T_le_v4SPD16_eabi.lib : args_main.obj (.text)
                  000031d0    00000016                                   : strchr.obj (.text)
                  000031e6    00000002     --HOLE-- [fill = 0]
                  000031e8    00000014     driverlib.lib : systick.obj (.text:SysTickDisable)
                  000031fc    00000014                   : systick.obj (.text:SysTickEnable)
                  00003210    00000014                   : uart.obj (.text:UARTEnable)
                  00003224    00000014     rtsv7M4_T_le_v4SPD16_eabi.lib : _lock.obj (.text)
                  00003238    00000014                                   : s_copysign.obj (.text)
                  0000324c    00000014                                   : strlen.obj (.text)
                  00003260    00000012     driverlib.lib : gpio.obj (.text:GPIOPinTypeGPIOInput)
                  00003272    00000012                   : gpio.obj (.text:GPIOPinTypeSSI)
                  00003284    00000012                   : gpio.obj (.text:GPIOPinTypeUART)
                  00003296    00000012                   : ssi.obj (.text:SSIDataGetNonBlocking)
                  000032a8    00000010                   : interrupt.obj (.text:IntMasterDisable)
                  000032b8    00000010                   : interrupt.obj (.text:IntMasterEnable)
                  000032c8    00000010                   : systick.obj (.text:SysTickPeriodSet)
                  000032d8    0000000e                   : uart.obj (.text:UARTCharGetNonBlocking)
                  000032e6    0000000e                   : uart.obj (.text:UARTCharsAvail)
                  000032f4    0000000e     rtsv7M4_T_le_v4SPD16_eabi.lib : copy_decompress_none.obj (.text:decompress:none)
                  00003302    0000000c     driverlib.lib : cpu.obj (.text:CPUcpsid)
                  0000330e    0000000c                   : cpu.obj (.text:CPUcpsie)
                  0000331a    0000000c                   : gpio.obj (.text:GPIOIntEnable)
                  00003326    0000000c                   : ssi.obj (.text:SSIDataGet)
                  00003332    0000000c     rtsv7M4_T_le_v4SPD16_eabi.lib : copy_zero_init.obj (.text:decompress:ZI)
                  0000333e    0000000c     tm4c123gh6pm_startup_ccs.obj (.text)
                  0000334a    0000000a     driverlib.lib : ssi.obj (.text:SSIDataPut)
                  00003354    0000000a                   : ssi.obj (.text:SSIEnable)
                  0000335e    0000000a                   : uart.obj (.text:UARTIntStatus)
                  00003368    00000008                   : uart.obj (.text:UARTIntEnable)
                  00003370    00000006                   : gpio.obj (.text:GPIOPinRead)
                  00003376    00000006                   : gpio.obj (.text:GPIOPinWrite)
                  0000337c    00000006                   : sysctl.obj (.text:SysCtlDelay)
                  00003382    00000004                   : uart.obj (.text:UARTIntClear)
                  00003386    00000004     rtsv7M4_T_le_v4SPD16_eabi.lib : pre_init.obj (.text)

.const     0    0000338c    00000408     
                  0000338c    00000101     rtsv7M4_T_le_v4SPD16_eabi.lib : ctype.obj (.const:.string:_ctypes_)
                  0000348d    00000003     --HOLE-- [fill = 0]
                  00003490    000000d8     driverlib.lib : gpio.obj (.const:g_ppui32GPIOIntMapSnowflake)
                  00003568    000000c0                   : gpio.obj (.const:g_ppui32GPIOIntMapBlizzard)
                  00003628    00000090                   : gpio.obj (.const:g_pui32GPIOBaseAddrs)
                  000036b8    00000070                   : interrupt.obj (.const)
                  00003728    0000006c                   : sysctl.obj (.const:g_pui32Xtals)

.cinit     0    00003798    00000050     
                  00003798    00000017     (.cinit..data.load) [load image, compression = lzss]
                  000037af    00000001     --HOLE-- [fill = 0]
                  000037b0    0000000c     (__TI_handler_table)
                  000037bc    00000004     --HOLE-- [fill = 0]
                  000037c0    00000008     (.cinit..bss.load) [load image, compression = zero_init]
                  000037c8    00000008     (.cinit..vtable.load) [load image, compression = zero_init]
                  000037d0    00000018     (__TI_cinit_table)

.init_array 
*          0    00000000    00000000     UNINITIALIZED

.vtable    0    20000000    0000026c     UNINITIALIZED
                  20000000    0000026c     driverlib.lib : interrupt.obj (.vtable)

.stack     0    2000026c    00000200     UNINITIALIZED
                  2000026c    00000200     --HOLE--

.bss       0    2000046c    000001d8     UNINITIALIZED
                  2000046c    00000100     (.common:TaskList)
                  2000056c    000000c0     (.common:TaskTimerList)
                  2000062c    00000010     (.common:SerialBuffer)
                  2000063c    00000004     (.common:serialOnCharReceived)
                  20000640    00000004     (.common:serialOnLineReceived)

.data      0    20000644    00000026     UNINITIALIZED
                  20000644    0000000c     rtsv7M4_T_le_v4SPD16_eabi.lib : exit.obj (.data:$O1$$)
                  20000650    00000008                                   : _lock.obj (.data:$O1$$)
                  20000658    00000008     sch.obj (.data)
                  20000660    00000004     rtsv7M4_T_le_v4SPD16_eabi.lib : errno.obj (.data)
                  20000664    00000004                                   : stkdepth_vars.obj (.data)
                  20000668    00000001     rf_cc2500.obj (.data)
                  20000669    00000001     ser.obj (.data)

MODULE SUMMARY

       Module                         code    ro data   rw data
       ------                         ----    -------   -------
    .\
       sch.obj                        1008    0         456    
       rf_cc2500.obj                  1036    0         1      
       tm4c123gh6pm_startup_ccs.obj   12      620       0      
       ser.obj                        400     0         25     
       main.obj                       388     0         0      
    +--+------------------------------+-------+---------+---------+
       Total:                         2844    620       482    
                                                               
    C:/ti/TivaWare_C_Series-2.1.4.178/driverlib/ccs/Debug/driverlib.lib
       gpio.obj                       700     552       0      
       interrupt.obj                  188     112       620    
       sysctl.obj                     630     108       0      
       uart.obj                       172     0         0      
       ssi.obj                        110     0         0      
       systick.obj                    84      0         0      
       cpu.obj                        24      0         0      
    +--+------------------------------+-------+---------+---------+
       Total:                         1908    772       620    
                                                               
    C:\ti\ccsv7\tools\compiler\ti-cgt-arm_16.9.6.LTS\lib\rtsv7M4_T_le_v4SPD16_eabi.lib
       _printfi.obj                   4414    0         0      
       ull_div_t2.obj                 500     0         0      
       fd_add_t2.obj                  438     0         0      
       fd_div_t2.obj                  310     0         0      
       fd_cmp_t2.obj                  268     0         0      
       ctype.obj                      0       257       0      
       fd_mul_t2.obj                  252     0         0      
       s_scalbn.obj                   252     0         0      
       memcpy_t2.obj                  156     0         0      
       memset_t2.obj                  122     0         0      
       autoinit.obj                   112     0         0      
       copy_decompress_lzss.obj       104     0         0      
       s_frexp.obj                    100     0         0      
       exit.obj                       84      0         12     
       sprintf.obj                    96      0         0      
       boot.obj                       84      0         0      
       ltoa.obj                       84      0         0      
       atoi.obj                       76      0         0      
       cpy_tbl.obj                    76      0         0      
       fd_toi_t2.obj                  72      0         0      
       i_tofd_t2.obj                  46      0         0      
       _lock.obj                      20      0         8      
       memccpy.obj                    28      0         0      
       args_main.obj                  24      0         0      
       strchr.obj                     22      0         0      
       s_copysign.obj                 20      0         0      
       strlen.obj                     20      0         0      
       copy_decompress_none.obj       14      0         0      
       copy_zero_init.obj             12      0         0      
       errno.obj                      0       0         4      
       pre_init.obj                   4       0         0      
       stkdepth_vars.obj              0       0         4      
       mpu_init.obj                   2       0         0      
       startup.obj                    2       0         0      
    +--+------------------------------+-------+---------+---------+
       Total:                         7814    257       28     
                                                               
       Stack:                         0       0         512    
       Linker Generated:              0       75        0      
    +--+------------------------------+-------+---------+---------+
       Grand Total:                   12566   1724      1642   


LINKER GENERATED COPY TABLES

__TI_cinit_table @ 000037d0 records: 3, size/record: 8, table size: 24
	.data: load addr=00003798, load size=00000017 bytes, run addr=20000644, run size=00000026 bytes, compression=lzss
	.bss: load addr=000037c0, load size=00000008 bytes, run addr=2000046c, run size=000001d8 bytes, compression=zero_init
	.vtable: load addr=000037c8, load size=00000008 bytes, run addr=20000000, run size=0000026c bytes, compression=zero_init


LINKER GENERATED HANDLER TABLE

__TI_handler_table @ 000037b0 records: 3, size/record: 4, table size: 12
	index: 0, handler: __TI_zero_init
	index: 1, handler: __TI_decompress_lzss
	index: 2, handler: __TI_decompress_none


GLOBAL SYMBOLS: SORTED ALPHABETICALLY BY Name 

address   name                           
-------   ----                           
000017f1  AddTask                        
00001859  AddTaskCond                    
000018c1  AddTaskTime                    
00002da1  C$$EXIT                        
00003303  CPUcpsid                       
0000330f  CPUcpsie                       
00003107  GPIODirModeSet                 
0000331b  GPIOIntEnable                  
00003189  GPIOIntRegister                
00002cf5  GPIOIntTypeSet                 
0000239f  GPIOPadConfigSet               
00002ee1  GPIOPinConfigure               
00003371  GPIOPinRead                    
00003261  GPIOPinTypeGPIOInput           
000031a1  GPIOPinTypeGPIOOutput          
00003273  GPIOPinTypeSSI                 
00003285  GPIOPinTypeUART                
00003377  GPIOPinWrite                   
000017bd  GetTaskState                   
0000159b  InitRF                         
0000196b  InitScheduler                  
00001fd7  InitSerial                     
00001ab5  InitSysTick                    
00002b61  IntEnable                      
000032a9  IntMasterDisable               
000032b9  IntMasterEnable                
00003071  IntRegister                    
000021f7  Loop                           
000013bb  RFChipSelectOff                
000013ad  RFChipSelectOn                 
0000149d  RFEnterRxMode                  
000014a7  RFEnterRxModeCS                
0000147f  RFEnterTxMode                  
00001489  RFEnterTxModeCS                
000014b1  RFFlushRx                      
00001493  RFFlushTx                      
00001425  RFReadRegister                 
00001439  RFReadRegisterCS               
00001527  RFReceivePacket                
00001579  RFReceivePacketHandler         
0000144d  RFSendStrobe                   
0000145f  RFSendStrobeCS                 
000014bb  RFTransmitPacket               
000013c9  RFWriteByte                    
000013e5  RFWriteRegister                
00001401  RFWriteRegisterCS              
20000668  RF_packetReceived              
0000333f  ResetISR                       
UNDEFED   SHT$$INIT_ARRAY$$Base          
UNDEFED   SHT$$INIT_ARRAY$$Limit         
00002ffd  SSIConfigSetExpClk             
00003327  SSIDataGet                     
00003297  SSIDataGetNonBlocking          
0000334b  SSIDataPut                     
00003355  SSIEnable                      
2000062c  SerialBuffer                   
0000204d  SerialInterruptHandler         
00002147  SerialOnCharReceived           
00002153  SerialOnLineReceived           
00001f61  SerialPrint                    
00001f9b  SerialPrintInt                 
00001f83  SerialPrintln                  
00001fb9  SerialPrintlnInt               
00001f55  SerialWrite                    
000017d3  SetTaskState                   
000021c7  Setup                          
000024d1  SysCtlClockGet                 
000027d9  SysCtlClockSet                 
0000337d  SysCtlDelay                    
000030a5  SysCtlPeripheralEnable         
00003039  SysCtlPeripheralReady          
000031e9  SysTickDisable                 
000031fd  SysTickEnable                  
00003151  SysTickIntRegister             
00001b0d  SysTickInterruptHandler        
000032c9  SysTickPeriodSet               
2000046c  TaskList                       
2000056c  TaskTimerList                  
000020e9  Task_Millis_Exec               
000020e5  Task_Millis_Init               
000020f7  Task_OnPacketReceived          
000032d9  UARTCharGetNonBlocking         
000032e7  UARTCharsAvail                 
00002f71  UARTConfigSetExpClk            
00003131  UARTDisable                    
00003211  UARTEnable                     
00003383  UARTIntClear                   
00003369  UARTIntEnable                  
0000335f  UARTIntStatus                  
00001979  UpdateScheduler                
000017b9  VoidInit                       
2000046c  __STACK_END                    
00000200  __STACK_SIZE                   
2000046c  __STACK_TOP                    
000037d0  __TI_CINIT_Base                
000037e8  __TI_CINIT_Limit               
000037b0  __TI_Handler_Table_Base        
000037bc  __TI_Handler_Table_Limit       
00002af1  __TI_auto_init                 
20000644  __TI_cleanup_ptr               
00002bc9  __TI_decompress_lzss           
000032f5  __TI_decompress_none           
20000648  __TI_dtors_ptr                 
2000064c  __TI_enable_exit_profile_output
ffffffff  __TI_pprof_out_hndl            
00000ab1  __TI_printfi                   
ffffffff  __TI_prof_data_size            
ffffffff  __TI_prof_data_start           
00000000  __TI_static_base__             
00003333  __TI_zero_init                 
00002969  __aeabi_cdcmpeq                
00002969  __aeabi_cdcmple                
000029ef  __aeabi_cdrcmple               
00002f29  __aeabi_d2iz                   
00001da7  __aeabi_dadd                   
00002269  __aeabi_ddiv                   
000025e1  __aeabi_dmul                   
00001d9d  __aeabi_dsub                   
000030d9  __aeabi_i2d                    
00002a75  __aeabi_memclr                 
00002a75  __aeabi_memclr4                
00002a75  __aeabi_memclr8                
000028cd  __aeabi_memcpy                 
000028cd  __aeabi_memcpy4                
000028cd  __aeabi_memcpy8                
00002a77  __aeabi_memset                 
00002a77  __aeabi_memset4                
00002a77  __aeabi_memset8                
00001ba9  __aeabi_uldivmod               
ffffffff  __binit__                      
ffffffff  __c_args__                     
000013ab  __mpu_init                     
2000026c  __stack                        
000031b9  _args_main                     
00002d4d  _c_int00                       
0000338c  _ctypes_                       
20000650  _lock                          
00003233  _nop                           
0000322b  _register_lock                 
00003225  _register_unlock               
00001f53  _system_post_cinit             
00003387  _system_pre_init               
20000654  _unlock                        
00002da5  abort                          
00002e49  atoi                           
ffffffff  binit                          
00002e95  copy_in                        
00003239  copysign                       
00003239  copysignl                      
2000065c  currentTime                    
20000660  errno                          
00002dad  exit                           
00002c31  frexp                          
00002c31  frexpl                         
20000000  g_pfnRAMVectors                
00000000  g_pfnVectors                   
000026dd  ldexp                          
000026dd  ldexpl                         
00002df5  ltoa                           
000021ff  main                           
20000664  main_func_sp                   
0000316d  memccpy                        
000028cd  memcpy                         
00002a7d  memset                         
20000659  numOfTaskTimers                
20000658  numOfTasks                     
000026dd  scalbn                         
000026dd  scalbnl                        
20000669  serialBufferIndex              
2000063c  serialOnCharReceived           
20000640  serialOnLineReceived           
00002c95  sprintf                        
000031d1  strchr                         
0000324d  strlen                         


GLOBAL SYMBOLS: SORTED BY Symbol Address 

address   name                           
-------   ----                           
00000000  __TI_static_base__             
00000000  g_pfnVectors                   
00000200  __STACK_SIZE                   
00000ab1  __TI_printfi                   
000013ab  __mpu_init                     
000013ad  RFChipSelectOn                 
000013bb  RFChipSelectOff                
000013c9  RFWriteByte                    
000013e5  RFWriteRegister                
00001401  RFWriteRegisterCS              
00001425  RFReadRegister                 
00001439  RFReadRegisterCS               
0000144d  RFSendStrobe                   
0000145f  RFSendStrobeCS                 
0000147f  RFEnterTxMode                  
00001489  RFEnterTxModeCS                
00001493  RFFlushTx                      
0000149d  RFEnterRxMode                  
000014a7  RFEnterRxModeCS                
000014b1  RFFlushRx                      
000014bb  RFTransmitPacket               
00001527  RFReceivePacket                
00001579  RFReceivePacketHandler         
0000159b  InitRF                         
000017b9  VoidInit                       
000017bd  GetTaskState                   
000017d3  SetTaskState                   
000017f1  AddTask                        
00001859  AddTaskCond                    
000018c1  AddTaskTime                    
0000196b  InitScheduler                  
00001979  UpdateScheduler                
00001ab5  InitSysTick                    
00001b0d  SysTickInterruptHandler        
00001ba9  __aeabi_uldivmod               
00001d9d  __aeabi_dsub                   
00001da7  __aeabi_dadd                   
00001f53  _system_post_cinit             
00001f55  SerialWrite                    
00001f61  SerialPrint                    
00001f83  SerialPrintln                  
00001f9b  SerialPrintInt                 
00001fb9  SerialPrintlnInt               
00001fd7  InitSerial                     
0000204d  SerialInterruptHandler         
000020e5  Task_Millis_Init               
000020e9  Task_Millis_Exec               
000020f7  Task_OnPacketReceived          
00002147  SerialOnCharReceived           
00002153  SerialOnLineReceived           
000021c7  Setup                          
000021f7  Loop                           
000021ff  main                           
00002269  __aeabi_ddiv                   
0000239f  GPIOPadConfigSet               
000024d1  SysCtlClockGet                 
000025e1  __aeabi_dmul                   
000026dd  ldexp                          
000026dd  ldexpl                         
000026dd  scalbn                         
000026dd  scalbnl                        
000027d9  SysCtlClockSet                 
000028cd  __aeabi_memcpy                 
000028cd  __aeabi_memcpy4                
000028cd  __aeabi_memcpy8                
000028cd  memcpy                         
00002969  __aeabi_cdcmpeq                
00002969  __aeabi_cdcmple                
000029ef  __aeabi_cdrcmple               
00002a75  __aeabi_memclr                 
00002a75  __aeabi_memclr4                
00002a75  __aeabi_memclr8                
00002a77  __aeabi_memset                 
00002a77  __aeabi_memset4                
00002a77  __aeabi_memset8                
00002a7d  memset                         
00002af1  __TI_auto_init                 
00002b61  IntEnable                      
00002bc9  __TI_decompress_lzss           
00002c31  frexp                          
00002c31  frexpl                         
00002c95  sprintf                        
00002cf5  GPIOIntTypeSet                 
00002d4d  _c_int00                       
00002da1  C$$EXIT                        
00002da5  abort                          
00002dad  exit                           
00002df5  ltoa                           
00002e49  atoi                           
00002e95  copy_in                        
00002ee1  GPIOPinConfigure               
00002f29  __aeabi_d2iz                   
00002f71  UARTConfigSetExpClk            
00002ffd  SSIConfigSetExpClk             
00003039  SysCtlPeripheralReady          
00003071  IntRegister                    
000030a5  SysCtlPeripheralEnable         
000030d9  __aeabi_i2d                    
00003107  GPIODirModeSet                 
00003131  UARTDisable                    
00003151  SysTickIntRegister             
0000316d  memccpy                        
00003189  GPIOIntRegister                
000031a1  GPIOPinTypeGPIOOutput          
000031b9  _args_main                     
000031d1  strchr                         
000031e9  SysTickDisable                 
000031fd  SysTickEnable                  
00003211  UARTEnable                     
00003225  _register_unlock               
0000322b  _register_lock                 
00003233  _nop                           
00003239  copysign                       
00003239  copysignl                      
0000324d  strlen                         
00003261  GPIOPinTypeGPIOInput           
00003273  GPIOPinTypeSSI                 
00003285  GPIOPinTypeUART                
00003297  SSIDataGetNonBlocking          
000032a9  IntMasterDisable               
000032b9  IntMasterEnable                
000032c9  SysTickPeriodSet               
000032d9  UARTCharGetNonBlocking         
000032e7  UARTCharsAvail                 
000032f5  __TI_decompress_none           
00003303  CPUcpsid                       
0000330f  CPUcpsie                       
0000331b  GPIOIntEnable                  
00003327  SSIDataGet                     
00003333  __TI_zero_init                 
0000333f  ResetISR                       
0000334b  SSIDataPut                     
00003355  SSIEnable                      
0000335f  UARTIntStatus                  
00003369  UARTIntEnable                  
00003371  GPIOPinRead                    
00003377  GPIOPinWrite                   
0000337d  SysCtlDelay                    
00003383  UARTIntClear                   
00003387  _system_pre_init               
0000338c  _ctypes_                       
000037b0  __TI_Handler_Table_Base        
000037bc  __TI_Handler_Table_Limit       
000037d0  __TI_CINIT_Base                
000037e8  __TI_CINIT_Limit               
20000000  g_pfnRAMVectors                
2000026c  __stack                        
2000046c  TaskList                       
2000046c  __STACK_END                    
2000046c  __STACK_TOP                    
2000056c  TaskTimerList                  
2000062c  SerialBuffer                   
2000063c  serialOnCharReceived           
20000640  serialOnLineReceived           
20000644  __TI_cleanup_ptr               
20000648  __TI_dtors_ptr                 
2000064c  __TI_enable_exit_profile_output
20000650  _lock                          
20000654  _unlock                        
20000658  numOfTasks                     
20000659  numOfTaskTimers                
2000065c  currentTime                    
20000660  errno                          
20000664  main_func_sp                   
20000668  RF_packetReceived              
20000669  serialBufferIndex              
ffffffff  __TI_pprof_out_hndl            
ffffffff  __TI_prof_data_size            
ffffffff  __TI_prof_data_start           
ffffffff  __binit__                      
ffffffff  __c_args__                     
ffffffff  binit                          
UNDEFED   SHT$$INIT_ARRAY$$Base          
UNDEFED   SHT$$INIT_ARRAY$$Limit         

[174 symbols]
