******************************************************************************
                  TI ARM Linker PC v16.9.4                     
******************************************************************************
>> Linked Mon Aug 06 15:45:41 2018

OUTPUT FILE NAME:   <Avionics-Code.out>
ENTRY POINT SYMBOL: "_c_int00"  address: 00002f5d


MEMORY CONFIGURATION

         name            origin    length      used     unused   attr    fill
----------------------  --------  ---------  --------  --------  ----  --------
  FLASH                 00000000   00040000  00003a4a  0003c5b6  R  X
  SRAM                  20000000   00008000  00000681  0000797f  RW X


SEGMENT ALLOCATION MAP

run origin  load origin   length   init length attrs members
----------  ----------- ---------- ----------- ----- -------
00000000    00000000    00003a50   00003a50    r-x
  00000000    00000000    0000026c   0000026c    r-- .intvecs
  0000026c    0000026c    00003386   00003386    r-x .text
  000035f4    000035f4    00000408   00000408    r-- .const
  00003a00    00003a00    00000050   00000050    r-- .cinit
20000000    20000000    00000681   00000000    rw-
  20000000    20000000    0000026c   00000000    rw- .vtable
  2000026c    2000026c    00000200   00000000    rw- .stack
  2000046c    2000046c    000001e8   00000000    rw- .bss
  20000654    20000654    0000002d   00000000    rw- .data


SECTION ALLOCATION MAP

 output                                  attributes/
section   page    origin      length       input sections
--------  ----  ----------  ----------   ----------------
.intvecs   0    00000000    0000026c     
                  00000000    0000026c     tm4c123gh6pm_startup_ccs.obj (.intvecs)

.text      0    0000026c    00003386     
                  0000026c    0000113e     rtsv7M4_T_le_v4SPD16_eabi.lib : _printfi.obj (.text)
                  000013aa    00000002                                   : mpu_init.obj (.text)
                  000013ac    000004a8     sch.obj (.text)
                  00001854    00000478     rf_cc2500.obj (.text)
                  00001ccc    0000023c     ser.obj (.text)
                  00001f08    000001f4     rtsv7M4_T_le_v4SPD16_eabi.lib : ull_div_t2.obj (.text)
                  000020fc    000001c4     main.obj (.text)
                  000022c0    000001b6     rtsv7M4_T_le_v4SPD16_eabi.lib : fd_add_t2.obj (.text)
                  00002476    00000136                                   : fd_div_t2.obj (.text)
                  000025ac    00000132     driverlib.lib : gpio.obj (.text:GPIOPadConfigSet)
                  000026de    00000002     rtsv7M4_T_le_v4SPD16_eabi.lib : startup.obj (.text)
                  000026e0    00000110     driverlib.lib : sysctl.obj (.text:SysCtlClockGet)
                  000027f0    000000fc     rtsv7M4_T_le_v4SPD16_eabi.lib : fd_mul_t2.obj (.text)
                  000028ec    000000fc                                   : s_scalbn.obj (.text)
                  000029e8    000000f4     driverlib.lib : sysctl.obj (.text:SysCtlClockSet)
                  00002adc    0000009c     rtsv7M4_T_le_v4SPD16_eabi.lib : memcpy_t2.obj (.text)
                  00002b78    00000086                                   : fd_cmp_t2.obj (.text:__aeabi_cdcmple)
                  00002bfe    00000086                                   : fd_cmp_t2.obj (.text:__aeabi_cdrcmple)
                  00002c84    0000007a                                   : memset_t2.obj (.text)
                  00002cfe    00000002     --HOLE-- [fill = 0]
                  00002d00    00000070                                   : autoinit.obj (.text)
                  00002d70    00000068     driverlib.lib : interrupt.obj (.text:IntEnable)
                  00002dd8    00000068     rtsv7M4_T_le_v4SPD16_eabi.lib : copy_decompress_lzss.obj (.text:decompress:lzss)
                  00002e40    00000064                                   : s_frexp.obj (.text)
                  00002ea4    00000060                                   : sprintf.obj (.text)
                  00002f04    00000056     driverlib.lib : gpio.obj (.text:GPIOIntTypeSet)
                  00002f5a    00000002     --HOLE-- [fill = 0]
                  00002f5c    00000054     rtsv7M4_T_le_v4SPD16_eabi.lib : boot.obj (.text)
                  00002fb0    00000054                                   : exit.obj (.text)
                  00003004    00000054                                   : ltoa.obj (.text)
                  00003058    0000004c                                   : atoi.obj (.text)
                  000030a4    0000004c                                   : cpy_tbl.obj (.text)
                  000030f0    00000048     driverlib.lib : gpio.obj (.text:GPIOPinConfigure)
                  00003138    00000048     led.obj (.text)
                  00003180    00000048     rtsv7M4_T_le_v4SPD16_eabi.lib : fd_toi_t2.obj (.text)
                  000031c8    00000046     driverlib.lib : uart.obj (.text:UARTConfigSetExpClk)
                  0000320e    00000002     --HOLE-- [fill = 0]
                  00003210    00000044                   : gpio.obj (.text:_GPIOIntNumberGet)
                  00003254    0000003c                   : ssi.obj (.text:SSIConfigSetExpClk)
                  00003290    00000038                   : sysctl.obj (.text:SysCtlPeripheralReady)
                  000032c8    00000034                   : interrupt.obj (.text:IntRegister)
                  000032fc    00000034                   : sysctl.obj (.text:SysCtlPeripheralEnable)
                  00003330    0000002e     rtsv7M4_T_le_v4SPD16_eabi.lib : i_tofd_t2.obj (.text)
                  0000335e    0000002a     driverlib.lib : gpio.obj (.text:GPIODirModeSet)
                  00003388    00000020                   : uart.obj (.text:UARTDisable)
                  000033a8    0000001c                   : systick.obj (.text:SysTickIntRegister)
                  000033c4    0000001c     rtsv7M4_T_le_v4SPD16_eabi.lib : memccpy.obj (.text)
                  000033e0    00000018     driverlib.lib : gpio.obj (.text:GPIOIntRegister)
                  000033f8    00000018                   : gpio.obj (.text:GPIOPinTypeGPIOOutput)
                  00003410    00000018     rtsv7M4_T_le_v4SPD16_eabi.lib : args_main.obj (.text)
                  00003428    00000016                                   : strchr.obj (.text)
                  0000343e    00000002     --HOLE-- [fill = 0]
                  00003440    00000014     driverlib.lib : systick.obj (.text:SysTickDisable)
                  00003454    00000014                   : systick.obj (.text:SysTickEnable)
                  00003468    00000014                   : uart.obj (.text:UARTEnable)
                  0000347c    00000014     rtsv7M4_T_le_v4SPD16_eabi.lib : _lock.obj (.text)
                  00003490    00000014                                   : s_copysign.obj (.text)
                  000034a4    00000014                                   : strlen.obj (.text)
                  000034b8    00000012     driverlib.lib : gpio.obj (.text:GPIOPinTypeGPIOInput)
                  000034ca    00000012                   : gpio.obj (.text:GPIOPinTypeSSI)
                  000034dc    00000012                   : gpio.obj (.text:GPIOPinTypeUART)
                  000034ee    00000012                   : ssi.obj (.text:SSIDataGetNonBlocking)
                  00003500    00000010                   : interrupt.obj (.text:IntMasterDisable)
                  00003510    00000010                   : interrupt.obj (.text:IntMasterEnable)
                  00003520    00000010                   : systick.obj (.text:SysTickPeriodSet)
                  00003530    0000000e                   : uart.obj (.text:UARTCharGetNonBlocking)
                  0000353e    0000000e                   : uart.obj (.text:UARTCharsAvail)
                  0000354c    0000000e     rtsv7M4_T_le_v4SPD16_eabi.lib : copy_decompress_none.obj (.text:decompress:none)
                  0000355a    0000000c     driverlib.lib : cpu.obj (.text:CPUcpsid)
                  00003566    0000000c                   : cpu.obj (.text:CPUcpsie)
                  00003572    0000000c                   : gpio.obj (.text:GPIOIntEnable)
                  0000357e    0000000c                   : ssi.obj (.text:SSIDataGet)
                  0000358a    0000000c     rtsv7M4_T_le_v4SPD16_eabi.lib : copy_zero_init.obj (.text:decompress:ZI)
                  00003596    0000000c     tm4c123gh6pm_startup_ccs.obj (.text)
                  000035a2    0000000a     driverlib.lib : ssi.obj (.text:SSIDataPut)
                  000035ac    0000000a                   : ssi.obj (.text:SSIEnable)
                  000035b6    0000000a                   : uart.obj (.text:UARTCharPut)
                  000035c0    0000000a                   : uart.obj (.text:UARTIntStatus)
                  000035ca    00000008                   : uart.obj (.text:UARTIntEnable)
                  000035d2    00000006                   : gpio.obj (.text:GPIOIntClear)
                  000035d8    00000006                   : gpio.obj (.text:GPIOPinRead)
                  000035de    00000006                   : gpio.obj (.text:GPIOPinWrite)
                  000035e4    00000006                   : sysctl.obj (.text:SysCtlDelay)
                  000035ea    00000004                   : uart.obj (.text:UARTIntClear)
                  000035ee    00000004     rtsv7M4_T_le_v4SPD16_eabi.lib : pre_init.obj (.text)

.const     0    000035f4    00000408     
                  000035f4    00000101     rtsv7M4_T_le_v4SPD16_eabi.lib : ctype.obj (.const:.string:_ctypes_)
                  000036f5    00000003     --HOLE-- [fill = 0]
                  000036f8    000000d8     driverlib.lib : gpio.obj (.const:g_ppui32GPIOIntMapSnowflake)
                  000037d0    000000c0                   : gpio.obj (.const:g_ppui32GPIOIntMapBlizzard)
                  00003890    00000090                   : gpio.obj (.const:g_pui32GPIOBaseAddrs)
                  00003920    00000070                   : interrupt.obj (.const)
                  00003990    0000006c                   : sysctl.obj (.const:g_pui32Xtals)

.cinit     0    00003a00    00000050     
                  00003a00    00000019     (.cinit..data.load) [load image, compression = lzss]
                  00003a19    00000003     --HOLE-- [fill = 0]
                  00003a1c    0000000c     (__TI_handler_table)
                  00003a28    00000008     (.cinit..bss.load) [load image, compression = zero_init]
                  00003a30    00000008     (.cinit..vtable.load) [load image, compression = zero_init]
                  00003a38    00000018     (__TI_cinit_table)

.init_array 
*          0    00000000    00000000     UNINITIALIZED

.vtable    0    20000000    0000026c     UNINITIALIZED
                  20000000    0000026c     driverlib.lib : interrupt.obj (.vtable)

.stack     0    2000026c    00000200     UNINITIALIZED
                  2000026c    00000200     --HOLE--

.bss       0    2000046c    000001e8     UNINITIALIZED
                  2000046c    00000100     (.common:TaskList)
                  2000056c    000000c0     (.common:TaskTimerList)
                  2000062c    00000020     (.common:SerialBuffer)
                  2000064c    00000004     (.common:serialOnCharReceived)
                  20000650    00000004     (.common:serialOnLineReceived)

.data      0    20000654    0000002d     UNINITIALIZED
                  20000654    0000000c     rtsv7M4_T_le_v4SPD16_eabi.lib : exit.obj (.data:$O1$$)
                  20000660    00000008                                   : _lock.obj (.data:$O1$$)
                  20000668    00000008     rf_cc2500.obj (.data)
                  20000670    00000008     sch.obj (.data)
                  20000678    00000004     rtsv7M4_T_le_v4SPD16_eabi.lib : errno.obj (.data)
                  2000067c    00000004                                   : stkdepth_vars.obj (.data)
                  20000680    00000001     ser.obj (.data)

MODULE SUMMARY

       Module                         code    ro data   rw data
       ------                         ----    -------   -------
    .\
       sch.obj                        1192    0         456    
       rf_cc2500.obj                  1144    0         8      
       tm4c123gh6pm_startup_ccs.obj   12      620       0      
       ser.obj                        572     0         41     
       main.obj                       452     0         0      
       led.obj                        72      0         0      
    +--+------------------------------+-------+---------+---------+
       Total:                         3444    620       505    
                                                               
    D:/ti/TivaWare_C_Series-2.1.4.178/driverlib/ccs/Debug/driverlib.lib
       gpio.obj                       706     552       0      
       interrupt.obj                  188     112       620    
       sysctl.obj                     630     108       0      
       uart.obj                       182     0         0      
       ssi.obj                        110     0         0      
       systick.obj                    84      0         0      
       cpu.obj                        24      0         0      
    +--+------------------------------+-------+---------+---------+
       Total:                         1924    772       620    
                                                               
    D:\ti\ccsv7\tools\compiler\ti-cgt-arm_16.9.4.LTS\lib\rtsv7M4_T_le_v4SPD16_eabi.lib
       _printfi.obj                   4414    0         0      
       ull_div_t2.obj                 500     0         0      
       fd_add_t2.obj                  438     0         0      
       fd_div_t2.obj                  310     0         0      
       fd_cmp_t2.obj                  268     0         0      
       ctype.obj                      0       257       0      
       fd_mul_t2.obj                  252     0         0      
       s_scalbn.obj                   252     0         0      
       memcpy_t2.obj                  156     0         0      
       memset_t2.obj                  122     0         0      
       autoinit.obj                   112     0         0      
       copy_decompress_lzss.obj       104     0         0      
       s_frexp.obj                    100     0         0      
       exit.obj                       84      0         12     
       sprintf.obj                    96      0         0      
       boot.obj                       84      0         0      
       ltoa.obj                       84      0         0      
       atoi.obj                       76      0         0      
       cpy_tbl.obj                    76      0         0      
       fd_toi_t2.obj                  72      0         0      
       i_tofd_t2.obj                  46      0         0      
       _lock.obj                      20      0         8      
       memccpy.obj                    28      0         0      
       args_main.obj                  24      0         0      
       strchr.obj                     22      0         0      
       s_copysign.obj                 20      0         0      
       strlen.obj                     20      0         0      
       copy_decompress_none.obj       14      0         0      
       copy_zero_init.obj             12      0         0      
       errno.obj                      0       0         4      
       pre_init.obj                   4       0         0      
       stkdepth_vars.obj              0       0         4      
       mpu_init.obj                   2       0         0      
       startup.obj                    2       0         0      
    +--+------------------------------+-------+---------+---------+
       Total:                         7814    257       28     
                                                               
       Stack:                         0       0         512    
       Linker Generated:              0       77        0      
    +--+------------------------------+-------+---------+---------+
       Grand Total:                   13182   1726      1665   


LINKER GENERATED COPY TABLES

__TI_cinit_table @ 00003a38 records: 3, size/record: 8, table size: 24
	.data: load addr=00003a00, load size=00000019 bytes, run addr=20000654, run size=0000002d bytes, compression=lzss
	.bss: load addr=00003a28, load size=00000008 bytes, run addr=2000046c, run size=000001e8 bytes, compression=zero_init
	.vtable: load addr=00003a30, load size=00000008 bytes, run addr=20000000, run size=0000026c bytes, compression=zero_init


LINKER GENERATED HANDLER TABLE

__TI_handler_table @ 00003a1c records: 3, size/record: 4, table size: 12
	index: 0, handler: __TI_zero_init
	index: 1, handler: __TI_decompress_lzss
	index: 2, handler: __TI_decompress_none


GLOBAL SYMBOLS: SORTED ALPHABETICALLY BY Name 

address   name                           
-------   ----                           
000013e5  AddTask                        
0000144d  AddTaskCond                    
0000155f  AddTaskIdle                    
000014b5  AddTaskTime                    
00002fb1  C$$EXIT                        
0000355b  CPUcpsid                       
00003567  CPUcpsie                       
0000335f  GPIODirModeSet                 
000035d3  GPIOIntClear                   
00003573  GPIOIntEnable                  
000033e1  GPIOIntRegister                
00002f05  GPIOIntTypeSet                 
000025ad  GPIOPadConfigSet               
000030f1  GPIOPinConfigure               
000035d9  GPIOPinRead                    
000034b9  GPIOPinTypeGPIOInput           
000033f9  GPIOPinTypeGPIOOutput          
000034cb  GPIOPinTypeSSI                 
000034dd  GPIOPinTypeUART                
000035df  GPIOPinWrite                   
000013b1  GetTaskState                   
0000315d  InitLed                        
00001a5f  InitRF                         
000015c5  InitScheduler                  
00001dfb  InitSerial                     
00001753  InitSysTick                    
00002d71  IntEnable                      
00003501  IntMasterDisable               
00003511  IntMasterEnable                
000032c9  IntRegister                    
00003139  LedToggle                      
00002235  Loop                           
00001863  RFChipSelectOff                
00001855  RFChipSelectOn                 
00001945  RFEnterRxMode                  
0000194f  RFEnterRxModeCS                
00001927  RFEnterTxMode                  
00001931  RFEnterTxModeCS                
00001959  RFFlushRx                      
0000193b  RFFlushTx                      
000018cd  RFReadRegister                 
000018e1  RFReadRegisterCS               
000019db  RFReceivePacket                
00001a2d  RFReceivePacketHandler         
000018f5  RFSendStrobe                   
00001907  RFSendStrobeCS                 
00001963  RFTransmitPacket               
00001871  RFWriteByte                    
0000188d  RFWriteRegister                
000018a9  RFWriteRegisterCS              
20000668  RF_packetReceived              
00003597  ResetISR                       
UNDEFED   SHT$$INIT_ARRAY$$Base          
UNDEFED   SHT$$INIT_ARRAY$$Limit         
00003255  SSIConfigSetExpClk             
0000357f  SSIDataGet                     
000034ef  SSIDataGetNonBlocking          
000035a3  SSIDataPut                     
000035ad  SSIEnable                      
2000062c  SerialBuffer                   
00001d55  SerialEndOfString              
00001e71  SerialInterruptHandler         
00001d77  SerialLengthOfString           
00002177  SerialOnCharReceived           
00002183  SerialOnLineReceived           
00001cdf  SerialPrint                    
00001d19  SerialPrintInt                 
00001d01  SerialPrintln                  
00001d37  SerialPrintlnInt               
00001d89  SerialStringToInt              
00001ccd  SerialWrite                    
000013c7  SetTaskState                   
000021fd  Setup                          
000026e1  SysCtlClockGet                 
000029e9  SysCtlClockSet                 
000035e5  SysCtlDelay                    
000032fd  SysCtlPeripheralEnable         
00003291  SysCtlPeripheralReady          
00003441  SysTickDisable                 
00003455  SysTickEnable                  
000033a9  SysTickIntRegister             
0000179d  SysTickInterruptHandler        
00003521  SysTickPeriodSet               
2000046c  TaskList                       
2000056c  TaskTimerList                  
00002119  Task_Idle_Exec                 
0000210f  Task_Idle_Init                 
00002101  Task_Millis_Exec               
000020fd  Task_Millis_Init               
00002127  Task_OnPacketReceived          
00003531  UARTCharGetNonBlocking         
000035b7  UARTCharPut                    
0000353f  UARTCharsAvail                 
000031c9  UARTConfigSetExpClk            
00003389  UARTDisable                    
00003469  UARTEnable                     
000035eb  UARTIntClear                   
000035cb  UARTIntEnable                  
000035c1  UARTIntStatus                  
000015d9  UpdateScheduler                
000013ad  VoidInit                       
2000046c  __STACK_END                    
00000200  __STACK_SIZE                   
2000046c  __STACK_TOP                    
00003a38  __TI_CINIT_Base                
00003a50  __TI_CINIT_Limit               
00003a1c  __TI_Handler_Table_Base        
00003a28  __TI_Handler_Table_Limit       
00002d01  __TI_auto_init                 
20000654  __TI_cleanup_ptr               
00002dd9  __TI_decompress_lzss           
0000354d  __TI_decompress_none           
20000658  __TI_dtors_ptr                 
2000065c  __TI_enable_exit_profile_output
ffffffff  __TI_pprof_out_hndl            
00000ab1  __TI_printfi                   
ffffffff  __TI_prof_data_size            
ffffffff  __TI_prof_data_start           
00000000  __TI_static_base__             
0000358b  __TI_zero_init                 
00002b79  __aeabi_cdcmpeq                
00002b79  __aeabi_cdcmple                
00002bff  __aeabi_cdrcmple               
00003181  __aeabi_d2iz                   
000022cb  __aeabi_dadd                   
00002477  __aeabi_ddiv                   
000027f1  __aeabi_dmul                   
000022c1  __aeabi_dsub                   
00003331  __aeabi_i2d                    
00002c85  __aeabi_memclr                 
00002c85  __aeabi_memclr4                
00002c85  __aeabi_memclr8                
00002add  __aeabi_memcpy                 
00002add  __aeabi_memcpy4                
00002add  __aeabi_memcpy8                
00002c87  __aeabi_memset                 
00002c87  __aeabi_memset4                
00002c87  __aeabi_memset8                
00001f09  __aeabi_uldivmod               
ffffffff  __binit__                      
ffffffff  __c_args__                     
000013ab  __mpu_init                     
2000026c  __stack                        
00003411  _args_main                     
00002f5d  _c_int00                       
000035f4  _ctypes_                       
20000660  _lock                          
0000348b  _nop                           
00003483  _register_lock                 
0000347d  _register_unlock               
000026df  _system_post_cinit             
000035ef  _system_pre_init               
20000664  _unlock                        
00002fb5  abort                          
00003059  atoi                           
ffffffff  binit                          
000030a5  copy_in                        
00003491  copysign                       
00003491  copysignl                      
2000066c  count                          
20000674  currentTime                    
20000678  errno                          
00002fbd  exit                           
00002e41  frexp                          
00002e41  frexpl                         
20000000  g_pfnRAMVectors                
00000000  g_pfnVectors                   
20000672  idle                           
000028ed  ldexp                          
000028ed  ldexpl                         
00003005  ltoa                           
0000223d  main                           
2000067c  main_func_sp                   
000033c5  memccpy                        
00002add  memcpy                         
00002c8d  memset                         
20000671  numOfTaskTimers                
20000670  numOfTasks                     
000028ed  scalbn                         
000028ed  scalbnl                        
20000680  serialBufferIndex              
2000064c  serialOnCharReceived           
20000650  serialOnLineReceived           
00002ea5  sprintf                        
00003429  strchr                         
000034a5  strlen                         


GLOBAL SYMBOLS: SORTED BY Symbol Address 

address   name                           
-------   ----                           
00000000  __TI_static_base__             
00000000  g_pfnVectors                   
00000200  __STACK_SIZE                   
00000ab1  __TI_printfi                   
000013ab  __mpu_init                     
000013ad  VoidInit                       
000013b1  GetTaskState                   
000013c7  SetTaskState                   
000013e5  AddTask                        
0000144d  AddTaskCond                    
000014b5  AddTaskTime                    
0000155f  AddTaskIdle                    
000015c5  InitScheduler                  
000015d9  UpdateScheduler                
00001753  InitSysTick                    
0000179d  SysTickInterruptHandler        
00001855  RFChipSelectOn                 
00001863  RFChipSelectOff                
00001871  RFWriteByte                    
0000188d  RFWriteRegister                
000018a9  RFWriteRegisterCS              
000018cd  RFReadRegister                 
000018e1  RFReadRegisterCS               
000018f5  RFSendStrobe                   
00001907  RFSendStrobeCS                 
00001927  RFEnterTxMode                  
00001931  RFEnterTxModeCS                
0000193b  RFFlushTx                      
00001945  RFEnterRxMode                  
0000194f  RFEnterRxModeCS                
00001959  RFFlushRx                      
00001963  RFTransmitPacket               
000019db  RFReceivePacket                
00001a2d  RFReceivePacketHandler         
00001a5f  InitRF                         
00001ccd  SerialWrite                    
00001cdf  SerialPrint                    
00001d01  SerialPrintln                  
00001d19  SerialPrintInt                 
00001d37  SerialPrintlnInt               
00001d55  SerialEndOfString              
00001d77  SerialLengthOfString           
00001d89  SerialStringToInt              
00001dfb  InitSerial                     
00001e71  SerialInterruptHandler         
00001f09  __aeabi_uldivmod               
000020fd  Task_Millis_Init               
00002101  Task_Millis_Exec               
0000210f  Task_Idle_Init                 
00002119  Task_Idle_Exec                 
00002127  Task_OnPacketReceived          
00002177  SerialOnCharReceived           
00002183  SerialOnLineReceived           
000021fd  Setup                          
00002235  Loop                           
0000223d  main                           
000022c1  __aeabi_dsub                   
000022cb  __aeabi_dadd                   
00002477  __aeabi_ddiv                   
000025ad  GPIOPadConfigSet               
000026df  _system_post_cinit             
000026e1  SysCtlClockGet                 
000027f1  __aeabi_dmul                   
000028ed  ldexp                          
000028ed  ldexpl                         
000028ed  scalbn                         
000028ed  scalbnl                        
000029e9  SysCtlClockSet                 
00002add  __aeabi_memcpy                 
00002add  __aeabi_memcpy4                
00002add  __aeabi_memcpy8                
00002add  memcpy                         
00002b79  __aeabi_cdcmpeq                
00002b79  __aeabi_cdcmple                
00002bff  __aeabi_cdrcmple               
00002c85  __aeabi_memclr                 
00002c85  __aeabi_memclr4                
00002c85  __aeabi_memclr8                
00002c87  __aeabi_memset                 
00002c87  __aeabi_memset4                
00002c87  __aeabi_memset8                
00002c8d  memset                         
00002d01  __TI_auto_init                 
00002d71  IntEnable                      
00002dd9  __TI_decompress_lzss           
00002e41  frexp                          
00002e41  frexpl                         
00002ea5  sprintf                        
00002f05  GPIOIntTypeSet                 
00002f5d  _c_int00                       
00002fb1  C$$EXIT                        
00002fb5  abort                          
00002fbd  exit                           
00003005  ltoa                           
00003059  atoi                           
000030a5  copy_in                        
000030f1  GPIOPinConfigure               
00003139  LedToggle                      
0000315d  InitLed                        
00003181  __aeabi_d2iz                   
000031c9  UARTConfigSetExpClk            
00003255  SSIConfigSetExpClk             
00003291  SysCtlPeripheralReady          
000032c9  IntRegister                    
000032fd  SysCtlPeripheralEnable         
00003331  __aeabi_i2d                    
0000335f  GPIODirModeSet                 
00003389  UARTDisable                    
000033a9  SysTickIntRegister             
000033c5  memccpy                        
000033e1  GPIOIntRegister                
000033f9  GPIOPinTypeGPIOOutput          
00003411  _args_main                     
00003429  strchr                         
00003441  SysTickDisable                 
00003455  SysTickEnable                  
00003469  UARTEnable                     
0000347d  _register_unlock               
00003483  _register_lock                 
0000348b  _nop                           
00003491  copysign                       
00003491  copysignl                      
000034a5  strlen                         
000034b9  GPIOPinTypeGPIOInput           
000034cb  GPIOPinTypeSSI                 
000034dd  GPIOPinTypeUART                
000034ef  SSIDataGetNonBlocking          
00003501  IntMasterDisable               
00003511  IntMasterEnable                
00003521  SysTickPeriodSet               
00003531  UARTCharGetNonBlocking         
0000353f  UARTCharsAvail                 
0000354d  __TI_decompress_none           
0000355b  CPUcpsid                       
00003567  CPUcpsie                       
00003573  GPIOIntEnable                  
0000357f  SSIDataGet                     
0000358b  __TI_zero_init                 
00003597  ResetISR                       
000035a3  SSIDataPut                     
000035ad  SSIEnable                      
000035b7  UARTCharPut                    
000035c1  UARTIntStatus                  
000035cb  UARTIntEnable                  
000035d3  GPIOIntClear                   
000035d9  GPIOPinRead                    
000035df  GPIOPinWrite                   
000035e5  SysCtlDelay                    
000035eb  UARTIntClear                   
000035ef  _system_pre_init               
000035f4  _ctypes_                       
00003a1c  __TI_Handler_Table_Base        
00003a28  __TI_Handler_Table_Limit       
00003a38  __TI_CINIT_Base                
00003a50  __TI_CINIT_Limit               
20000000  g_pfnRAMVectors                
2000026c  __stack                        
2000046c  TaskList                       
2000046c  __STACK_END                    
2000046c  __STACK_TOP                    
2000056c  TaskTimerList                  
2000062c  SerialBuffer                   
2000064c  serialOnCharReceived           
20000650  serialOnLineReceived           
20000654  __TI_cleanup_ptr               
20000658  __TI_dtors_ptr                 
2000065c  __TI_enable_exit_profile_output
20000660  _lock                          
20000664  _unlock                        
20000668  RF_packetReceived              
2000066c  count                          
20000670  numOfTasks                     
20000671  numOfTaskTimers                
20000672  idle                           
20000674  currentTime                    
20000678  errno                          
2000067c  main_func_sp                   
20000680  serialBufferIndex              
ffffffff  __TI_pprof_out_hndl            
ffffffff  __TI_prof_data_size            
ffffffff  __TI_prof_data_start           
ffffffff  __binit__                      
ffffffff  __c_args__                     
ffffffff  binit                          
UNDEFED   SHT$$INIT_ARRAY$$Base          
UNDEFED   SHT$$INIT_ARRAY$$Limit         

[186 symbols]
