******************************************************************************
                  TI ARM Linker PC v16.9.4                     
******************************************************************************
>> Linked Fri Jul 27 23:55:38 2018

OUTPUT FILE NAME:   <Avionics-Code.out>
ENTRY POINT SYMBOL: "_c_int00"  address: 000029e9


MEMORY CONFIGURATION

         name            origin    length      used     unused   attr    fill
----------------------  --------  ---------  --------  --------  ----  --------
  FLASH                 00000000   00040000  00003272  0003cd8e  R  X
  SRAM                  20000000   00008000  00000669  00007997  RW X


SEGMENT ALLOCATION MAP

run origin  load origin   length   init length attrs members
----------  ----------- ---------- ----------- ----- -------
00000000    00000000    00003278   00003278    r-x
  00000000    00000000    0000026c   0000026c    r-- .intvecs
  0000026c    0000026c    00002d46   00002d46    r-x .text
  00002fb4    00002fb4    00000270   00000270    r-- .const
  00003228    00003228    00000050   00000050    r-- .cinit
20000000    20000000    00000669   00000000    rw-
  20000000    20000000    0000026c   00000000    rw- .vtable
  2000026c    2000026c    00000200   00000000    rw- .stack
  2000046c    2000046c    000001d8   00000000    rw- .bss
  20000644    20000644    00000025   00000000    rw- .data


SECTION ALLOCATION MAP

 output                                  attributes/
section   page    origin      length       input sections
--------  ----  ----------  ----------   ----------------
.intvecs   0    00000000    0000026c     
                  00000000    0000026c     tm4c123gh6pm_startup_ccs.obj (.intvecs)

.text      0    0000026c    00002d46     
                  0000026c    0000113e     rtsv7M4_T_le_v4SPD16_eabi.lib : _printfi.obj (.text)
                  000013aa    00000002                                   : mpu_init.obj (.text)
                  000013ac    000003e8     sch.obj (.text)
                  00001794    000001f4     rtsv7M4_T_le_v4SPD16_eabi.lib : ull_div_t2.obj (.text)
                  00001988    000001e4     ser.obj (.text)
                  00001b6c    000001c8     rf_cc2500.obj (.text)
                  00001d34    000001b6     rtsv7M4_T_le_v4SPD16_eabi.lib : fd_add_t2.obj (.text)
                  00001eea    00000136                                   : fd_div_t2.obj (.text)
                  00002020    00000132     driverlib.lib : gpio.obj (.text:GPIOPadConfigSet)
                  00002152    00000002     rtsv7M4_T_le_v4SPD16_eabi.lib : startup.obj (.text)
                  00002154    00000110     driverlib.lib : sysctl.obj (.text:SysCtlClockGet)
                  00002264    000000fc     rtsv7M4_T_le_v4SPD16_eabi.lib : fd_mul_t2.obj (.text)
                  00002360    000000fc                                   : s_scalbn.obj (.text)
                  0000245c    000000f4     driverlib.lib : sysctl.obj (.text:SysCtlClockSet)
                  00002550    0000009c     rtsv7M4_T_le_v4SPD16_eabi.lib : memcpy_t2.obj (.text)
                  000025ec    00000086                                   : fd_cmp_t2.obj (.text:__aeabi_cdcmple)
                  00002672    00000086                                   : fd_cmp_t2.obj (.text:__aeabi_cdrcmple)
                  000026f8    0000007a                                   : memset_t2.obj (.text)
                  00002772    00000002     --HOLE-- [fill = 0]
                  00002774    00000070     main.obj (.text)
                  000027e4    00000070     rtsv7M4_T_le_v4SPD16_eabi.lib : autoinit.obj (.text)
                  00002854    00000068     driverlib.lib : interrupt.obj (.text:IntEnable)
                  000028bc    00000068     rtsv7M4_T_le_v4SPD16_eabi.lib : copy_decompress_lzss.obj (.text:decompress:lzss)
                  00002924    00000064                                   : s_frexp.obj (.text)
                  00002988    00000060                                   : sprintf.obj (.text)
                  000029e8    00000054                                   : boot.obj (.text)
                  00002a3c    00000054                                   : exit.obj (.text)
                  00002a90    00000054                                   : ltoa.obj (.text)
                  00002ae4    0000004c                                   : atoi.obj (.text)
                  00002b30    0000004c                                   : cpy_tbl.obj (.text)
                  00002b7c    00000048     driverlib.lib : gpio.obj (.text:GPIOPinConfigure)
                  00002bc4    00000048     rtsv7M4_T_le_v4SPD16_eabi.lib : fd_toi_t2.obj (.text)
                  00002c0c    00000046     driverlib.lib : uart.obj (.text:UARTConfigSetExpClk)
                  00002c52    0000003c                   : ssi.obj (.text:SSIConfigSetExpClk)
                  00002c8e    00000002     --HOLE-- [fill = 0]
                  00002c90    00000038                   : sysctl.obj (.text:SysCtlPeripheralReady)
                  00002cc8    00000034                   : interrupt.obj (.text:IntRegister)
                  00002cfc    00000034                   : sysctl.obj (.text:SysCtlPeripheralEnable)
                  00002d30    0000002e     rtsv7M4_T_le_v4SPD16_eabi.lib : i_tofd_t2.obj (.text)
                  00002d5e    0000002a     driverlib.lib : gpio.obj (.text:GPIODirModeSet)
                  00002d88    00000020                   : uart.obj (.text:UARTDisable)
                  00002da8    0000001c                   : systick.obj (.text:SysTickIntRegister)
                  00002dc4    0000001c     rtsv7M4_T_le_v4SPD16_eabi.lib : memccpy.obj (.text)
                  00002de0    00000018     driverlib.lib : gpio.obj (.text:GPIOPinTypeGPIOOutput)
                  00002df8    00000018     rtsv7M4_T_le_v4SPD16_eabi.lib : args_main.obj (.text)
                  00002e10    00000016                                   : strchr.obj (.text)
                  00002e26    00000002     --HOLE-- [fill = 0]
                  00002e28    00000014     driverlib.lib : systick.obj (.text:SysTickDisable)
                  00002e3c    00000014                   : systick.obj (.text:SysTickEnable)
                  00002e50    00000014                   : uart.obj (.text:UARTEnable)
                  00002e64    00000014     rtsv7M4_T_le_v4SPD16_eabi.lib : _lock.obj (.text)
                  00002e78    00000014                                   : s_copysign.obj (.text)
                  00002e8c    00000014                                   : strlen.obj (.text)
                  00002ea0    00000012     driverlib.lib : gpio.obj (.text:GPIOPinTypeSSI)
                  00002eb2    00000012                   : gpio.obj (.text:GPIOPinTypeUART)
                  00002ec4    00000012                   : ssi.obj (.text:SSIDataGetNonBlocking)
                  00002ed6    00000010                   : interrupt.obj (.text:IntMasterDisable)
                  00002ee6    00000010                   : interrupt.obj (.text:IntMasterEnable)
                  00002ef6    00000002     --HOLE-- [fill = 0]
                  00002ef8    00000010                   : systick.obj (.text:SysTickPeriodSet)
                  00002f08    0000000e                   : uart.obj (.text:UARTCharGetNonBlocking)
                  00002f16    0000000e                   : uart.obj (.text:UARTCharsAvail)
                  00002f24    0000000e     rtsv7M4_T_le_v4SPD16_eabi.lib : copy_decompress_none.obj (.text:decompress:none)
                  00002f32    0000000c     driverlib.lib : cpu.obj (.text:CPUcpsid)
                  00002f3e    0000000c                   : cpu.obj (.text:CPUcpsie)
                  00002f4a    0000000c                   : ssi.obj (.text:SSIDataGet)
                  00002f56    0000000c     rtsv7M4_T_le_v4SPD16_eabi.lib : copy_zero_init.obj (.text:decompress:ZI)
                  00002f62    0000000c     tm4c123gh6pm_startup_ccs.obj (.text)
                  00002f6e    0000000a     driverlib.lib : ssi.obj (.text:SSIDataPut)
                  00002f78    0000000a                   : ssi.obj (.text:SSIEnable)
                  00002f82    0000000a                   : uart.obj (.text:UARTCharPut)
                  00002f8c    0000000a                   : uart.obj (.text:UARTIntStatus)
                  00002f96    00000008                   : uart.obj (.text:UARTIntEnable)
                  00002f9e    00000006                   : gpio.obj (.text:GPIOPinWrite)
                  00002fa4    00000006                   : sysctl.obj (.text:SysCtlDelay)
                  00002faa    00000004                   : uart.obj (.text:UARTIntClear)
                  00002fae    00000004     rtsv7M4_T_le_v4SPD16_eabi.lib : pre_init.obj (.text)

.const     0    00002fb4    00000270     
                  00002fb4    00000101     rtsv7M4_T_le_v4SPD16_eabi.lib : ctype.obj (.const:.string:_ctypes_)
                  000030b5    00000003     --HOLE-- [fill = 0]
                  000030b8    00000090     driverlib.lib : gpio.obj (.const:g_pui32GPIOBaseAddrs)
                  00003148    00000070                   : interrupt.obj (.const)
                  000031b8    0000006c                   : sysctl.obj (.const:g_pui32Xtals)

.cinit     0    00003228    00000050     
                  00003228    00000017     (.cinit..data.load) [load image, compression = lzss]
                  0000323f    00000001     --HOLE-- [fill = 0]
                  00003240    0000000c     (__TI_handler_table)
                  0000324c    00000004     --HOLE-- [fill = 0]
                  00003250    00000008     (.cinit..bss.load) [load image, compression = zero_init]
                  00003258    00000008     (.cinit..vtable.load) [load image, compression = zero_init]
                  00003260    00000018     (__TI_cinit_table)

.init_array 
*          0    00000000    00000000     UNINITIALIZED

.vtable    0    20000000    0000026c     UNINITIALIZED
                  20000000    0000026c     driverlib.lib : interrupt.obj (.vtable)

.stack     0    2000026c    00000200     UNINITIALIZED
                  2000026c    00000200     --HOLE--

.bss       0    2000046c    000001d8     UNINITIALIZED
                  2000046c    00000100     (.common:TaskList)
                  2000056c    000000c0     (.common:TaskTimerList)
                  2000062c    00000010     (.common:SerialBuffer)
                  2000063c    00000004     (.common:serialOnCharReceived)
                  20000640    00000004     (.common:serialOnLineReceived)

.data      0    20000644    00000025     UNINITIALIZED
                  20000644    0000000c     rtsv7M4_T_le_v4SPD16_eabi.lib : exit.obj (.data:$O1$$)
                  20000650    00000008                                   : _lock.obj (.data:$O1$$)
                  20000658    00000008     sch.obj (.data)
                  20000660    00000004     rtsv7M4_T_le_v4SPD16_eabi.lib : errno.obj (.data)
                  20000664    00000004                                   : stkdepth_vars.obj (.data)
                  20000668    00000001     ser.obj (.data)

MODULE SUMMARY

       Module                         code    ro data   rw data
       ------                         ----    -------   -------
    .\
       sch.obj                        1000    0         456    
       tm4c123gh6pm_startup_ccs.obj   12      620       0      
       ser.obj                        484     0         25     
       rf_cc2500.obj                  456     0         0      
       main.obj                       112     0         0      
    +--+------------------------------+-------+---------+---------+
       Total:                         2064    620       481    
                                                               
    D:/ti/TivaWare_C_Series-2.1.4.178/driverlib/ccs/Debug/driverlib.lib
       interrupt.obj                  188     112       620    
       sysctl.obj                     630     108       0      
       gpio.obj                       486     144       0      
       uart.obj                       182     0         0      
       ssi.obj                        110     0         0      
       systick.obj                    84      0         0      
       cpu.obj                        24      0         0      
    +--+------------------------------+-------+---------+---------+
       Total:                         1704    364       620    
                                                               
    D:\ti\ccsv7\tools\compiler\ti-cgt-arm_16.9.4.LTS\lib\rtsv7M4_T_le_v4SPD16_eabi.lib
       _printfi.obj                   4414    0         0      
       ull_div_t2.obj                 500     0         0      
       fd_add_t2.obj                  438     0         0      
       fd_div_t2.obj                  310     0         0      
       fd_cmp_t2.obj                  268     0         0      
       ctype.obj                      0       257       0      
       fd_mul_t2.obj                  252     0         0      
       s_scalbn.obj                   252     0         0      
       memcpy_t2.obj                  156     0         0      
       memset_t2.obj                  122     0         0      
       autoinit.obj                   112     0         0      
       copy_decompress_lzss.obj       104     0         0      
       s_frexp.obj                    100     0         0      
       exit.obj                       84      0         12     
       sprintf.obj                    96      0         0      
       boot.obj                       84      0         0      
       ltoa.obj                       84      0         0      
       atoi.obj                       76      0         0      
       cpy_tbl.obj                    76      0         0      
       fd_toi_t2.obj                  72      0         0      
       i_tofd_t2.obj                  46      0         0      
       _lock.obj                      20      0         8      
       memccpy.obj                    28      0         0      
       args_main.obj                  24      0         0      
       strchr.obj                     22      0         0      
       s_copysign.obj                 20      0         0      
       strlen.obj                     20      0         0      
       copy_decompress_none.obj       14      0         0      
       copy_zero_init.obj             12      0         0      
       errno.obj                      0       0         4      
       pre_init.obj                   4       0         0      
       stkdepth_vars.obj              0       0         4      
       mpu_init.obj                   2       0         0      
       startup.obj                    2       0         0      
    +--+------------------------------+-------+---------+---------+
       Total:                         7814    257       28     
                                                               
       Stack:                         0       0         512    
       Linker Generated:              0       75        0      
    +--+------------------------------+-------+---------+---------+
       Grand Total:                   11582   1316      1641   


LINKER GENERATED COPY TABLES

__TI_cinit_table @ 00003260 records: 3, size/record: 8, table size: 24
	.data: load addr=00003228, load size=00000017 bytes, run addr=20000644, run size=00000025 bytes, compression=lzss
	.bss: load addr=00003250, load size=00000008 bytes, run addr=2000046c, run size=000001d8 bytes, compression=zero_init
	.vtable: load addr=00003258, load size=00000008 bytes, run addr=20000000, run size=0000026c bytes, compression=zero_init


LINKER GENERATED HANDLER TABLE

__TI_handler_table @ 00003240 records: 3, size/record: 4, table size: 12
	index: 0, handler: __TI_zero_init
	index: 1, handler: __TI_decompress_lzss
	index: 2, handler: __TI_decompress_none


GLOBAL SYMBOLS: SORTED ALPHABETICALLY BY Name 

address   name                           
-------   ----                           
000013e1  AddTask                        
00001449  AddTaskCond                    
000014b1  AddTaskTime                    
00002a3d  C$$EXIT                        
00002f33  CPUcpsid                       
00002f3f  CPUcpsie                       
00002d5f  GPIODirModeSet                 
00002021  GPIOPadConfigSet               
00002b7d  GPIOPinConfigure               
00002de1  GPIOPinTypeGPIOOutput          
00002ea1  GPIOPinTypeSSI                 
00002eb3  GPIOPinTypeUART                
00002f9f  GPIOPinWrite                   
000013ad  GetTaskState                   
00001c13  InitRFCC2500                   
0000155b  InitScheduler                  
00001a11  InitSerial                     
0000169d  InitSysTick                    
00002855  IntEnable                      
00002ed7  IntMasterDisable               
00002ee7  IntMasterEnable                
00002cc9  IntRegister                    
000027c1  Loop                           
00001b7b  RFCC2500ChipSelectOff          
00001b6d  RFCC2500ChipSelectOn           
00001bcd  RFCC2500ReadRegister           
00001bf3  RFCC2500SendStrobe             
00001b89  RFCC2500WriteByte              
00001ba5  RFCC2500WriteRegister          
00002f63  ResetISR                       
UNDEFED   SHT$$INIT_ARRAY$$Base          
UNDEFED   SHT$$INIT_ARRAY$$Limit         
00002c53  SSIConfigSetExpClk             
00002f4b  SSIDataGet                     
00002ec5  SSIDataGetNonBlocking          
00002f6f  SSIDataPut                     
00002f79  SSIEnable                      
2000062c  SerialBuffer                   
00001a87  SerialInterruptHandler         
0000278b  SerialOnCharReceived           
0000279b  SerialOnLineReceived           
0000199b  SerialPrint                    
000019d5  SerialPrintInt                 
000019bd  SerialPrintln                  
000019f3  SerialPrintlnInt               
00001989  SerialWrite                    
000013c3  SetTaskState                   
000027a7  Setup                          
00002155  SysCtlClockGet                 
0000245d  SysCtlClockSet                 
00002fa5  SysCtlDelay                    
00002cfd  SysCtlPeripheralEnable         
00002c91  SysCtlPeripheralReady          
00002e29  SysTickDisable                 
00002e3d  SysTickEnable                  
00002da9  SysTickIntRegister             
000016f5  SysTickInterruptHandler        
00002ef9  SysTickPeriodSet               
2000046c  TaskList                       
2000056c  TaskTimerList                  
00002779  Task_StatusUpdate_Exec         
00002775  Task_StatusUpdate_Init         
00002f09  UARTCharGetNonBlocking         
00002f83  UARTCharPut                    
00002f17  UARTCharsAvail                 
00002c0d  UARTConfigSetExpClk            
00002d89  UARTDisable                    
00002e51  UARTEnable                     
00002fab  UARTIntClear                   
00002f97  UARTIntEnable                  
00002f8d  UARTIntStatus                  
00001565  UpdateScheduler                
2000046c  __STACK_END                    
00000200  __STACK_SIZE                   
2000046c  __STACK_TOP                    
00003260  __TI_CINIT_Base                
00003278  __TI_CINIT_Limit               
00003240  __TI_Handler_Table_Base        
0000324c  __TI_Handler_Table_Limit       
000027e5  __TI_auto_init                 
20000644  __TI_cleanup_ptr               
000028bd  __TI_decompress_lzss           
00002f25  __TI_decompress_none           
20000648  __TI_dtors_ptr                 
2000064c  __TI_enable_exit_profile_output
ffffffff  __TI_pprof_out_hndl            
00000ab1  __TI_printfi                   
ffffffff  __TI_prof_data_size            
ffffffff  __TI_prof_data_start           
00000000  __TI_static_base__             
00002f57  __TI_zero_init                 
000025ed  __aeabi_cdcmpeq                
000025ed  __aeabi_cdcmple                
00002673  __aeabi_cdrcmple               
00002bc5  __aeabi_d2iz                   
00001d3f  __aeabi_dadd                   
00001eeb  __aeabi_ddiv                   
00002265  __aeabi_dmul                   
00001d35  __aeabi_dsub                   
00002d31  __aeabi_i2d                    
000026f9  __aeabi_memclr                 
000026f9  __aeabi_memclr4                
000026f9  __aeabi_memclr8                
00002551  __aeabi_memcpy                 
00002551  __aeabi_memcpy4                
00002551  __aeabi_memcpy8                
000026fb  __aeabi_memset                 
000026fb  __aeabi_memset4                
000026fb  __aeabi_memset8                
00001795  __aeabi_uldivmod               
ffffffff  __binit__                      
ffffffff  __c_args__                     
000013ab  __mpu_init                     
2000026c  __stack                        
00002df9  _args_main                     
000029e9  _c_int00                       
00002fb4  _ctypes_                       
20000650  _lock                          
00002e73  _nop                           
00002e6b  _register_lock                 
00002e65  _register_unlock               
00002153  _system_post_cinit             
00002faf  _system_pre_init               
20000654  _unlock                        
00002a41  abort                          
00002ae5  atoi                           
ffffffff  binit                          
00002b31  copy_in                        
00002e79  copysign                       
00002e79  copysignl                      
2000065c  currentTime                    
20000660  errno                          
00002a49  exit                           
00002925  frexp                          
00002925  frexpl                         
20000000  g_pfnRAMVectors                
00000000  g_pfnVectors                   
00002361  ldexp                          
00002361  ldexpl                         
00002a91  ltoa                           
000027c9  main                           
20000664  main_func_sp                   
00002dc5  memccpy                        
00002551  memcpy                         
00002701  memset                         
20000659  numOfTaskTimers                
20000658  numOfTasks                     
00002361  scalbn                         
00002361  scalbnl                        
20000668  serialBufferIndex              
2000063c  serialOnCharReceived           
20000640  serialOnLineReceived           
00002989  sprintf                        
00002e11  strchr                         
00002e8d  strlen                         


GLOBAL SYMBOLS: SORTED BY Symbol Address 

address   name                           
-------   ----                           
00000000  __TI_static_base__             
00000000  g_pfnVectors                   
00000200  __STACK_SIZE                   
00000ab1  __TI_printfi                   
000013ab  __mpu_init                     
000013ad  GetTaskState                   
000013c3  SetTaskState                   
000013e1  AddTask                        
00001449  AddTaskCond                    
000014b1  AddTaskTime                    
0000155b  InitScheduler                  
00001565  UpdateScheduler                
0000169d  InitSysTick                    
000016f5  SysTickInterruptHandler        
00001795  __aeabi_uldivmod               
00001989  SerialWrite                    
0000199b  SerialPrint                    
000019bd  SerialPrintln                  
000019d5  SerialPrintInt                 
000019f3  SerialPrintlnInt               
00001a11  InitSerial                     
00001a87  SerialInterruptHandler         
00001b6d  RFCC2500ChipSelectOn           
00001b7b  RFCC2500ChipSelectOff          
00001b89  RFCC2500WriteByte              
00001ba5  RFCC2500WriteRegister          
00001bcd  RFCC2500ReadRegister           
00001bf3  RFCC2500SendStrobe             
00001c13  InitRFCC2500                   
00001d35  __aeabi_dsub                   
00001d3f  __aeabi_dadd                   
00001eeb  __aeabi_ddiv                   
00002021  GPIOPadConfigSet               
00002153  _system_post_cinit             
00002155  SysCtlClockGet                 
00002265  __aeabi_dmul                   
00002361  ldexp                          
00002361  ldexpl                         
00002361  scalbn                         
00002361  scalbnl                        
0000245d  SysCtlClockSet                 
00002551  __aeabi_memcpy                 
00002551  __aeabi_memcpy4                
00002551  __aeabi_memcpy8                
00002551  memcpy                         
000025ed  __aeabi_cdcmpeq                
000025ed  __aeabi_cdcmple                
00002673  __aeabi_cdrcmple               
000026f9  __aeabi_memclr                 
000026f9  __aeabi_memclr4                
000026f9  __aeabi_memclr8                
000026fb  __aeabi_memset                 
000026fb  __aeabi_memset4                
000026fb  __aeabi_memset8                
00002701  memset                         
00002775  Task_StatusUpdate_Init         
00002779  Task_StatusUpdate_Exec         
0000278b  SerialOnCharReceived           
0000279b  SerialOnLineReceived           
000027a7  Setup                          
000027c1  Loop                           
000027c9  main                           
000027e5  __TI_auto_init                 
00002855  IntEnable                      
000028bd  __TI_decompress_lzss           
00002925  frexp                          
00002925  frexpl                         
00002989  sprintf                        
000029e9  _c_int00                       
00002a3d  C$$EXIT                        
00002a41  abort                          
00002a49  exit                           
00002a91  ltoa                           
00002ae5  atoi                           
00002b31  copy_in                        
00002b7d  GPIOPinConfigure               
00002bc5  __aeabi_d2iz                   
00002c0d  UARTConfigSetExpClk            
00002c53  SSIConfigSetExpClk             
00002c91  SysCtlPeripheralReady          
00002cc9  IntRegister                    
00002cfd  SysCtlPeripheralEnable         
00002d31  __aeabi_i2d                    
00002d5f  GPIODirModeSet                 
00002d89  UARTDisable                    
00002da9  SysTickIntRegister             
00002dc5  memccpy                        
00002de1  GPIOPinTypeGPIOOutput          
00002df9  _args_main                     
00002e11  strchr                         
00002e29  SysTickDisable                 
00002e3d  SysTickEnable                  
00002e51  UARTEnable                     
00002e65  _register_unlock               
00002e6b  _register_lock                 
00002e73  _nop                           
00002e79  copysign                       
00002e79  copysignl                      
00002e8d  strlen                         
00002ea1  GPIOPinTypeSSI                 
00002eb3  GPIOPinTypeUART                
00002ec5  SSIDataGetNonBlocking          
00002ed7  IntMasterDisable               
00002ee7  IntMasterEnable                
00002ef9  SysTickPeriodSet               
00002f09  UARTCharGetNonBlocking         
00002f17  UARTCharsAvail                 
00002f25  __TI_decompress_none           
00002f33  CPUcpsid                       
00002f3f  CPUcpsie                       
00002f4b  SSIDataGet                     
00002f57  __TI_zero_init                 
00002f63  ResetISR                       
00002f6f  SSIDataPut                     
00002f79  SSIEnable                      
00002f83  UARTCharPut                    
00002f8d  UARTIntStatus                  
00002f97  UARTIntEnable                  
00002f9f  GPIOPinWrite                   
00002fa5  SysCtlDelay                    
00002fab  UARTIntClear                   
00002faf  _system_pre_init               
00002fb4  _ctypes_                       
00003240  __TI_Handler_Table_Base        
0000324c  __TI_Handler_Table_Limit       
00003260  __TI_CINIT_Base                
00003278  __TI_CINIT_Limit               
20000000  g_pfnRAMVectors                
2000026c  __stack                        
2000046c  TaskList                       
2000046c  __STACK_END                    
2000046c  __STACK_TOP                    
2000056c  TaskTimerList                  
2000062c  SerialBuffer                   
2000063c  serialOnCharReceived           
20000640  serialOnLineReceived           
20000644  __TI_cleanup_ptr               
20000648  __TI_dtors_ptr                 
2000064c  __TI_enable_exit_profile_output
20000650  _lock                          
20000654  _unlock                        
20000658  numOfTasks                     
20000659  numOfTaskTimers                
2000065c  currentTime                    
20000660  errno                          
20000664  main_func_sp                   
20000668  serialBufferIndex              
ffffffff  __TI_pprof_out_hndl            
ffffffff  __TI_prof_data_size            
ffffffff  __TI_prof_data_start           
ffffffff  __binit__                      
ffffffff  __c_args__                     
ffffffff  binit                          
UNDEFED   SHT$$INIT_ARRAY$$Base          
UNDEFED   SHT$$INIT_ARRAY$$Limit         

[155 symbols]
