<?xml version="1.0"?>
<link_info>
   <banner>TI ARM Linker PC v16.9.4.LTS</banner>
   <copyright>Copyright (c) 1996-2017 Texas Instruments Incorporated</copyright>
   <link_time>0x5b68cf95</link_time>
   <link_errors>0x0</link_errors>
   <output_file>Avionics-Code.out</output_file>
   <entry_point>
      <name>_c_int00</name>
      <address>0x2f5d</address>
   </entry_point>
   <input_file_list>
      <input_file id="fl-2">
         <path>.\</path>
         <kind>object</kind>
         <file>led.obj</file>
         <name>led.obj</name>
      </input_file>
      <input_file id="fl-3">
         <path>.\</path>
         <kind>object</kind>
         <file>main.obj</file>
         <name>main.obj</name>
      </input_file>
      <input_file id="fl-4">
         <path>.\</path>
         <kind>object</kind>
         <file>rf_cc2500.obj</file>
         <name>rf_cc2500.obj</name>
      </input_file>
      <input_file id="fl-5">
         <path>.\</path>
         <kind>object</kind>
         <file>sch.obj</file>
         <name>sch.obj</name>
      </input_file>
      <input_file id="fl-6">
         <path>.\</path>
         <kind>object</kind>
         <file>ser.obj</file>
         <name>ser.obj</name>
      </input_file>
      <input_file id="fl-7">
         <path>.\</path>
         <kind>object</kind>
         <file>tm4c123gh6pm_startup_ccs.obj</file>
         <name>tm4c123gh6pm_startup_ccs.obj</name>
      </input_file>
      <input_file id="fl-c">
         <kind>object</kind>
         <file>&lt;internal&gt;</file>
         <name>&lt;internal&gt;</name>
      </input_file>
      <input_file id="fl-d">
         <path>D:\ti\TivaWare_C_Series-2.1.4.178\driverlib\ccs\Debug\</path>
         <kind>archive</kind>
         <file>driverlib.lib</file>
         <name>gpio.obj</name>
      </input_file>
      <input_file id="fl-e">
         <path>D:\ti\TivaWare_C_Series-2.1.4.178\driverlib\ccs\Debug\</path>
         <kind>archive</kind>
         <file>driverlib.lib</file>
         <name>interrupt.obj</name>
      </input_file>
      <input_file id="fl-f">
         <path>D:\ti\TivaWare_C_Series-2.1.4.178\driverlib\ccs\Debug\</path>
         <kind>archive</kind>
         <file>driverlib.lib</file>
         <name>ssi.obj</name>
      </input_file>
      <input_file id="fl-10">
         <path>D:\ti\TivaWare_C_Series-2.1.4.178\driverlib\ccs\Debug\</path>
         <kind>archive</kind>
         <file>driverlib.lib</file>
         <name>sysctl.obj</name>
      </input_file>
      <input_file id="fl-11">
         <path>D:\ti\TivaWare_C_Series-2.1.4.178\driverlib\ccs\Debug\</path>
         <kind>archive</kind>
         <file>driverlib.lib</file>
         <name>systick.obj</name>
      </input_file>
      <input_file id="fl-12">
         <path>D:\ti\TivaWare_C_Series-2.1.4.178\driverlib\ccs\Debug\</path>
         <kind>archive</kind>
         <file>driverlib.lib</file>
         <name>uart.obj</name>
      </input_file>
      <input_file id="fl-13">
         <path>D:\ti\TivaWare_C_Series-2.1.4.178\driverlib\ccs\Debug\</path>
         <kind>archive</kind>
         <file>driverlib.lib</file>
         <name>cpu.obj</name>
      </input_file>
      <input_file id="fl-c9">
         <path>D:\ti\ccsv7\tools\compiler\ti-cgt-arm_16.9.4.LTS\lib\</path>
         <kind>archive</kind>
         <file>rtsv7M4_T_le_v4SPD16_eabi.lib</file>
         <name>boot.obj</name>
      </input_file>
      <input_file id="fl-ca">
         <path>D:\ti\ccsv7\tools\compiler\ti-cgt-arm_16.9.4.LTS\lib\</path>
         <kind>archive</kind>
         <file>rtsv7M4_T_le_v4SPD16_eabi.lib</file>
         <name>copy_decompress_lzss.obj</name>
      </input_file>
      <input_file id="fl-cb">
         <path>D:\ti\ccsv7\tools\compiler\ti-cgt-arm_16.9.4.LTS\lib\</path>
         <kind>archive</kind>
         <file>rtsv7M4_T_le_v4SPD16_eabi.lib</file>
         <name>copy_decompress_none.obj</name>
      </input_file>
      <input_file id="fl-cc">
         <path>D:\ti\ccsv7\tools\compiler\ti-cgt-arm_16.9.4.LTS\lib\</path>
         <kind>archive</kind>
         <file>rtsv7M4_T_le_v4SPD16_eabi.lib</file>
         <name>copy_zero_init.obj</name>
      </input_file>
      <input_file id="fl-cd">
         <path>D:\ti\ccsv7\tools\compiler\ti-cgt-arm_16.9.4.LTS\lib\</path>
         <kind>archive</kind>
         <file>rtsv7M4_T_le_v4SPD16_eabi.lib</file>
         <name>exit.obj</name>
      </input_file>
      <input_file id="fl-ce">
         <path>D:\ti\ccsv7\tools\compiler\ti-cgt-arm_16.9.4.LTS\lib\</path>
         <kind>archive</kind>
         <file>rtsv7M4_T_le_v4SPD16_eabi.lib</file>
         <name>memcpy_t2.obj</name>
      </input_file>
      <input_file id="fl-cf">
         <path>D:\ti\ccsv7\tools\compiler\ti-cgt-arm_16.9.4.LTS\lib\</path>
         <kind>archive</kind>
         <file>rtsv7M4_T_le_v4SPD16_eabi.lib</file>
         <name>memset_t2.obj</name>
      </input_file>
      <input_file id="fl-d0">
         <path>D:\ti\ccsv7\tools\compiler\ti-cgt-arm_16.9.4.LTS\lib\</path>
         <kind>archive</kind>
         <file>rtsv7M4_T_le_v4SPD16_eabi.lib</file>
         <name>mpu_init.obj</name>
      </input_file>
      <input_file id="fl-d1">
         <path>D:\ti\ccsv7\tools\compiler\ti-cgt-arm_16.9.4.LTS\lib\</path>
         <kind>archive</kind>
         <file>rtsv7M4_T_le_v4SPD16_eabi.lib</file>
         <name>pre_init.obj</name>
      </input_file>
      <input_file id="fl-d2">
         <path>D:\ti\ccsv7\tools\compiler\ti-cgt-arm_16.9.4.LTS\lib\</path>
         <kind>archive</kind>
         <file>rtsv7M4_T_le_v4SPD16_eabi.lib</file>
         <name>sprintf.obj</name>
      </input_file>
      <input_file id="fl-d3">
         <path>D:\ti\ccsv7\tools\compiler\ti-cgt-arm_16.9.4.LTS\lib\</path>
         <kind>archive</kind>
         <file>rtsv7M4_T_le_v4SPD16_eabi.lib</file>
         <name>stkdepth_vars.obj</name>
      </input_file>
      <input_file id="fl-d4">
         <path>D:\ti\ccsv7\tools\compiler\ti-cgt-arm_16.9.4.LTS\lib\</path>
         <kind>archive</kind>
         <file>rtsv7M4_T_le_v4SPD16_eabi.lib</file>
         <name>_lock.obj</name>
      </input_file>
      <input_file id="fl-d5">
         <path>D:\ti\ccsv7\tools\compiler\ti-cgt-arm_16.9.4.LTS\lib\</path>
         <kind>archive</kind>
         <file>rtsv7M4_T_le_v4SPD16_eabi.lib</file>
         <name>_printfi.obj</name>
      </input_file>
      <input_file id="fl-d6">
         <path>D:\ti\ccsv7\tools\compiler\ti-cgt-arm_16.9.4.LTS\lib\</path>
         <kind>archive</kind>
         <file>rtsv7M4_T_le_v4SPD16_eabi.lib</file>
         <name>args_main.obj</name>
      </input_file>
      <input_file id="fl-d7">
         <path>D:\ti\ccsv7\tools\compiler\ti-cgt-arm_16.9.4.LTS\lib\</path>
         <kind>archive</kind>
         <file>rtsv7M4_T_le_v4SPD16_eabi.lib</file>
         <name>atoi.obj</name>
      </input_file>
      <input_file id="fl-d8">
         <path>D:\ti\ccsv7\tools\compiler\ti-cgt-arm_16.9.4.LTS\lib\</path>
         <kind>archive</kind>
         <file>rtsv7M4_T_le_v4SPD16_eabi.lib</file>
         <name>autoinit.obj</name>
      </input_file>
      <input_file id="fl-d9">
         <path>D:\ti\ccsv7\tools\compiler\ti-cgt-arm_16.9.4.LTS\lib\</path>
         <kind>archive</kind>
         <file>rtsv7M4_T_le_v4SPD16_eabi.lib</file>
         <name>cpy_tbl.obj</name>
      </input_file>
      <input_file id="fl-da">
         <path>D:\ti\ccsv7\tools\compiler\ti-cgt-arm_16.9.4.LTS\lib\</path>
         <kind>archive</kind>
         <file>rtsv7M4_T_le_v4SPD16_eabi.lib</file>
         <name>ctype.obj</name>
      </input_file>
      <input_file id="fl-db">
         <path>D:\ti\ccsv7\tools\compiler\ti-cgt-arm_16.9.4.LTS\lib\</path>
         <kind>archive</kind>
         <file>rtsv7M4_T_le_v4SPD16_eabi.lib</file>
         <name>fd_add_t2.obj</name>
      </input_file>
      <input_file id="fl-dc">
         <path>D:\ti\ccsv7\tools\compiler\ti-cgt-arm_16.9.4.LTS\lib\</path>
         <kind>archive</kind>
         <file>rtsv7M4_T_le_v4SPD16_eabi.lib</file>
         <name>fd_cmp_t2.obj</name>
      </input_file>
      <input_file id="fl-dd">
         <path>D:\ti\ccsv7\tools\compiler\ti-cgt-arm_16.9.4.LTS\lib\</path>
         <kind>archive</kind>
         <file>rtsv7M4_T_le_v4SPD16_eabi.lib</file>
         <name>fd_div_t2.obj</name>
      </input_file>
      <input_file id="fl-de">
         <path>D:\ti\ccsv7\tools\compiler\ti-cgt-arm_16.9.4.LTS\lib\</path>
         <kind>archive</kind>
         <file>rtsv7M4_T_le_v4SPD16_eabi.lib</file>
         <name>fd_mul_t2.obj</name>
      </input_file>
      <input_file id="fl-df">
         <path>D:\ti\ccsv7\tools\compiler\ti-cgt-arm_16.9.4.LTS\lib\</path>
         <kind>archive</kind>
         <file>rtsv7M4_T_le_v4SPD16_eabi.lib</file>
         <name>fd_toi_t2.obj</name>
      </input_file>
      <input_file id="fl-e0">
         <path>D:\ti\ccsv7\tools\compiler\ti-cgt-arm_16.9.4.LTS\lib\</path>
         <kind>archive</kind>
         <file>rtsv7M4_T_le_v4SPD16_eabi.lib</file>
         <name>i_tofd_t2.obj</name>
      </input_file>
      <input_file id="fl-e1">
         <path>D:\ti\ccsv7\tools\compiler\ti-cgt-arm_16.9.4.LTS\lib\</path>
         <kind>archive</kind>
         <file>rtsv7M4_T_le_v4SPD16_eabi.lib</file>
         <name>ltoa.obj</name>
      </input_file>
      <input_file id="fl-e2">
         <path>D:\ti\ccsv7\tools\compiler\ti-cgt-arm_16.9.4.LTS\lib\</path>
         <kind>archive</kind>
         <file>rtsv7M4_T_le_v4SPD16_eabi.lib</file>
         <name>memccpy.obj</name>
      </input_file>
      <input_file id="fl-e3">
         <path>D:\ti\ccsv7\tools\compiler\ti-cgt-arm_16.9.4.LTS\lib\</path>
         <kind>archive</kind>
         <file>rtsv7M4_T_le_v4SPD16_eabi.lib</file>
         <name>s_frexp.obj</name>
      </input_file>
      <input_file id="fl-e4">
         <path>D:\ti\ccsv7\tools\compiler\ti-cgt-arm_16.9.4.LTS\lib\</path>
         <kind>archive</kind>
         <file>rtsv7M4_T_le_v4SPD16_eabi.lib</file>
         <name>s_scalbn.obj</name>
      </input_file>
      <input_file id="fl-e5">
         <path>D:\ti\ccsv7\tools\compiler\ti-cgt-arm_16.9.4.LTS\lib\</path>
         <kind>archive</kind>
         <file>rtsv7M4_T_le_v4SPD16_eabi.lib</file>
         <name>startup.obj</name>
      </input_file>
      <input_file id="fl-e6">
         <path>D:\ti\ccsv7\tools\compiler\ti-cgt-arm_16.9.4.LTS\lib\</path>
         <kind>archive</kind>
         <file>rtsv7M4_T_le_v4SPD16_eabi.lib</file>
         <name>strchr.obj</name>
      </input_file>
      <input_file id="fl-e7">
         <path>D:\ti\ccsv7\tools\compiler\ti-cgt-arm_16.9.4.LTS\lib\</path>
         <kind>archive</kind>
         <file>rtsv7M4_T_le_v4SPD16_eabi.lib</file>
         <name>strlen.obj</name>
      </input_file>
      <input_file id="fl-e8">
         <path>D:\ti\ccsv7\tools\compiler\ti-cgt-arm_16.9.4.LTS\lib\</path>
         <kind>archive</kind>
         <file>rtsv7M4_T_le_v4SPD16_eabi.lib</file>
         <name>ull_div_t2.obj</name>
      </input_file>
      <input_file id="fl-e9">
         <path>D:\ti\ccsv7\tools\compiler\ti-cgt-arm_16.9.4.LTS\lib\</path>
         <kind>archive</kind>
         <file>rtsv7M4_T_le_v4SPD16_eabi.lib</file>
         <name>errno.obj</name>
      </input_file>
      <input_file id="fl-ea">
         <path>D:\ti\ccsv7\tools\compiler\ti-cgt-arm_16.9.4.LTS\lib\</path>
         <kind>archive</kind>
         <file>rtsv7M4_T_le_v4SPD16_eabi.lib</file>
         <name>s_copysign.obj</name>
      </input_file>
   </input_file_list>
   <object_component_list>
      <object_component id="oc-f">
         <name>.intvecs</name>
         <load_address>0x0</load_address>
         <run_address>0x0</run_address>
         <size>0x26c</size>
         <input_file_ref idref="fl-7"/>
      </object_component>
      <object_component id="oc-178">
         <name>.text</name>
         <load_address>0x26c</load_address>
         <run_address>0x26c</run_address>
         <size>0x113e</size>
         <input_file_ref idref="fl-d5"/>
      </object_component>
      <object_component id="oc-63">
         <name>.text</name>
         <load_address>0x13aa</load_address>
         <run_address>0x13aa</run_address>
         <size>0x2</size>
         <input_file_ref idref="fl-d0"/>
      </object_component>
      <object_component id="oc-31">
         <name>.text</name>
         <load_address>0x13ac</load_address>
         <run_address>0x13ac</run_address>
         <size>0x4a8</size>
         <input_file_ref idref="fl-5"/>
      </object_component>
      <object_component id="oc-1d0">
         <name>.text</name>
         <load_address>0x1854</load_address>
         <run_address>0x1854</run_address>
         <size>0x478</size>
         <input_file_ref idref="fl-4"/>
      </object_component>
      <object_component id="oc-37">
         <name>.text</name>
         <load_address>0x1ccc</load_address>
         <run_address>0x1ccc</run_address>
         <size>0x23c</size>
         <input_file_ref idref="fl-6"/>
      </object_component>
      <object_component id="oc-200">
         <name>.text</name>
         <load_address>0x1f08</load_address>
         <run_address>0x1f08</run_address>
         <size>0x1f4</size>
         <input_file_ref idref="fl-e8"/>
      </object_component>
      <object_component id="oc-141">
         <name>.text</name>
         <load_address>0x20fc</load_address>
         <run_address>0x20fc</run_address>
         <size>0x1c4</size>
         <input_file_ref idref="fl-3"/>
      </object_component>
      <object_component id="oc-22f">
         <name>.text</name>
         <load_address>0x22c0</load_address>
         <run_address>0x22c0</run_address>
         <size>0x1b6</size>
         <input_file_ref idref="fl-db"/>
      </object_component>
      <object_component id="oc-215">
         <name>.text</name>
         <load_address>0x2476</load_address>
         <run_address>0x2476</run_address>
         <size>0x136</size>
         <input_file_ref idref="fl-dd"/>
      </object_component>
      <object_component id="oc-193">
         <name>.text:GPIOPadConfigSet</name>
         <load_address>0x25ac</load_address>
         <run_address>0x25ac</run_address>
         <size>0x132</size>
         <input_file_ref idref="fl-d"/>
      </object_component>
      <object_component id="oc-139">
         <name>.text</name>
         <load_address>0x26de</load_address>
         <run_address>0x26de</run_address>
         <size>0x2</size>
         <input_file_ref idref="fl-e5"/>
      </object_component>
      <object_component id="oc-e0">
         <name>.text:SysCtlClockGet</name>
         <load_address>0x26e0</load_address>
         <run_address>0x26e0</run_address>
         <size>0x110</size>
         <input_file_ref idref="fl-10"/>
      </object_component>
      <object_component id="oc-210">
         <name>.text</name>
         <load_address>0x27f0</load_address>
         <run_address>0x27f0</run_address>
         <size>0xfc</size>
         <input_file_ref idref="fl-de"/>
      </object_component>
      <object_component id="oc-23a">
         <name>.text</name>
         <load_address>0x28ec</load_address>
         <run_address>0x28ec</run_address>
         <size>0xfc</size>
         <input_file_ref idref="fl-e4"/>
      </object_component>
      <object_component id="oc-1d6">
         <name>.text:SysCtlClockSet</name>
         <load_address>0x29e8</load_address>
         <run_address>0x29e8</run_address>
         <size>0xf4</size>
         <input_file_ref idref="fl-10"/>
      </object_component>
      <object_component id="oc-4b">
         <name>.text</name>
         <load_address>0x2adc</load_address>
         <run_address>0x2adc</run_address>
         <size>0x9c</size>
         <input_file_ref idref="fl-ce"/>
      </object_component>
      <object_component id="oc-20b">
         <name>.text:__aeabi_cdcmple</name>
         <load_address>0x2b78</load_address>
         <run_address>0x2b78</run_address>
         <size>0x86</size>
         <input_file_ref idref="fl-dc"/>
      </object_component>
      <object_component id="oc-21a">
         <name>.text:__aeabi_cdrcmple</name>
         <load_address>0x2bfe</load_address>
         <run_address>0x2bfe</run_address>
         <size>0x86</size>
         <input_file_ref idref="fl-dc"/>
      </object_component>
      <object_component id="oc-57">
         <name>.text</name>
         <load_address>0x2c84</load_address>
         <run_address>0x2c84</run_address>
         <size>0x7a</size>
         <input_file_ref idref="fl-cf"/>
      </object_component>
      <object_component id="oc-6f">
         <name>.text</name>
         <load_address>0x2d00</load_address>
         <run_address>0x2d00</run_address>
         <size>0x70</size>
         <input_file_ref idref="fl-d8"/>
      </object_component>
      <object_component id="oc-ec">
         <name>.text:IntEnable</name>
         <load_address>0x2d70</load_address>
         <run_address>0x2d70</run_address>
         <size>0x68</size>
         <input_file_ref idref="fl-e"/>
      </object_component>
      <object_component id="oc-12">
         <name>.text:decompress:lzss</name>
         <load_address>0x2dd8</load_address>
         <run_address>0x2dd8</run_address>
         <size>0x68</size>
         <input_file_ref idref="fl-ca"/>
      </object_component>
      <object_component id="oc-234">
         <name>.text</name>
         <load_address>0x2e40</load_address>
         <run_address>0x2e40</run_address>
         <size>0x64</size>
         <input_file_ref idref="fl-e3"/>
      </object_component>
      <object_component id="oc-c2">
         <name>.text</name>
         <load_address>0x2ea4</load_address>
         <run_address>0x2ea4</run_address>
         <size>0x60</size>
         <input_file_ref idref="fl-d2"/>
      </object_component>
      <object_component id="oc-2c3">
         <name>.text:GPIOIntTypeSet</name>
         <load_address>0x2f04</load_address>
         <run_address>0x2f04</run_address>
         <size>0x56</size>
         <input_file_ref idref="fl-d"/>
      </object_component>
      <object_component id="oc-24">
         <name>.text</name>
         <load_address>0x2f5c</load_address>
         <run_address>0x2f5c</run_address>
         <size>0x54</size>
         <input_file_ref idref="fl-c9"/>
      </object_component>
      <object_component id="oc-7b">
         <name>.text</name>
         <load_address>0x2fb0</load_address>
         <run_address>0x2fb0</run_address>
         <size>0x54</size>
         <input_file_ref idref="fl-cd"/>
      </object_component>
      <object_component id="oc-224">
         <name>.text</name>
         <load_address>0x3004</load_address>
         <run_address>0x3004</run_address>
         <size>0x54</size>
         <input_file_ref idref="fl-e1"/>
      </object_component>
      <object_component id="oc-246">
         <name>.text</name>
         <load_address>0x3058</load_address>
         <run_address>0x3058</run_address>
         <size>0x4c</size>
         <input_file_ref idref="fl-d7"/>
      </object_component>
      <object_component id="oc-133">
         <name>.text</name>
         <load_address>0x30a4</load_address>
         <run_address>0x30a4</run_address>
         <size>0x4c</size>
         <input_file_ref idref="fl-d9"/>
      </object_component>
      <object_component id="oc-d4">
         <name>.text:GPIOPinConfigure</name>
         <load_address>0x30f0</load_address>
         <run_address>0x30f0</run_address>
         <size>0x48</size>
         <input_file_ref idref="fl-d"/>
      </object_component>
      <object_component id="oc-1ca">
         <name>.text</name>
         <load_address>0x3138</load_address>
         <run_address>0x3138</run_address>
         <size>0x48</size>
         <input_file_ref idref="fl-2"/>
      </object_component>
      <object_component id="oc-21f">
         <name>.text</name>
         <load_address>0x3180</load_address>
         <run_address>0x3180</run_address>
         <size>0x48</size>
         <input_file_ref idref="fl-df"/>
      </object_component>
      <object_component id="oc-e6">
         <name>.text:UARTConfigSetExpClk</name>
         <load_address>0x31c8</load_address>
         <run_address>0x31c8</run_address>
         <size>0x46</size>
         <input_file_ref idref="fl-12"/>
      </object_component>
      <object_component id="oc-320">
         <name>.text:_GPIOIntNumberGet</name>
         <load_address>0x3210</load_address>
         <run_address>0x3210</run_address>
         <size>0x44</size>
         <input_file_ref idref="fl-d"/>
      </object_component>
      <object_component id="oc-2b1">
         <name>.text:SSIConfigSetExpClk</name>
         <load_address>0x3254</load_address>
         <run_address>0x3254</run_address>
         <size>0x3c</size>
         <input_file_ref idref="fl-f"/>
      </object_component>
      <object_component id="oc-ce">
         <name>.text:SysCtlPeripheralReady</name>
         <load_address>0x3290</load_address>
         <run_address>0x3290</run_address>
         <size>0x38</size>
         <input_file_ref idref="fl-10"/>
      </object_component>
      <object_component id="oc-167">
         <name>.text:IntRegister</name>
         <load_address>0x32c8</load_address>
         <run_address>0x32c8</run_address>
         <size>0x34</size>
         <input_file_ref idref="fl-e"/>
      </object_component>
      <object_component id="oc-c8">
         <name>.text:SysCtlPeripheralEnable</name>
         <load_address>0x32fc</load_address>
         <run_address>0x32fc</run_address>
         <size>0x34</size>
         <input_file_ref idref="fl-10"/>
      </object_component>
      <object_component id="oc-22a">
         <name>.text</name>
         <load_address>0x3330</load_address>
         <run_address>0x3330</run_address>
         <size>0x2e</size>
         <input_file_ref idref="fl-e0"/>
      </object_component>
      <object_component id="oc-18d">
         <name>.text:GPIODirModeSet</name>
         <load_address>0x335e</load_address>
         <run_address>0x335e</run_address>
         <size>0x2a</size>
         <input_file_ref idref="fl-d"/>
      </object_component>
      <object_component id="oc-19e">
         <name>.text:UARTDisable</name>
         <load_address>0x3388</load_address>
         <run_address>0x3388</run_address>
         <size>0x20</size>
         <input_file_ref idref="fl-12"/>
      </object_component>
      <object_component id="oc-9e">
         <name>.text:SysTickIntRegister</name>
         <load_address>0x33a8</load_address>
         <run_address>0x33a8</run_address>
         <size>0x1c</size>
         <input_file_ref idref="fl-11"/>
      </object_component>
      <object_component id="oc-24c">
         <name>.text</name>
         <load_address>0x33c4</load_address>
         <run_address>0x33c4</run_address>
         <size>0x1c</size>
         <input_file_ref idref="fl-e2"/>
      </object_component>
      <object_component id="oc-2bd">
         <name>.text:GPIOIntRegister</name>
         <load_address>0x33e0</load_address>
         <run_address>0x33e0</run_address>
         <size>0x18</size>
         <input_file_ref idref="fl-d"/>
      </object_component>
      <object_component id="oc-292">
         <name>.text:GPIOPinTypeGPIOOutput</name>
         <load_address>0x33f8</load_address>
         <run_address>0x33f8</run_address>
         <size>0x18</size>
         <input_file_ref idref="fl-d"/>
      </object_component>
      <object_component id="oc-75">
         <name>.text</name>
         <load_address>0x3410</load_address>
         <run_address>0x3410</run_address>
         <size>0x18</size>
         <input_file_ref idref="fl-d6"/>
      </object_component>
      <object_component id="oc-240">
         <name>.text</name>
         <load_address>0x3428</load_address>
         <run_address>0x3428</run_address>
         <size>0x16</size>
         <input_file_ref idref="fl-e6"/>
      </object_component>
      <object_component id="oc-92">
         <name>.text:SysTickDisable</name>
         <load_address>0x3440</load_address>
         <run_address>0x3440</run_address>
         <size>0x14</size>
         <input_file_ref idref="fl-11"/>
      </object_component>
      <object_component id="oc-a4">
         <name>.text:SysTickEnable</name>
         <load_address>0x3454</load_address>
         <run_address>0x3454</run_address>
         <size>0x14</size>
         <input_file_ref idref="fl-11"/>
      </object_component>
      <object_component id="oc-1a4">
         <name>.text:UARTEnable</name>
         <load_address>0x3468</load_address>
         <run_address>0x3468</run_address>
         <size>0x14</size>
         <input_file_ref idref="fl-12"/>
      </object_component>
      <object_component id="oc-1ea">
         <name>.text</name>
         <load_address>0x347c</load_address>
         <run_address>0x347c</run_address>
         <size>0x14</size>
         <input_file_ref idref="fl-d4"/>
      </object_component>
      <object_component id="oc-2fb">
         <name>.text</name>
         <load_address>0x3490</load_address>
         <run_address>0x3490</run_address>
         <size>0x14</size>
         <input_file_ref idref="fl-ea"/>
      </object_component>
      <object_component id="oc-205">
         <name>.text</name>
         <load_address>0x34a4</load_address>
         <run_address>0x34a4</run_address>
         <size>0x14</size>
         <input_file_ref idref="fl-e7"/>
      </object_component>
      <object_component id="oc-2b7">
         <name>.text:GPIOPinTypeGPIOInput</name>
         <load_address>0x34b8</load_address>
         <run_address>0x34b8</run_address>
         <size>0x12</size>
         <input_file_ref idref="fl-d"/>
      </object_component>
      <object_component id="oc-2ab">
         <name>.text:GPIOPinTypeSSI</name>
         <load_address>0x34ca</load_address>
         <run_address>0x34ca</run_address>
         <size>0x12</size>
         <input_file_ref idref="fl-d"/>
      </object_component>
      <object_component id="oc-da">
         <name>.text:GPIOPinTypeUART</name>
         <load_address>0x34dc</load_address>
         <run_address>0x34dc</run_address>
         <size>0x12</size>
         <input_file_ref idref="fl-d"/>
      </object_component>
      <object_component id="oc-2d0">
         <name>.text:SSIDataGetNonBlocking</name>
         <load_address>0x34ee</load_address>
         <run_address>0x34ee</run_address>
         <size>0x12</size>
         <input_file_ref idref="fl-f"/>
      </object_component>
      <object_component id="oc-8c">
         <name>.text:IntMasterDisable</name>
         <load_address>0x3500</load_address>
         <run_address>0x3500</run_address>
         <size>0x10</size>
         <input_file_ref idref="fl-e"/>
      </object_component>
      <object_component id="oc-aa">
         <name>.text:IntMasterEnable</name>
         <load_address>0x3510</load_address>
         <run_address>0x3510</run_address>
         <size>0x10</size>
         <input_file_ref idref="fl-e"/>
      </object_component>
      <object_component id="oc-98">
         <name>.text:SysTickPeriodSet</name>
         <load_address>0x3520</load_address>
         <run_address>0x3520</run_address>
         <size>0x10</size>
         <input_file_ref idref="fl-11"/>
      </object_component>
      <object_component id="oc-104">
         <name>.text:UARTCharGetNonBlocking</name>
         <load_address>0x3530</load_address>
         <run_address>0x3530</run_address>
         <size>0xe</size>
         <input_file_ref idref="fl-12"/>
      </object_component>
      <object_component id="oc-10a">
         <name>.text:UARTCharsAvail</name>
         <load_address>0x353e</load_address>
         <run_address>0x353e</run_address>
         <size>0xe</size>
         <input_file_ref idref="fl-12"/>
      </object_component>
      <object_component id="oc-18">
         <name>.text:decompress:none</name>
         <load_address>0x354c</load_address>
         <run_address>0x354c</run_address>
         <size>0xe</size>
         <input_file_ref idref="fl-cb"/>
      </object_component>
      <object_component id="oc-15d">
         <name>.text:CPUcpsid</name>
         <load_address>0x355a</load_address>
         <run_address>0x355a</run_address>
         <size>0xc</size>
         <input_file_ref idref="fl-13"/>
      </object_component>
      <object_component id="oc-16f">
         <name>.text:CPUcpsie</name>
         <load_address>0x3566</load_address>
         <run_address>0x3566</run_address>
         <size>0xc</size>
         <input_file_ref idref="fl-13"/>
      </object_component>
      <object_component id="oc-2d6">
         <name>.text:GPIOIntEnable</name>
         <load_address>0x3572</load_address>
         <run_address>0x3572</run_address>
         <size>0xc</size>
         <input_file_ref idref="fl-d"/>
      </object_component>
      <object_component id="oc-29f">
         <name>.text:SSIDataGet</name>
         <load_address>0x357e</load_address>
         <run_address>0x357e</run_address>
         <size>0xc</size>
         <input_file_ref idref="fl-f"/>
      </object_component>
      <object_component id="oc-1e">
         <name>.text:decompress:ZI</name>
         <load_address>0x358a</load_address>
         <run_address>0x358a</run_address>
         <size>0xc</size>
         <input_file_ref idref="fl-cc"/>
      </object_component>
      <object_component id="oc-2b">
         <name>.text</name>
         <load_address>0x3596</load_address>
         <run_address>0x3596</run_address>
         <size>0xc</size>
         <input_file_ref idref="fl-7"/>
      </object_component>
      <object_component id="oc-299">
         <name>.text:SSIDataPut</name>
         <load_address>0x35a2</load_address>
         <run_address>0x35a2</run_address>
         <size>0xa</size>
         <input_file_ref idref="fl-f"/>
      </object_component>
      <object_component id="oc-2c9">
         <name>.text:SSIEnable</name>
         <load_address>0x35ac</load_address>
         <run_address>0x35ac</run_address>
         <size>0xa</size>
         <input_file_ref idref="fl-f"/>
      </object_component>
      <object_component id="oc-bc">
         <name>.text:UARTCharPut</name>
         <load_address>0x35b6</load_address>
         <run_address>0x35b6</run_address>
         <size>0xa</size>
         <input_file_ref idref="fl-12"/>
      </object_component>
      <object_component id="oc-f8">
         <name>.text:UARTIntStatus</name>
         <load_address>0x35c0</load_address>
         <run_address>0x35c0</run_address>
         <size>0xa</size>
         <input_file_ref idref="fl-12"/>
      </object_component>
      <object_component id="oc-f2">
         <name>.text:UARTIntEnable</name>
         <load_address>0x35ca</load_address>
         <run_address>0x35ca</run_address>
         <size>0x8</size>
         <input_file_ref idref="fl-12"/>
      </object_component>
      <object_component id="oc-2a5">
         <name>.text:GPIOIntClear</name>
         <load_address>0x35d2</load_address>
         <run_address>0x35d2</run_address>
         <size>0x6</size>
         <input_file_ref idref="fl-d"/>
      </object_component>
      <object_component id="oc-286">
         <name>.text:GPIOPinRead</name>
         <load_address>0x35d8</load_address>
         <run_address>0x35d8</run_address>
         <size>0x6</size>
         <input_file_ref idref="fl-d"/>
      </object_component>
      <object_component id="oc-28c">
         <name>.text:GPIOPinWrite</name>
         <load_address>0x35de</load_address>
         <run_address>0x35de</run_address>
         <size>0x6</size>
         <input_file_ref idref="fl-d"/>
      </object_component>
      <object_component id="oc-2cf">
         <name>.text:SysCtlDelay</name>
         <load_address>0x35e4</load_address>
         <run_address>0x35e4</run_address>
         <size>0x6</size>
         <input_file_ref idref="fl-10"/>
      </object_component>
      <object_component id="oc-fe">
         <name>.text:UARTIntClear</name>
         <load_address>0x35ea</load_address>
         <run_address>0x35ea</run_address>
         <size>0x4</size>
         <input_file_ref idref="fl-12"/>
      </object_component>
      <object_component id="oc-69">
         <name>.text</name>
         <load_address>0x35ee</load_address>
         <run_address>0x35ee</run_address>
         <size>0x4</size>
         <input_file_ref idref="fl-d1"/>
      </object_component>
      <object_component id="oc-308">
         <name>.const:.string:_ctypes_</name>
         <load_address>0x35f4</load_address>
         <run_address>0x35f4</run_address>
         <size>0x101</size>
         <input_file_ref idref="fl-da"/>
      </object_component>
      <object_component id="oc-346">
         <name>.const:g_ppui32GPIOIntMapSnowflake</name>
         <load_address>0x36f8</load_address>
         <run_address>0x36f8</run_address>
         <size>0xd8</size>
         <input_file_ref idref="fl-d"/>
      </object_component>
      <object_component id="oc-343">
         <name>.const:g_ppui32GPIOIntMapBlizzard</name>
         <load_address>0x37d0</load_address>
         <run_address>0x37d0</run_address>
         <size>0xc0</size>
         <input_file_ref idref="fl-d"/>
      </object_component>
      <object_component id="oc-188">
         <name>.const:g_pui32GPIOBaseAddrs</name>
         <load_address>0x3890</load_address>
         <run_address>0x3890</run_address>
         <size>0x90</size>
         <input_file_ref idref="fl-d"/>
      </object_component>
      <object_component id="oc-1ab">
         <name>.const</name>
         <load_address>0x3920</load_address>
         <run_address>0x3920</run_address>
         <size>0x70</size>
         <input_file_ref idref="fl-e"/>
      </object_component>
      <object_component id="oc-19a">
         <name>.const:g_pui32Xtals</name>
         <load_address>0x3990</load_address>
         <run_address>0x3990</run_address>
         <size>0x6c</size>
         <input_file_ref idref="fl-10"/>
      </object_component>
      <object_component id="oc-372">
         <name>.cinit..data.load</name>
         <load_address>0x3a00</load_address>
         <run_address>0x3a00</run_address>
         <size>0x19</size>
      </object_component>
      <object_component id="oc-36f">
         <name>__TI_handler_table</name>
         <load_address>0x3a1c</load_address>
         <run_address>0x3a1c</run_address>
         <size>0xc</size>
      </object_component>
      <object_component id="oc-373">
         <name>.cinit..bss.load</name>
         <load_address>0x3a28</load_address>
         <run_address>0x3a28</run_address>
         <size>0x8</size>
      </object_component>
      <object_component id="oc-371">
         <name>.cinit..vtable.load</name>
         <load_address>0x3a30</load_address>
         <run_address>0x3a30</run_address>
         <size>0x8</size>
      </object_component>
      <object_component id="oc-370">
         <name>__TI_cinit_table</name>
         <load_address>0x3a38</load_address>
         <run_address>0x3a38</run_address>
         <size>0x18</size>
      </object_component>
      <object_component id="oc-1f9">
         <name>.vtable</name>
         <uninitialized>true</uninitialized>
         <run_address>0x20000000</run_address>
         <size>0x26c</size>
         <input_file_ref idref="fl-e"/>
      </object_component>
      <object_component id="oc-1dc">
         <name>.data</name>
         <load_address>0x20000668</load_address>
         <run_address>0x20000668</run_address>
         <size>0x8</size>
         <input_file_ref idref="fl-4"/>
      </object_component>
      <object_component id="oc-86">
         <name>.data</name>
         <load_address>0x20000670</load_address>
         <run_address>0x20000670</run_address>
         <size>0x8</size>
         <input_file_ref idref="fl-5"/>
      </object_component>
      <object_component id="oc-115">
         <name>.data</name>
         <load_address>0x20000680</load_address>
         <run_address>0x20000680</run_address>
         <size>0x1</size>
         <input_file_ref idref="fl-6"/>
      </object_component>
      <object_component id="oc-149">
         <name>.data:$O1$$</name>
         <load_address>0x20000654</load_address>
         <run_address>0x20000654</run_address>
         <size>0xc</size>
         <input_file_ref idref="fl-cd"/>
      </object_component>
      <object_component id="oc-81">
         <name>.data</name>
         <load_address>0x2000067c</load_address>
         <run_address>0x2000067c</run_address>
         <size>0x4</size>
         <input_file_ref idref="fl-d3"/>
      </object_component>
      <object_component id="oc-14c">
         <name>.data:$O1$$</name>
         <load_address>0x20000660</load_address>
         <run_address>0x20000660</run_address>
         <size>0x8</size>
         <input_file_ref idref="fl-d4"/>
      </object_component>
      <object_component id="oc-301">
         <name>.data</name>
         <load_address>0x20000678</load_address>
         <run_address>0x20000678</run_address>
         <size>0x4</size>
         <input_file_ref idref="fl-e9"/>
      </object_component>
      <object_component id="oc-89">
         <name>.common:TaskList</name>
         <uninitialized>true</uninitialized>
         <run_address>0x2000046c</run_address>
         <size>0x100</size>
      </object_component>
      <object_component id="oc-b0">
         <name>.common:TaskTimerList</name>
         <uninitialized>true</uninitialized>
         <run_address>0x2000056c</run_address>
         <size>0xc0</size>
      </object_component>
      <object_component id="oc-114">
         <name>.common:SerialBuffer</name>
         <uninitialized>true</uninitialized>
         <run_address>0x2000062c</run_address>
         <size>0x20</size>
      </object_component>
      <object_component id="oc-110">
         <name>.common:serialOnCharReceived</name>
         <uninitialized>true</uninitialized>
         <run_address>0x2000064c</run_address>
         <size>0x4</size>
      </object_component>
      <object_component id="oc-113">
         <name>.common:serialOnLineReceived</name>
         <uninitialized>true</uninitialized>
         <run_address>0x20000650</run_address>
         <size>0x4</size>
      </object_component>
      <object_component id="oc-2a">
         <name>.stack</name>
         <uninitialized>true</uninitialized>
         <run_address>0x2000026c</run_address>
         <size>0x0</size>
         <input_file_ref idref="fl-c9"/>
      </object_component>
      <object_component id="oc-374">
         <name>.stack</name>
         <uninitialized>true</uninitialized>
         <run_address>0x2000026c</run_address>
         <size>0x0</size>
      </object_component>
      <object_component id="oc-1cb">
         <name>.debug_info</name>
         <load_address>0x0</load_address>
         <run_address>0x0</run_address>
         <size>0x1d0</size>
         <input_file_ref idref="fl-2"/>
      </object_component>
      <object_component id="oc-b7">
         <name>.debug_info</name>
         <load_address>0x1d0</load_address>
         <run_address>0x1d0</run_address>
         <size>0x8b</size>
         <input_file_ref idref="fl-2"/>
      </object_component>
      <object_component id="oc-b2">
         <name>.debug_info</name>
         <load_address>0x25b</load_address>
         <run_address>0x25b</run_address>
         <size>0x18b</size>
         <input_file_ref idref="fl-2"/>
      </object_component>
      <object_component id="oc-1e0">
         <name>.debug_info</name>
         <load_address>0x3e6</load_address>
         <run_address>0x3e6</run_address>
         <size>0x5f3</size>
         <input_file_ref idref="fl-3"/>
      </object_component>
      <object_component id="oc-145">
         <name>.debug_info</name>
         <load_address>0x9d9</load_address>
         <run_address>0x9d9</run_address>
         <size>0x722</size>
         <input_file_ref idref="fl-3"/>
      </object_component>
      <object_component id="oc-2dd">
         <name>.debug_info</name>
         <load_address>0x10fb</load_address>
         <run_address>0x10fb</run_address>
         <size>0x71e</size>
         <input_file_ref idref="fl-4"/>
      </object_component>
      <object_component id="oc-1dd">
         <name>.debug_info</name>
         <load_address>0x1819</load_address>
         <run_address>0x1819</run_address>
         <size>0x10d</size>
         <input_file_ref idref="fl-4"/>
      </object_component>
      <object_component id="oc-1d3">
         <name>.debug_info</name>
         <load_address>0x1926</load_address>
         <run_address>0x1926</run_address>
         <size>0x1219</size>
         <input_file_ref idref="fl-4"/>
      </object_component>
      <object_component id="oc-8a">
         <name>.debug_info</name>
         <load_address>0x2b3f</load_address>
         <run_address>0x2b3f</run_address>
         <size>0x402</size>
         <input_file_ref idref="fl-5"/>
      </object_component>
      <object_component id="oc-87">
         <name>.debug_info</name>
         <load_address>0x2f41</load_address>
         <run_address>0x2f41</run_address>
         <size>0x14e</size>
         <input_file_ref idref="fl-5"/>
      </object_component>
      <object_component id="oc-32">
         <name>.debug_info</name>
         <load_address>0x308f</load_address>
         <run_address>0x308f</run_address>
         <size>0x8db</size>
         <input_file_ref idref="fl-5"/>
      </object_component>
      <object_component id="oc-158">
         <name>.debug_info</name>
         <load_address>0x396a</load_address>
         <run_address>0x396a</run_address>
         <size>0xef</size>
         <input_file_ref idref="fl-5"/>
      </object_component>
      <object_component id="oc-111">
         <name>.debug_info</name>
         <load_address>0x3a59</load_address>
         <run_address>0x3a59</run_address>
         <size>0x691</size>
         <input_file_ref idref="fl-6"/>
      </object_component>
      <object_component id="oc-116">
         <name>.debug_info</name>
         <load_address>0x40ea</load_address>
         <run_address>0x40ea</run_address>
         <size>0xec</size>
         <input_file_ref idref="fl-6"/>
      </object_component>
      <object_component id="oc-3a">
         <name>.debug_info</name>
         <load_address>0x41d6</load_address>
         <run_address>0x41d6</run_address>
         <size>0x972</size>
         <input_file_ref idref="fl-6"/>
      </object_component>
      <object_component id="oc-180">
         <name>.debug_info</name>
         <load_address>0x4b48</load_address>
         <run_address>0x4b48</run_address>
         <size>0x4e</size>
         <input_file_ref idref="fl-6"/>
      </object_component>
      <object_component id="oc-3f">
         <name>.debug_info</name>
         <load_address>0x4b96</load_address>
         <run_address>0x4b96</run_address>
         <size>0x310</size>
         <input_file_ref idref="fl-7"/>
      </object_component>
      <object_component id="oc-10">
         <name>.debug_info</name>
         <load_address>0x4ea6</load_address>
         <run_address>0x4ea6</run_address>
         <size>0xf7</size>
         <input_file_ref idref="fl-7"/>
      </object_component>
      <object_component id="oc-2d">
         <name>.debug_info</name>
         <load_address>0x4f9d</load_address>
         <run_address>0x4f9d</run_address>
         <size>0x273</size>
         <input_file_ref idref="fl-7"/>
      </object_component>
      <object_component id="oc-46">
         <name>.debug_info</name>
         <load_address>0x5210</load_address>
         <run_address>0x5210</run_address>
         <size>0x84</size>
         <input_file_ref idref="fl-7"/>
      </object_component>
      <object_component id="oc-18c">
         <name>.debug_info</name>
         <load_address>0x5294</load_address>
         <run_address>0x5294</run_address>
         <size>0x240</size>
         <input_file_ref idref="fl-d"/>
      </object_component>
      <object_component id="oc-344">
         <name>.debug_info</name>
         <load_address>0x54d4</load_address>
         <run_address>0x54d4</run_address>
         <size>0x167</size>
         <input_file_ref idref="fl-d"/>
      </object_component>
      <object_component id="oc-347">
         <name>.debug_info</name>
         <load_address>0x563b</load_address>
         <run_address>0x563b</run_address>
         <size>0x169</size>
         <input_file_ref idref="fl-d"/>
      </object_component>
      <object_component id="oc-189">
         <name>.debug_info</name>
         <load_address>0x57a4</load_address>
         <run_address>0x57a4</run_address>
         <size>0x15b</size>
         <input_file_ref idref="fl-d"/>
      </object_component>
      <object_component id="oc-28d">
         <name>.debug_info</name>
         <load_address>0x58ff</load_address>
         <run_address>0x58ff</run_address>
         <size>0x2a3</size>
         <input_file_ref idref="fl-d"/>
      </object_component>
      <object_component id="oc-18e">
         <name>.debug_info</name>
         <load_address>0x5ba2</load_address>
         <run_address>0x5ba2</run_address>
         <size>0x2b3</size>
         <input_file_ref idref="fl-d"/>
      </object_component>
      <object_component id="oc-194">
         <name>.debug_info</name>
         <load_address>0x5e55</load_address>
         <run_address>0x5e55</run_address>
         <size>0x316</size>
         <input_file_ref idref="fl-d"/>
      </object_component>
      <object_component id="oc-db">
         <name>.debug_info</name>
         <load_address>0x616b</load_address>
         <run_address>0x616b</run_address>
         <size>0x27b</size>
         <input_file_ref idref="fl-d"/>
      </object_component>
      <object_component id="oc-2ac">
         <name>.debug_info</name>
         <load_address>0x63e6</load_address>
         <run_address>0x63e6</run_address>
         <size>0x279</size>
         <input_file_ref idref="fl-d"/>
      </object_component>
      <object_component id="oc-293">
         <name>.debug_info</name>
         <load_address>0x665f</load_address>
         <run_address>0x665f</run_address>
         <size>0x2b7</size>
         <input_file_ref idref="fl-d"/>
      </object_component>
      <object_component id="oc-2b8">
         <name>.debug_info</name>
         <load_address>0x6916</load_address>
         <run_address>0x6916</run_address>
         <size>0x285</size>
         <input_file_ref idref="fl-d"/>
      </object_component>
      <object_component id="oc-287">
         <name>.debug_info</name>
         <load_address>0x6b9b</load_address>
         <run_address>0x6b9b</run_address>
         <size>0x27b</size>
         <input_file_ref idref="fl-d"/>
      </object_component>
      <object_component id="oc-d5">
         <name>.debug_info</name>
         <load_address>0x6e16</load_address>
         <run_address>0x6e16</run_address>
         <size>0x280</size>
         <input_file_ref idref="fl-d"/>
      </object_component>
      <object_component id="oc-321">
         <name>.debug_info</name>
         <load_address>0x7096</load_address>
         <run_address>0x7096</run_address>
         <size>0x298</size>
         <input_file_ref idref="fl-d"/>
      </object_component>
      <object_component id="oc-2c4">
         <name>.debug_info</name>
         <load_address>0x732e</load_address>
         <run_address>0x732e</run_address>
         <size>0x2bb</size>
         <input_file_ref idref="fl-d"/>
      </object_component>
      <object_component id="oc-2be">
         <name>.debug_info</name>
         <load_address>0x75e9</load_address>
         <run_address>0x75e9</run_address>
         <size>0x2cf</size>
         <input_file_ref idref="fl-d"/>
      </object_component>
      <object_component id="oc-2d7">
         <name>.debug_info</name>
         <load_address>0x78b8</load_address>
         <run_address>0x78b8</run_address>
         <size>0x28f</size>
         <input_file_ref idref="fl-d"/>
      </object_component>
      <object_component id="oc-2a6">
         <name>.debug_info</name>
         <load_address>0x7b47</load_address>
         <run_address>0x7b47</run_address>
         <size>0x28d</size>
         <input_file_ref idref="fl-d"/>
      </object_component>
      <object_component id="oc-1af">
         <name>.debug_info</name>
         <load_address>0x7dd4</load_address>
         <run_address>0x7dd4</run_address>
         <size>0x20e</size>
         <input_file_ref idref="fl-e"/>
      </object_component>
      <object_component id="oc-1ac">
         <name>.debug_info</name>
         <load_address>0x7fe2</load_address>
         <run_address>0x7fe2</run_address>
         <size>0x210</size>
         <input_file_ref idref="fl-e"/>
      </object_component>
      <object_component id="oc-1fa">
         <name>.debug_info</name>
         <load_address>0x81f2</load_address>
         <run_address>0x81f2</run_address>
         <size>0x157</size>
         <input_file_ref idref="fl-e"/>
      </object_component>
      <object_component id="oc-169">
         <name>.debug_info</name>
         <load_address>0x8349</load_address>
         <run_address>0x8349</run_address>
         <size>0x2c1</size>
         <input_file_ref idref="fl-e"/>
      </object_component>
      <object_component id="oc-ac">
         <name>.debug_info</name>
         <load_address>0x860a</load_address>
         <run_address>0x860a</run_address>
         <size>0x23e</size>
         <input_file_ref idref="fl-e"/>
      </object_component>
      <object_component id="oc-8e">
         <name>.debug_info</name>
         <load_address>0x8848</load_address>
         <run_address>0x8848</run_address>
         <size>0x240</size>
         <input_file_ref idref="fl-e"/>
      </object_component>
      <object_component id="oc-ee">
         <name>.debug_info</name>
         <load_address>0x8a88</load_address>
         <run_address>0x8a88</run_address>
         <size>0x268</size>
         <input_file_ref idref="fl-e"/>
      </object_component>
      <object_component id="oc-31a">
         <name>.debug_info</name>
         <load_address>0x8cf0</load_address>
         <run_address>0x8cf0</run_address>
         <size>0x21c</size>
         <input_file_ref idref="fl-f"/>
      </object_component>
      <object_component id="oc-2cb">
         <name>.debug_info</name>
         <load_address>0x8f0c</load_address>
         <run_address>0x8f0c</run_address>
         <size>0x242</size>
         <input_file_ref idref="fl-f"/>
      </object_component>
      <object_component id="oc-29b">
         <name>.debug_info</name>
         <load_address>0x914e</load_address>
         <run_address>0x914e</run_address>
         <size>0x276</size>
         <input_file_ref idref="fl-f"/>
      </object_component>
      <object_component id="oc-2d2">
         <name>.debug_info</name>
         <load_address>0x93c4</load_address>
         <run_address>0x93c4</run_address>
         <size>0x29a</size>
         <input_file_ref idref="fl-f"/>
      </object_component>
      <object_component id="oc-2a1">
         <name>.debug_info</name>
         <load_address>0x965e</load_address>
         <run_address>0x965e</run_address>
         <size>0x27a</size>
         <input_file_ref idref="fl-f"/>
      </object_component>
      <object_component id="oc-2b3">
         <name>.debug_info</name>
         <load_address>0x98d8</load_address>
         <run_address>0x98d8</run_address>
         <size>0x3d9</size>
         <input_file_ref idref="fl-f"/>
      </object_component>
      <object_component id="oc-186">
         <name>.debug_info</name>
         <load_address>0x9cb1</load_address>
         <run_address>0x9cb1</run_address>
         <size>0x298</size>
         <input_file_ref idref="fl-10"/>
      </object_component>
      <object_component id="oc-19b">
         <name>.debug_info</name>
         <load_address>0x9f49</load_address>
         <run_address>0x9f49</run_address>
         <size>0x14d</size>
         <input_file_ref idref="fl-10"/>
      </object_component>
      <object_component id="oc-d0">
         <name>.debug_info</name>
         <load_address>0xa096</load_address>
         <run_address>0xa096</run_address>
         <size>0x27f</size>
         <input_file_ref idref="fl-10"/>
      </object_component>
      <object_component id="oc-ca">
         <name>.debug_info</name>
         <load_address>0xa315</load_address>
         <run_address>0xa315</run_address>
         <size>0x27d</size>
         <input_file_ref idref="fl-10"/>
      </object_component>
      <object_component id="oc-1d7">
         <name>.debug_info</name>
         <load_address>0xa592</load_address>
         <run_address>0xa592</run_address>
         <size>0x2db</size>
         <input_file_ref idref="fl-10"/>
      </object_component>
      <object_component id="oc-e1">
         <name>.debug_info</name>
         <load_address>0xa86d</load_address>
         <run_address>0xa86d</run_address>
         <size>0x2b5</size>
         <input_file_ref idref="fl-10"/>
      </object_component>
      <object_component id="oc-267">
         <name>.debug_info</name>
         <load_address>0xab22</load_address>
         <run_address>0xab22</run_address>
         <size>0x5f</size>
         <input_file_ref idref="fl-10"/>
      </object_component>
      <object_component id="oc-166">
         <name>.debug_info</name>
         <load_address>0xab81</load_address>
         <run_address>0xab81</run_address>
         <size>0x19d</size>
         <input_file_ref idref="fl-11"/>
      </object_component>
      <object_component id="oc-99">
         <name>.debug_info</name>
         <load_address>0xad1e</load_address>
         <run_address>0xad1e</run_address>
         <size>0x261</size>
         <input_file_ref idref="fl-11"/>
      </object_component>
      <object_component id="oc-9f">
         <name>.debug_info</name>
         <load_address>0xaf7f</load_address>
         <run_address>0xaf7f</run_address>
         <size>0x277</size>
         <input_file_ref idref="fl-11"/>
      </object_component>
      <object_component id="oc-a5">
         <name>.debug_info</name>
         <load_address>0xb1f6</load_address>
         <run_address>0xb1f6</run_address>
         <size>0x221</size>
         <input_file_ref idref="fl-11"/>
      </object_component>
      <object_component id="oc-93">
         <name>.debug_info</name>
         <load_address>0xb417</load_address>
         <run_address>0xb417</run_address>
         <size>0x223</size>
         <input_file_ref idref="fl-11"/>
      </object_component>
      <object_component id="oc-177">
         <name>.debug_info</name>
         <load_address>0xb63a</load_address>
         <run_address>0xb63a</run_address>
         <size>0x227</size>
         <input_file_ref idref="fl-12"/>
      </object_component>
      <object_component id="oc-f9">
         <name>.debug_info</name>
         <load_address>0xb861</load_address>
         <run_address>0xb861</run_address>
         <size>0x27f</size>
         <input_file_ref idref="fl-12"/>
      </object_component>
      <object_component id="oc-f3">
         <name>.debug_info</name>
         <load_address>0xbae0</load_address>
         <run_address>0xbae0</run_address>
         <size>0x28f</size>
         <input_file_ref idref="fl-12"/>
      </object_component>
      <object_component id="oc-ff">
         <name>.debug_info</name>
         <load_address>0xbd6f</load_address>
         <run_address>0xbd6f</run_address>
         <size>0x28d</size>
         <input_file_ref idref="fl-12"/>
      </object_component>
      <object_component id="oc-1a6">
         <name>.debug_info</name>
         <load_address>0xbffc</load_address>
         <run_address>0xbffc</run_address>
         <size>0x247</size>
         <input_file_ref idref="fl-12"/>
      </object_component>
      <object_component id="oc-1a0">
         <name>.debug_info</name>
         <load_address>0xc243</load_address>
         <run_address>0xc243</run_address>
         <size>0x249</size>
         <input_file_ref idref="fl-12"/>
      </object_component>
      <object_component id="oc-e8">
         <name>.debug_info</name>
         <load_address>0xc48c</load_address>
         <run_address>0xc48c</run_address>
         <size>0x326</size>
         <input_file_ref idref="fl-12"/>
      </object_component>
      <object_component id="oc-10c">
         <name>.debug_info</name>
         <load_address>0xc7b2</load_address>
         <run_address>0xc7b2</run_address>
         <size>0x253</size>
         <input_file_ref idref="fl-12"/>
      </object_component>
      <object_component id="oc-be">
         <name>.debug_info</name>
         <load_address>0xca05</load_address>
         <run_address>0xca05</run_address>
         <size>0x273</size>
         <input_file_ref idref="fl-12"/>
      </object_component>
      <object_component id="oc-106">
         <name>.debug_info</name>
         <load_address>0xcc78</load_address>
         <run_address>0xcc78</run_address>
         <size>0x263</size>
         <input_file_ref idref="fl-12"/>
      </object_component>
      <object_component id="oc-170">
         <name>.debug_info</name>
         <load_address>0xcedb</load_address>
         <run_address>0xcedb</run_address>
         <size>0x212</size>
         <input_file_ref idref="fl-13"/>
      </object_component>
      <object_component id="oc-15e">
         <name>.debug_info</name>
         <load_address>0xd0ed</load_address>
         <run_address>0xd0ed</run_address>
         <size>0x20f</size>
         <input_file_ref idref="fl-13"/>
      </object_component>
      <object_component id="oc-25">
         <name>.debug_info</name>
         <load_address>0xd2fc</load_address>
         <run_address>0xd2fc</run_address>
         <size>0x160</size>
         <input_file_ref idref="fl-c9"/>
      </object_component>
      <object_component id="oc-120">
         <name>.debug_info</name>
         <load_address>0xd45c</load_address>
         <run_address>0xd45c</run_address>
         <size>0x293</size>
         <input_file_ref idref="fl-ca"/>
      </object_component>
      <object_component id="oc-14">
         <name>.debug_info</name>
         <load_address>0xd6ef</load_address>
         <run_address>0xd6ef</run_address>
         <size>0x245</size>
         <input_file_ref idref="fl-ca"/>
      </object_component>
      <object_component id="oc-41">
         <name>.debug_info</name>
         <load_address>0xd934</load_address>
         <run_address>0xd934</run_address>
         <size>0x60</size>
         <input_file_ref idref="fl-ca"/>
      </object_component>
      <object_component id="oc-11b">
         <name>.debug_info</name>
         <load_address>0xd994</load_address>
         <run_address>0xd994</run_address>
         <size>0x46</size>
         <input_file_ref idref="fl-ca"/>
      </object_component>
      <object_component id="oc-56">
         <name>.debug_info</name>
         <load_address>0xd9da</load_address>
         <run_address>0xd9da</run_address>
         <size>0x2da</size>
         <input_file_ref idref="fl-cb"/>
      </object_component>
      <object_component id="oc-19">
         <name>.debug_info</name>
         <load_address>0xdcb4</load_address>
         <run_address>0xdcb4</run_address>
         <size>0x1df</size>
         <input_file_ref idref="fl-cb"/>
      </object_component>
      <object_component id="oc-51">
         <name>.debug_info</name>
         <load_address>0xde93</load_address>
         <run_address>0xde93</run_address>
         <size>0x46</size>
         <input_file_ref idref="fl-cb"/>
      </object_component>
      <object_component id="oc-122">
         <name>.debug_info</name>
         <load_address>0xded9</load_address>
         <run_address>0xded9</run_address>
         <size>0x2c</size>
         <input_file_ref idref="fl-cb"/>
      </object_component>
      <object_component id="oc-62">
         <name>.debug_info</name>
         <load_address>0xdf05</load_address>
         <run_address>0xdf05</run_address>
         <size>0x2c9</size>
         <input_file_ref idref="fl-cc"/>
      </object_component>
      <object_component id="oc-21">
         <name>.debug_info</name>
         <load_address>0xe1ce</load_address>
         <run_address>0xe1ce</run_address>
         <size>0x1aa</size>
         <input_file_ref idref="fl-cc"/>
      </object_component>
      <object_component id="oc-5d">
         <name>.debug_info</name>
         <load_address>0xe378</load_address>
         <run_address>0xe378</run_address>
         <size>0x46</size>
         <input_file_ref idref="fl-cc"/>
      </object_component>
      <object_component id="oc-12a">
         <name>.debug_info</name>
         <load_address>0xe3be</load_address>
         <run_address>0xe3be</run_address>
         <size>0x2c</size>
         <input_file_ref idref="fl-cc"/>
      </object_component>
      <object_component id="oc-150">
         <name>.debug_info</name>
         <load_address>0xe3ea</load_address>
         <run_address>0xe3ea</run_address>
         <size>0x3ce</size>
         <input_file_ref idref="fl-cd"/>
      </object_component>
      <object_component id="oc-14a">
         <name>.debug_info</name>
         <load_address>0xe7b8</load_address>
         <run_address>0xe7b8</run_address>
         <size>0x185</size>
         <input_file_ref idref="fl-cd"/>
      </object_component>
      <object_component id="oc-7e">
         <name>.debug_info</name>
         <load_address>0xe93d</load_address>
         <run_address>0xe93d</run_address>
         <size>0x214</size>
         <input_file_ref idref="fl-cd"/>
      </object_component>
      <object_component id="oc-4c">
         <name>.debug_info</name>
         <load_address>0xeb51</load_address>
         <run_address>0xeb51</run_address>
         <size>0x111</size>
         <input_file_ref idref="fl-ce"/>
      </object_component>
      <object_component id="oc-58">
         <name>.debug_info</name>
         <load_address>0xec62</load_address>
         <run_address>0xec62</run_address>
         <size>0x13f</size>
         <input_file_ref idref="fl-cf"/>
      </object_component>
      <object_component id="oc-66">
         <name>.debug_info</name>
         <load_address>0xeda1</load_address>
         <run_address>0xeda1</run_address>
         <size>0x138</size>
         <input_file_ref idref="fl-d0"/>
      </object_component>
      <object_component id="oc-6a">
         <name>.debug_info</name>
         <load_address>0xeed9</load_address>
         <run_address>0xeed9</run_address>
         <size>0x148</size>
         <input_file_ref idref="fl-d1"/>
      </object_component>
      <object_component id="oc-17f">
         <name>.debug_info</name>
         <load_address>0xf021</load_address>
         <run_address>0xf021</run_address>
         <size>0x355</size>
         <input_file_ref idref="fl-d2"/>
      </object_component>
      <object_component id="oc-c3">
         <name>.debug_info</name>
         <load_address>0xf376</load_address>
         <run_address>0xf376</run_address>
         <size>0x2e4</size>
         <input_file_ref idref="fl-d2"/>
      </object_component>
      <object_component id="oc-25e">
         <name>.debug_info</name>
         <load_address>0xf65a</load_address>
         <run_address>0xf65a</run_address>
         <size>0x2c</size>
         <input_file_ref idref="fl-d2"/>
      </object_component>
      <object_component id="oc-82">
         <name>.debug_info</name>
         <load_address>0xf686</load_address>
         <run_address>0xf686</run_address>
         <size>0x109</size>
         <input_file_ref idref="fl-d3"/>
      </object_component>
      <object_component id="oc-1f2">
         <name>.debug_info</name>
         <load_address>0xf78f</load_address>
         <run_address>0xf78f</run_address>
         <size>0x2be</size>
         <input_file_ref idref="fl-d4"/>
      </object_component>
      <object_component id="oc-14d">
         <name>.debug_info</name>
         <load_address>0xfa4d</load_address>
         <run_address>0xfa4d</run_address>
         <size>0x113</size>
         <input_file_ref idref="fl-d4"/>
      </object_component>
      <object_component id="oc-1eb">
         <name>.debug_info</name>
         <load_address>0xfb60</load_address>
         <run_address>0xfb60</run_address>
         <size>0x21f</size>
         <input_file_ref idref="fl-d4"/>
      </object_component>
      <object_component id="oc-253">
         <name>.debug_info</name>
         <load_address>0xfd7f</load_address>
         <run_address>0xfd7f</run_address>
         <size>0x51f</size>
         <input_file_ref idref="fl-d5"/>
      </object_component>
      <object_component id="oc-179">
         <name>.debug_info</name>
         <load_address>0x1029e</load_address>
         <run_address>0x1029e</run_address>
         <size>0x1543</size>
         <input_file_ref idref="fl-d5"/>
      </object_component>
      <object_component id="oc-254">
         <name>.debug_info</name>
         <load_address>0x117e1</load_address>
         <run_address>0x117e1</run_address>
         <size>0x86</size>
         <input_file_ref idref="fl-d5"/>
      </object_component>
      <object_component id="oc-311">
         <name>.debug_info</name>
         <load_address>0x11867</load_address>
         <run_address>0x11867</run_address>
         <size>0x46</size>
         <input_file_ref idref="fl-d5"/>
      </object_component>
      <object_component id="oc-259">
         <name>.debug_info</name>
         <load_address>0x118ad</load_address>
         <run_address>0x118ad</run_address>
         <size>0x39</size>
         <input_file_ref idref="fl-d5"/>
      </object_component>
      <object_component id="oc-148">
         <name>.debug_info</name>
         <load_address>0x118e6</load_address>
         <run_address>0x118e6</run_address>
         <size>0x300</size>
         <input_file_ref idref="fl-d6"/>
      </object_component>
      <object_component id="oc-76">
         <name>.debug_info</name>
         <load_address>0x11be6</load_address>
         <run_address>0x11be6</run_address>
         <size>0x167</size>
         <input_file_ref idref="fl-d6"/>
      </object_component>
      <object_component id="oc-1e3">
         <name>.debug_info</name>
         <load_address>0x11d4d</load_address>
         <run_address>0x11d4d</run_address>
         <size>0x5e</size>
         <input_file_ref idref="fl-d6"/>
      </object_component>
      <object_component id="oc-30c">
         <name>.debug_info</name>
         <load_address>0x11dab</load_address>
         <run_address>0x11dab</run_address>
         <size>0x2ae</size>
         <input_file_ref idref="fl-d7"/>
      </object_component>
      <object_component id="oc-248">
         <name>.debug_info</name>
         <load_address>0x12059</load_address>
         <run_address>0x12059</run_address>
         <size>0x171</size>
         <input_file_ref idref="fl-d7"/>
      </object_component>
      <object_component id="oc-140">
         <name>.debug_info</name>
         <load_address>0x121ca</load_address>
         <run_address>0x121ca</run_address>
         <size>0x483</size>
         <input_file_ref idref="fl-d8"/>
      </object_component>
      <object_component id="oc-71">
         <name>.debug_info</name>
         <load_address>0x1264d</load_address>
         <run_address>0x1264d</run_address>
         <size>0x190</size>
         <input_file_ref idref="fl-d8"/>
      </object_component>
      <object_component id="oc-1c0">
         <name>.debug_info</name>
         <load_address>0x127dd</load_address>
         <run_address>0x127dd</run_address>
         <size>0x39</size>
         <input_file_ref idref="fl-d8"/>
      </object_component>
      <object_component id="oc-281">
         <name>.debug_info</name>
         <load_address>0x12816</load_address>
         <run_address>0x12816</run_address>
         <size>0x39</size>
         <input_file_ref idref="fl-d8"/>
      </object_component>
      <object_component id="oc-1c5">
         <name>.debug_info</name>
         <load_address>0x1284f</load_address>
         <run_address>0x1284f</run_address>
         <size>0xcd</size>
         <input_file_ref idref="fl-d8"/>
      </object_component>
      <object_component id="oc-1bc">
         <name>.debug_info</name>
         <load_address>0x1291c</load_address>
         <run_address>0x1291c</run_address>
         <size>0x37a</size>
         <input_file_ref idref="fl-d9"/>
      </object_component>
      <object_component id="oc-135">
         <name>.debug_info</name>
         <load_address>0x12c96</load_address>
         <run_address>0x12c96</run_address>
         <size>0x183</size>
         <input_file_ref idref="fl-d9"/>
      </object_component>
      <object_component id="oc-27c">
         <name>.debug_info</name>
         <load_address>0x12e19</load_address>
         <run_address>0x12e19</run_address>
         <size>0x2c</size>
         <input_file_ref idref="fl-d9"/>
      </object_component>
      <object_component id="oc-33c">
         <name>.debug_info</name>
         <load_address>0x12e45</load_address>
         <run_address>0x12e45</run_address>
         <size>0xee</size>
         <input_file_ref idref="fl-da"/>
      </object_component>
      <object_component id="oc-309">
         <name>.debug_info</name>
         <load_address>0x12f33</load_address>
         <run_address>0x12f33</run_address>
         <size>0xfa</size>
         <input_file_ref idref="fl-da"/>
      </object_component>
      <object_component id="oc-230">
         <name>.debug_info</name>
         <load_address>0x1302d</load_address>
         <run_address>0x1302d</run_address>
         <size>0x144</size>
         <input_file_ref idref="fl-db"/>
      </object_component>
      <object_component id="oc-20e">
         <name>.debug_info</name>
         <load_address>0x13171</load_address>
         <run_address>0x13171</run_address>
         <size>0x120</size>
         <input_file_ref idref="fl-dc"/>
      </object_component>
      <object_component id="oc-21b">
         <name>.debug_info</name>
         <load_address>0x13291</load_address>
         <run_address>0x13291</run_address>
         <size>0x122</size>
         <input_file_ref idref="fl-dc"/>
      </object_component>
      <object_component id="oc-217">
         <name>.debug_info</name>
         <load_address>0x133b3</load_address>
         <run_address>0x133b3</run_address>
         <size>0x132</size>
         <input_file_ref idref="fl-dd"/>
      </object_component>
      <object_component id="oc-211">
         <name>.debug_info</name>
         <load_address>0x134e5</load_address>
         <run_address>0x134e5</run_address>
         <size>0x132</size>
         <input_file_ref idref="fl-de"/>
      </object_component>
      <object_component id="oc-222">
         <name>.debug_info</name>
         <load_address>0x13617</load_address>
         <run_address>0x13617</run_address>
         <size>0x126</size>
         <input_file_ref idref="fl-df"/>
      </object_component>
      <object_component id="oc-22d">
         <name>.debug_info</name>
         <load_address>0x1373d</load_address>
         <run_address>0x1373d</run_address>
         <size>0x124</size>
         <input_file_ref idref="fl-e0"/>
      </object_component>
      <object_component id="oc-2f1">
         <name>.debug_info</name>
         <load_address>0x13861</load_address>
         <run_address>0x13861</run_address>
         <size>0x2e6</size>
         <input_file_ref idref="fl-e1"/>
      </object_component>
      <object_component id="oc-225">
         <name>.debug_info</name>
         <load_address>0x13b47</load_address>
         <run_address>0x13b47</run_address>
         <size>0x1c2</size>
         <input_file_ref idref="fl-e1"/>
      </object_component>
      <object_component id="oc-30e">
         <name>.debug_info</name>
         <load_address>0x13d09</load_address>
         <run_address>0x13d09</run_address>
         <size>0x28b</size>
         <input_file_ref idref="fl-e2"/>
      </object_component>
      <object_component id="oc-24d">
         <name>.debug_info</name>
         <load_address>0x13f94</load_address>
         <run_address>0x13f94</run_address>
         <size>0x1ab</size>
         <input_file_ref idref="fl-e2"/>
      </object_component>
      <object_component id="oc-2f5">
         <name>.debug_info</name>
         <load_address>0x1413f</load_address>
         <run_address>0x1413f</run_address>
         <size>0x2d9</size>
         <input_file_ref idref="fl-e3"/>
      </object_component>
      <object_component id="oc-235">
         <name>.debug_info</name>
         <load_address>0x14418</load_address>
         <run_address>0x14418</run_address>
         <size>0x18a</size>
         <input_file_ref idref="fl-e3"/>
      </object_component>
      <object_component id="oc-2f6">
         <name>.debug_info</name>
         <load_address>0x145a2</load_address>
         <run_address>0x145a2</run_address>
         <size>0x2c</size>
         <input_file_ref idref="fl-e3"/>
      </object_component>
      <object_component id="oc-305">
         <name>.debug_info</name>
         <load_address>0x145ce</load_address>
         <run_address>0x145ce</run_address>
         <size>0x316</size>
         <input_file_ref idref="fl-e4"/>
      </object_component>
      <object_component id="oc-23d">
         <name>.debug_info</name>
         <load_address>0x148e4</load_address>
         <run_address>0x148e4</run_address>
         <size>0x1d5</size>
         <input_file_ref idref="fl-e4"/>
      </object_component>
      <object_component id="oc-13b">
         <name>.debug_info</name>
         <load_address>0x14ab9</load_address>
         <run_address>0x14ab9</run_address>
         <size>0x145</size>
         <input_file_ref idref="fl-e5"/>
      </object_component>
      <object_component id="oc-307">
         <name>.debug_info</name>
         <load_address>0x14bfe</load_address>
         <run_address>0x14bfe</run_address>
         <size>0x28f</size>
         <input_file_ref idref="fl-e6"/>
      </object_component>
      <object_component id="oc-241">
         <name>.debug_info</name>
         <load_address>0x14e8d</load_address>
         <run_address>0x14e8d</run_address>
         <size>0x244</size>
         <input_file_ref idref="fl-e6"/>
      </object_component>
      <object_component id="oc-2ea">
         <name>.debug_info</name>
         <load_address>0x150d1</load_address>
         <run_address>0x150d1</run_address>
         <size>0x284</size>
         <input_file_ref idref="fl-e7"/>
      </object_component>
      <object_component id="oc-207">
         <name>.debug_info</name>
         <load_address>0x15355</load_address>
         <run_address>0x15355</run_address>
         <size>0x22a</size>
         <input_file_ref idref="fl-e7"/>
      </object_component>
      <object_component id="oc-201">
         <name>.debug_info</name>
         <load_address>0x1557f</load_address>
         <run_address>0x1557f</run_address>
         <size>0x17d</size>
         <input_file_ref idref="fl-e8"/>
      </object_component>
      <object_component id="oc-302">
         <name>.debug_info</name>
         <load_address>0x156fc</load_address>
         <run_address>0x156fc</run_address>
         <size>0xf3</size>
         <input_file_ref idref="fl-e9"/>
      </object_component>
      <object_component id="oc-2fc">
         <name>.debug_info</name>
         <load_address>0x157ef</load_address>
         <run_address>0x157ef</run_address>
         <size>0x156</size>
         <input_file_ref idref="fl-ea"/>
      </object_component>
      <object_component id="oc-375">
         <name>.debug_info</name>
         <load_address>0x15945</load_address>
         <run_address>0x15945</run_address>
         <size>0xad</size>
      </object_component>
      <object_component id="oc-1ce">
         <name>.debug_line</name>
         <load_address>0x0</load_address>
         <run_address>0x0</run_address>
         <size>0x6b</size>
         <input_file_ref idref="fl-2"/>
      </object_component>
      <object_component id="oc-ba">
         <name>.debug_line</name>
         <load_address>0x6b</load_address>
         <run_address>0x6b</run_address>
         <size>0x20</size>
         <input_file_ref idref="fl-2"/>
      </object_component>
      <object_component id="oc-b5">
         <name>.debug_line</name>
         <load_address>0x8b</load_address>
         <run_address>0x8b</run_address>
         <size>0x65</size>
         <input_file_ref idref="fl-2"/>
      </object_component>
      <object_component id="oc-2e2">
         <name>.debug_line</name>
         <load_address>0xf0</load_address>
         <run_address>0xf0</run_address>
         <size>0x9b</size>
         <input_file_ref idref="fl-3"/>
      </object_component>
      <object_component id="oc-143">
         <name>.debug_line</name>
         <load_address>0x18b</load_address>
         <run_address>0x18b</run_address>
         <size>0x179</size>
         <input_file_ref idref="fl-3"/>
      </object_component>
      <object_component id="oc-32c">
         <name>.debug_line</name>
         <load_address>0x304</load_address>
         <run_address>0x304</run_address>
         <size>0xcf</size>
         <input_file_ref idref="fl-4"/>
      </object_component>
      <object_component id="oc-2e0">
         <name>.debug_line</name>
         <load_address>0x3d3</load_address>
         <run_address>0x3d3</run_address>
         <size>0x32</size>
         <input_file_ref idref="fl-4"/>
      </object_component>
      <object_component id="oc-1d2">
         <name>.debug_line</name>
         <load_address>0x405</load_address>
         <run_address>0x405</run_address>
         <size>0x2e7</size>
         <input_file_ref idref="fl-4"/>
      </object_component>
      <object_component id="oc-157">
         <name>.debug_line</name>
         <load_address>0x6ec</load_address>
         <run_address>0x6ec</run_address>
         <size>0xa0</size>
         <input_file_ref idref="fl-5"/>
      </object_component>
      <object_component id="oc-155">
         <name>.debug_line</name>
         <load_address>0x78c</load_address>
         <run_address>0x78c</run_address>
         <size>0x2c</size>
         <input_file_ref idref="fl-5"/>
      </object_component>
      <object_component id="oc-35">
         <name>.debug_line</name>
         <load_address>0x7b8</load_address>
         <run_address>0x7b8</run_address>
         <size>0x280</size>
         <input_file_ref idref="fl-5"/>
      </object_component>
      <object_component id="oc-15b">
         <name>.debug_line</name>
         <load_address>0xa38</load_address>
         <run_address>0xa38</run_address>
         <size>0x2c</size>
         <input_file_ref idref="fl-5"/>
      </object_component>
      <object_component id="oc-1b6">
         <name>.debug_line</name>
         <load_address>0xa64</load_address>
         <run_address>0xa64</run_address>
         <size>0x14f</size>
         <input_file_ref idref="fl-6"/>
      </object_component>
      <object_component id="oc-1b8">
         <name>.debug_line</name>
         <load_address>0xbb3</load_address>
         <run_address>0xbb3</run_address>
         <size>0x2c</size>
         <input_file_ref idref="fl-6"/>
      </object_component>
      <object_component id="oc-39">
         <name>.debug_line</name>
         <load_address>0xbdf</load_address>
         <run_address>0xbdf</run_address>
         <size>0x1eb</size>
         <input_file_ref idref="fl-6"/>
      </object_component>
      <object_component id="oc-183">
         <name>.debug_line</name>
         <load_address>0xdca</load_address>
         <run_address>0xdca</run_address>
         <size>0x65</size>
         <input_file_ref idref="fl-6"/>
      </object_component>
      <object_component id="oc-11a">
[...]
      </symbol>
      <symbol id="sm-140">
         <name>currentTime</name>
         <value>0x20000674</value>
         <object_component_ref idref="oc-86"/>
      </symbol>
      <symbol id="sm-141">
         <name>AddTaskCond</name>
         <value>0x144d</value>
         <object_component_ref idref="oc-31"/>
      </symbol>
      <symbol id="sm-142">
         <name>AddTask</name>
         <value>0x13e5</value>
         <object_component_ref idref="oc-31"/>
      </symbol>
      <symbol id="sm-143">
         <name>InitSysTick</name>
         <value>0x1753</value>
         <object_component_ref idref="oc-31"/>
      </symbol>
      <symbol id="sm-144">
         <name>SysTickInterruptHandler</name>
         <value>0x179d</value>
         <object_component_ref idref="oc-31"/>
      </symbol>
      <symbol id="sm-180">
         <name>SerialBuffer</name>
         <value>0x2000062c</value>
      </symbol>
      <symbol id="sm-181">
         <name>serialOnCharReceived</name>
         <value>0x2000064c</value>
      </symbol>
      <symbol id="sm-182">
         <name>serialOnLineReceived</name>
         <value>0x20000650</value>
      </symbol>
      <symbol id="sm-183">
         <name>SerialEndOfString</name>
         <value>0x1d55</value>
         <object_component_ref idref="oc-37"/>
      </symbol>
      <symbol id="sm-184">
         <name>SerialStringToInt</name>
         <value>0x1d89</value>
         <object_component_ref idref="oc-37"/>
      </symbol>
      <symbol id="sm-185">
         <name>SerialInterruptHandler</name>
         <value>0x1e71</value>
         <object_component_ref idref="oc-37"/>
      </symbol>
      <symbol id="sm-186">
         <name>SerialPrintln</name>
         <value>0x1d01</value>
         <object_component_ref idref="oc-37"/>
      </symbol>
      <symbol id="sm-187">
         <name>serialBufferIndex</name>
         <value>0x20000680</value>
         <object_component_ref idref="oc-115"/>
      </symbol>
      <symbol id="sm-188">
         <name>SerialPrint</name>
         <value>0x1cdf</value>
         <object_component_ref idref="oc-37"/>
      </symbol>
      <symbol id="sm-189">
         <name>SerialWrite</name>
         <value>0x1ccd</value>
         <object_component_ref idref="oc-37"/>
      </symbol>
      <symbol id="sm-18a">
         <name>SerialPrintInt</name>
         <value>0x1d19</value>
         <object_component_ref idref="oc-37"/>
      </symbol>
      <symbol id="sm-18b">
         <name>InitSerial</name>
         <value>0x1dfb</value>
         <object_component_ref idref="oc-37"/>
      </symbol>
      <symbol id="sm-18c">
         <name>SerialLengthOfString</name>
         <value>0x1d77</value>
         <object_component_ref idref="oc-37"/>
      </symbol>
      <symbol id="sm-18d">
         <name>SerialPrintlnInt</name>
         <value>0x1d37</value>
         <object_component_ref idref="oc-37"/>
      </symbol>
      <symbol id="sm-1ae">
         <name>ResetISR</name>
         <value>0x3597</value>
         <object_component_ref idref="oc-2b"/>
      </symbol>
      <symbol id="sm-1af">
         <name>g_pfnVectors</name>
         <value>0x0</value>
         <object_component_ref idref="oc-f"/>
      </symbol>
      <symbol id="sm-248">
         <name>GPIOIntRegister</name>
         <value>0x33e1</value>
         <object_component_ref idref="oc-2bd"/>
      </symbol>
      <symbol id="sm-249">
         <name>GPIOPinConfigure</name>
         <value>0x30f1</value>
         <object_component_ref idref="oc-d4"/>
      </symbol>
      <symbol id="sm-24a">
         <name>GPIOIntEnable</name>
         <value>0x3573</value>
         <object_component_ref idref="oc-2d6"/>
      </symbol>
      <symbol id="sm-24b">
         <name>GPIOIntTypeSet</name>
         <value>0x2f05</value>
         <object_component_ref idref="oc-2c3"/>
      </symbol>
      <symbol id="sm-24c">
         <name>GPIOPinTypeGPIOInput</name>
         <value>0x34b9</value>
         <object_component_ref idref="oc-2b7"/>
      </symbol>
      <symbol id="sm-24d">
         <name>GPIOIntClear</name>
         <value>0x35d3</value>
         <object_component_ref idref="oc-2a5"/>
      </symbol>
      <symbol id="sm-24e">
         <name>GPIOPinTypeUART</name>
         <value>0x34dd</value>
         <object_component_ref idref="oc-da"/>
      </symbol>
      <symbol id="sm-24f">
         <name>GPIOPinTypeGPIOOutput</name>
         <value>0x33f9</value>
         <object_component_ref idref="oc-292"/>
      </symbol>
      <symbol id="sm-250">
         <name>GPIOPinRead</name>
         <value>0x35d9</value>
         <object_component_ref idref="oc-286"/>
      </symbol>
      <symbol id="sm-251">
         <name>GPIODirModeSet</name>
         <value>0x335f</value>
         <object_component_ref idref="oc-18d"/>
      </symbol>
      <symbol id="sm-252">
         <name>GPIOPinWrite</name>
         <value>0x35df</value>
         <object_component_ref idref="oc-28c"/>
      </symbol>
      <symbol id="sm-253">
         <name>GPIOPadConfigSet</name>
         <value>0x25ad</value>
         <object_component_ref idref="oc-193"/>
      </symbol>
      <symbol id="sm-254">
         <name>GPIOPinTypeSSI</name>
         <value>0x34cb</value>
         <object_component_ref idref="oc-2ab"/>
      </symbol>
      <symbol id="sm-29f">
         <name>IntEnable</name>
         <value>0x2d71</value>
         <object_component_ref idref="oc-ec"/>
      </symbol>
      <symbol id="sm-2a0">
         <name>IntRegister</name>
         <value>0x32c9</value>
         <object_component_ref idref="oc-167"/>
      </symbol>
      <symbol id="sm-2a1">
         <name>IntMasterDisable</name>
         <value>0x3501</value>
         <object_component_ref idref="oc-8c"/>
      </symbol>
      <symbol id="sm-2a2">
         <name>g_pfnRAMVectors</name>
         <value>0x20000000</value>
         <object_component_ref idref="oc-1f9"/>
      </symbol>
      <symbol id="sm-2a3">
         <name>IntMasterEnable</name>
         <value>0x3511</value>
         <object_component_ref idref="oc-aa"/>
      </symbol>
      <symbol id="sm-2d4">
         <name>SSIDataPut</name>
         <value>0x35a3</value>
         <object_component_ref idref="oc-299"/>
      </symbol>
      <symbol id="sm-2d5">
         <name>SSIDataGet</name>
         <value>0x357f</value>
         <object_component_ref idref="oc-29f"/>
      </symbol>
      <symbol id="sm-2d6">
         <name>SSIDataGetNonBlocking</name>
         <value>0x34ef</value>
         <object_component_ref idref="oc-2d0"/>
      </symbol>
      <symbol id="sm-2d7">
         <name>SSIConfigSetExpClk</name>
         <value>0x3255</value>
         <object_component_ref idref="oc-2b1"/>
      </symbol>
      <symbol id="sm-2d8">
         <name>SSIEnable</name>
         <value>0x35ad</value>
         <object_component_ref idref="oc-2c9"/>
      </symbol>
      <symbol id="sm-335">
         <name>SysCtlClockSet</name>
         <value>0x29e9</value>
         <object_component_ref idref="oc-1d6"/>
      </symbol>
      <symbol id="sm-336">
         <name>SysCtlDelay</name>
         <value>0x35e5</value>
         <object_component_ref idref="oc-2cf"/>
      </symbol>
      <symbol id="sm-337">
         <name>SysCtlPeripheralEnable</name>
         <value>0x32fd</value>
         <object_component_ref idref="oc-c8"/>
      </symbol>
      <symbol id="sm-338">
         <name>SysCtlClockGet</name>
         <value>0x26e1</value>
         <object_component_ref idref="oc-e0"/>
      </symbol>
      <symbol id="sm-339">
         <name>SysCtlPeripheralReady</name>
         <value>0x3291</value>
         <object_component_ref idref="oc-ce"/>
      </symbol>
      <symbol id="sm-366">
         <name>SysTickEnable</name>
         <value>0x3455</value>
         <object_component_ref idref="oc-a4"/>
      </symbol>
      <symbol id="sm-367">
         <name>SysTickIntRegister</name>
         <value>0x33a9</value>
         <object_component_ref idref="oc-9e"/>
      </symbol>
      <symbol id="sm-368">
         <name>SysTickPeriodSet</name>
         <value>0x3521</value>
         <object_component_ref idref="oc-98"/>
      </symbol>
      <symbol id="sm-369">
         <name>SysTickDisable</name>
         <value>0x3441</value>
         <object_component_ref idref="oc-92"/>
      </symbol>
      <symbol id="sm-3bb">
         <name>UARTConfigSetExpClk</name>
         <value>0x31c9</value>
         <object_component_ref idref="oc-e6"/>
      </symbol>
      <symbol id="sm-3bc">
         <name>UARTDisable</name>
         <value>0x3389</value>
         <object_component_ref idref="oc-19e"/>
      </symbol>
      <symbol id="sm-3bd">
         <name>UARTIntEnable</name>
         <value>0x35cb</value>
         <object_component_ref idref="oc-f2"/>
      </symbol>
      <symbol id="sm-3be">
         <name>UARTCharsAvail</name>
         <value>0x353f</value>
         <object_component_ref idref="oc-10a"/>
      </symbol>
      <symbol id="sm-3bf">
         <name>UARTCharGetNonBlocking</name>
         <value>0x3531</value>
         <object_component_ref idref="oc-104"/>
      </symbol>
      <symbol id="sm-3c0">
         <name>UARTCharPut</name>
         <value>0x35b7</value>
         <object_component_ref idref="oc-bc"/>
      </symbol>
      <symbol id="sm-3c1">
         <name>UARTEnable</name>
         <value>0x3469</value>
         <object_component_ref idref="oc-1a4"/>
      </symbol>
      <symbol id="sm-3c2">
         <name>UARTIntClear</name>
         <value>0x35eb</value>
         <object_component_ref idref="oc-fe"/>
      </symbol>
      <symbol id="sm-3c3">
         <name>UARTIntStatus</name>
         <value>0x35c1</value>
         <object_component_ref idref="oc-f8"/>
      </symbol>
      <symbol id="sm-3d5">
         <name>CPUcpsie</name>
         <value>0x3567</value>
         <object_component_ref idref="oc-16f"/>
      </symbol>
      <symbol id="sm-3d6">
         <name>CPUcpsid</name>
         <value>0x355b</value>
         <object_component_ref idref="oc-15d"/>
      </symbol>
      <symbol id="sm-3e7">
         <name>_c_int00</name>
         <value>0x2f5d</value>
         <object_component_ref idref="oc-24"/>
      </symbol>
      <symbol id="sm-3e8">
         <name>__stack</name>
         <value>0x2000026c</value>
         <object_component_ref idref="oc-2a"/>
      </symbol>
      <symbol id="sm-406">
         <name>__TI_decompress_lzss</name>
         <value>0x2dd9</value>
         <object_component_ref idref="oc-12"/>
      </symbol>
      <symbol id="sm-41d">
         <name>__TI_decompress_none</name>
         <value>0x354d</value>
         <object_component_ref idref="oc-18"/>
      </symbol>
      <symbol id="sm-434">
         <name>__TI_zero_init</name>
         <value>0x358b</value>
         <object_component_ref idref="oc-1e"/>
      </symbol>
      <symbol id="sm-455">
         <name>C$$EXIT</name>
         <value>0x2fb1</value>
         <object_component_ref idref="oc-7b"/>
      </symbol>
      <symbol id="sm-456">
         <name>abort</name>
         <value>0x2fb5</value>
         <object_component_ref idref="oc-7b"/>
      </symbol>
      <symbol id="sm-457">
         <name>exit</name>
         <value>0x2fbd</value>
         <object_component_ref idref="oc-7b"/>
      </symbol>
      <symbol id="sm-458">
         <name>__TI_dtors_ptr</name>
         <value>0x20000658</value>
         <object_component_ref idref="oc-149"/>
      </symbol>
      <symbol id="sm-459">
         <name>__TI_cleanup_ptr</name>
         <value>0x20000654</value>
         <object_component_ref idref="oc-149"/>
      </symbol>
      <symbol id="sm-45a">
         <name>__TI_enable_exit_profile_output</name>
         <value>0x2000065c</value>
         <object_component_ref idref="oc-149"/>
      </symbol>
      <symbol id="sm-475">
         <name>memcpy</name>
         <value>0x2add</value>
         <object_component_ref idref="oc-4b"/>
      </symbol>
      <symbol id="sm-476">
         <name>__aeabi_memcpy</name>
         <value>0x2add</value>
         <object_component_ref idref="oc-4b"/>
      </symbol>
      <symbol id="sm-477">
         <name>__aeabi_memcpy8</name>
         <value>0x2add</value>
         <object_component_ref idref="oc-4b"/>
      </symbol>
      <symbol id="sm-478">
         <name>__aeabi_memcpy4</name>
         <value>0x2add</value>
         <object_component_ref idref="oc-4b"/>
      </symbol>
      <symbol id="sm-487">
         <name>__aeabi_memset</name>
         <value>0x2c87</value>
         <object_component_ref idref="oc-57"/>
      </symbol>
      <symbol id="sm-488">
         <name>memset</name>
         <value>0x2c8d</value>
         <object_component_ref idref="oc-57"/>
      </symbol>
      <symbol id="sm-489">
         <name>__aeabi_memset8</name>
         <value>0x2c87</value>
         <object_component_ref idref="oc-57"/>
      </symbol>
      <symbol id="sm-48a">
         <name>__aeabi_memset4</name>
         <value>0x2c87</value>
         <object_component_ref idref="oc-57"/>
      </symbol>
      <symbol id="sm-48b">
         <name>__aeabi_memclr8</name>
         <value>0x2c85</value>
         <object_component_ref idref="oc-57"/>
      </symbol>
      <symbol id="sm-48c">
         <name>__aeabi_memclr4</name>
         <value>0x2c85</value>
         <object_component_ref idref="oc-57"/>
      </symbol>
      <symbol id="sm-48d">
         <name>__aeabi_memclr</name>
         <value>0x2c85</value>
         <object_component_ref idref="oc-57"/>
      </symbol>
      <symbol id="sm-497">
         <name>__mpu_init</name>
         <value>0x13ab</value>
         <object_component_ref idref="oc-63"/>
      </symbol>
      <symbol id="sm-4a1">
         <name>_system_pre_init</name>
         <value>0x35ef</value>
         <object_component_ref idref="oc-69"/>
      </symbol>
      <symbol id="sm-4ba">
         <name>sprintf</name>
         <value>0x2ea5</value>
         <object_component_ref idref="oc-c2"/>
      </symbol>
      <symbol id="sm-4c2">
         <name>main_func_sp</name>
         <value>0x2000067c</value>
         <object_component_ref idref="oc-81"/>
      </symbol>
      <symbol id="sm-4db">
         <name>_nop</name>
         <value>0x348b</value>
         <object_component_ref idref="oc-1ea"/>
      </symbol>
      <symbol id="sm-4dc">
         <name>_lock</name>
         <value>0x20000660</value>
         <object_component_ref idref="oc-14c"/>
      </symbol>
      <symbol id="sm-4dd">
         <name>_unlock</name>
         <value>0x20000664</value>
         <object_component_ref idref="oc-14c"/>
      </symbol>
      <symbol id="sm-4de">
         <name>_register_lock</name>
         <value>0x3483</value>
         <object_component_ref idref="oc-1ea"/>
      </symbol>
      <symbol id="sm-4df">
         <name>_register_unlock</name>
         <value>0x347d</value>
         <object_component_ref idref="oc-1ea"/>
      </symbol>
      <symbol id="sm-5e0">
         <name>__TI_printfi</name>
         <value>0xab1</value>
         <object_component_ref idref="oc-178"/>
      </symbol>
      <symbol id="sm-5f4">
         <name>_args_main</name>
         <value>0x3411</value>
         <object_component_ref idref="oc-75"/>
      </symbol>
      <symbol id="sm-60a">
         <name>atoi</name>
         <value>0x3059</value>
         <object_component_ref idref="oc-246"/>
      </symbol>
      <symbol id="sm-634">
         <name>__TI_auto_init</name>
         <value>0x2d01</value>
         <object_component_ref idref="oc-6f"/>
      </symbol>
      <symbol id="sm-64e">
         <name>copy_in</name>
         <value>0x30a5</value>
         <object_component_ref idref="oc-133"/>
      </symbol>
      <symbol id="sm-659">
         <name>_ctypes_</name>
         <value>0x35f4</value>
         <object_component_ref idref="oc-308"/>
      </symbol>
      <symbol id="sm-670">
         <name>__aeabi_dsub</name>
         <value>0x22c1</value>
         <object_component_ref idref="oc-22f"/>
      </symbol>
      <symbol id="sm-671">
         <name>__aeabi_dadd</name>
         <value>0x22cb</value>
         <object_component_ref idref="oc-22f"/>
      </symbol>
      <symbol id="sm-693">
         <name>__aeabi_cdcmpeq</name>
         <value>0x2b79</value>
         <object_component_ref idref="oc-20b"/>
      </symbol>
      <symbol id="sm-694">
         <name>__aeabi_cdcmple</name>
         <value>0x2b79</value>
         <object_component_ref idref="oc-20b"/>
      </symbol>
      <symbol id="sm-695">
         <name>__aeabi_cdrcmple</name>
         <value>0x2bff</value>
         <object_component_ref idref="oc-21a"/>
      </symbol>
      <symbol id="sm-6a9">
         <name>__aeabi_ddiv</name>
         <value>0x2477</value>
         <object_component_ref idref="oc-215"/>
      </symbol>
      <symbol id="sm-6b4">
         <name>__aeabi_dmul</name>
         <value>0x27f1</value>
         <object_component_ref idref="oc-210"/>
      </symbol>
      <symbol id="sm-6be">
         <name>__aeabi_d2iz</name>
         <value>0x3181</value>
         <object_component_ref idref="oc-21f"/>
      </symbol>
      <symbol id="sm-6c8">
         <name>__aeabi_i2d</name>
         <value>0x3331</value>
         <object_component_ref idref="oc-22a"/>
      </symbol>
      <symbol id="sm-6d7">
         <name>ltoa</name>
         <value>0x3005</value>
         <object_component_ref idref="oc-224"/>
      </symbol>
      <symbol id="sm-6e7">
         <name>memccpy</name>
         <value>0x33c5</value>
         <object_component_ref idref="oc-24c"/>
      </symbol>
      <symbol id="sm-702">
         <name>frexpl</name>
         <value>0x2e41</value>
         <object_component_ref idref="oc-234"/>
      </symbol>
      <symbol id="sm-703">
         <name>frexp</name>
         <value>0x2e41</value>
         <object_component_ref idref="oc-234"/>
      </symbol>
      <symbol id="sm-720">
         <name>scalbn</name>
         <value>0x28ed</value>
         <object_component_ref idref="oc-23a"/>
      </symbol>
      <symbol id="sm-721">
         <name>scalbnl</name>
         <value>0x28ed</value>
         <object_component_ref idref="oc-23a"/>
      </symbol>
      <symbol id="sm-722">
         <name>ldexpl</name>
         <value>0x28ed</value>
         <object_component_ref idref="oc-23a"/>
      </symbol>
      <symbol id="sm-723">
         <name>ldexp</name>
         <value>0x28ed</value>
         <object_component_ref idref="oc-23a"/>
      </symbol>
      <symbol id="sm-72d">
         <name>_system_post_cinit</name>
         <value>0x26df</value>
         <object_component_ref idref="oc-139"/>
      </symbol>
      <symbol id="sm-73d">
         <name>strchr</name>
         <value>0x3429</value>
         <object_component_ref idref="oc-240"/>
      </symbol>
      <symbol id="sm-74b">
         <name>strlen</name>
         <value>0x34a5</value>
         <object_component_ref idref="oc-205"/>
      </symbol>
      <symbol id="sm-767">
         <name>__aeabi_uldivmod</name>
         <value>0x1f09</value>
         <object_component_ref idref="oc-200"/>
      </symbol>
      <symbol id="sm-76f">
         <name>errno</name>
         <value>0x20000678</value>
         <object_component_ref idref="oc-301"/>
      </symbol>
      <symbol id="sm-779">
         <name>copysign</name>
         <value>0x3491</value>
         <object_component_ref idref="oc-2fb"/>
      </symbol>
      <symbol id="sm-77a">
         <name>copysignl</name>
         <value>0x3491</value>
         <object_component_ref idref="oc-2fb"/>
      </symbol>
      <symbol id="sm-77b">
         <name>__TI_static_base__</name>
         <value>0x0</value>
      </symbol>
      <symbol id="sm-77e">
         <name>SHT$$INIT_ARRAY$$Limit</name>
         <value>0x0</value>
      </symbol>
      <symbol id="sm-77f">
         <name>SHT$$INIT_ARRAY$$Base</name>
         <value>0x0</value>
      </symbol>
   </symbol_table>
   <title>Link successful</title>
</link_info>
