******************************************************************************
                  TI ARM Linker PC v16.9.4                     
******************************************************************************
>> Linked Mon Aug 06 23:04:34 2018

OUTPUT FILE NAME:   <Avionics-Code.out>
ENTRY POINT SYMBOL: "_c_int00"  address: 00003041


MEMORY CONFIGURATION

         name            origin    length      used     unused   attr    fill
----------------------  --------  ---------  --------  --------  ----  --------
  FLASH                 00000000   00040000  00003b2e  0003c4d2  R  X
  SRAM                  20000000   00008000  00000681  0000797f  RW X


SEGMENT ALLOCATION MAP

run origin  load origin   length   init length attrs members
----------  ----------- ---------- ----------- ----- -------
00000000    00000000    00003b30   00003b30    r-x
  00000000    00000000    0000026c   0000026c    r-- .intvecs
  0000026c    0000026c    0000346a   0000346a    r-x .text
  000036d8    000036d8    00000408   00000408    r-- .const
  00003ae0    00003ae0    00000050   00000050    r-- .cinit
20000000    20000000    00000681   00000000    rw-
  20000000    20000000    0000026c   00000000    rw- .vtable
  2000026c    2000026c    00000200   00000000    rw- .stack
  2000046c    2000046c    000001e8   00000000    rw- .bss
  20000654    20000654    0000002d   00000000    rw- .data


SECTION ALLOCATION MAP

 output                                  attributes/
section   page    origin      length       input sections
--------  ----  ----------  ----------   ----------------
.intvecs   0    00000000    0000026c     
                  00000000    0000026c     tm4c123gh6pm_startup_ccs.obj (.intvecs)

.text      0    0000026c    0000346a     
                  0000026c    0000113e     rtsv7M4_T_le_v4SPD16_eabi.lib : _printfi.obj (.text)
                  000013aa    00000002                                   : mpu_init.obj (.text)
                  000013ac    00000500     rf_cc2500.obj (.text)
                  000018ac    000004a8     sch.obj (.text)
                  00001d54    0000023c     ser.obj (.text)
                  00001f90    00000220     main.obj (.text)
                  000021b0    000001f4     rtsv7M4_T_le_v4SPD16_eabi.lib : ull_div_t2.obj (.text)
                  000023a4    000001b6                                   : fd_add_t2.obj (.text)
                  0000255a    00000136                                   : fd_div_t2.obj (.text)
                  00002690    00000132     driverlib.lib : gpio.obj (.text:GPIOPadConfigSet)
                  000027c2    00000002     rtsv7M4_T_le_v4SPD16_eabi.lib : startup.obj (.text)
                  000027c4    00000110     driverlib.lib : sysctl.obj (.text:SysCtlClockGet)
                  000028d4    000000fc     rtsv7M4_T_le_v4SPD16_eabi.lib : fd_mul_t2.obj (.text)
                  000029d0    000000fc                                   : s_scalbn.obj (.text)
                  00002acc    000000f4     driverlib.lib : sysctl.obj (.text:SysCtlClockSet)
                  00002bc0    0000009c     rtsv7M4_T_le_v4SPD16_eabi.lib : memcpy_t2.obj (.text)
                  00002c5c    00000086                                   : fd_cmp_t2.obj (.text:__aeabi_cdcmple)
                  00002ce2    00000086                                   : fd_cmp_t2.obj (.text:__aeabi_cdrcmple)
                  00002d68    0000007a                                   : memset_t2.obj (.text)
                  00002de2    00000002     --HOLE-- [fill = 0]
                  00002de4    00000070                                   : autoinit.obj (.text)
                  00002e54    00000068     driverlib.lib : interrupt.obj (.text:IntEnable)
                  00002ebc    00000068     rtsv7M4_T_le_v4SPD16_eabi.lib : copy_decompress_lzss.obj (.text:decompress:lzss)
                  00002f24    00000064                                   : s_frexp.obj (.text)
                  00002f88    00000060                                   : sprintf.obj (.text)
                  00002fe8    00000056     driverlib.lib : gpio.obj (.text:GPIOIntTypeSet)
                  0000303e    00000002     --HOLE-- [fill = 0]
                  00003040    00000054     rtsv7M4_T_le_v4SPD16_eabi.lib : boot.obj (.text)
                  00003094    00000054                                   : exit.obj (.text)
                  000030e8    00000054                                   : ltoa.obj (.text)
                  0000313c    0000004c                                   : atoi.obj (.text)
                  00003188    0000004c                                   : cpy_tbl.obj (.text)
                  000031d4    00000048     driverlib.lib : gpio.obj (.text:GPIOPinConfigure)
                  0000321c    00000048     led.obj (.text)
                  00003264    00000048     rtsv7M4_T_le_v4SPD16_eabi.lib : fd_toi_t2.obj (.text)
                  000032ac    00000046     driverlib.lib : uart.obj (.text:UARTConfigSetExpClk)
                  000032f2    00000002     --HOLE-- [fill = 0]
                  000032f4    00000044                   : gpio.obj (.text:_GPIOIntNumberGet)
                  00003338    0000003c                   : ssi.obj (.text:SSIConfigSetExpClk)
                  00003374    00000038                   : sysctl.obj (.text:SysCtlPeripheralReady)
                  000033ac    00000034                   : interrupt.obj (.text:IntRegister)
                  000033e0    00000034                   : sysctl.obj (.text:SysCtlPeripheralEnable)
                  00003414    0000002e     rtsv7M4_T_le_v4SPD16_eabi.lib : i_tofd_t2.obj (.text)
                  00003442    0000002a     driverlib.lib : gpio.obj (.text:GPIODirModeSet)
                  0000346c    00000020                   : uart.obj (.text:UARTDisable)
                  0000348c    0000001c                   : systick.obj (.text:SysTickIntRegister)
                  000034a8    0000001c     rtsv7M4_T_le_v4SPD16_eabi.lib : memccpy.obj (.text)
                  000034c4    00000018     driverlib.lib : gpio.obj (.text:GPIOIntRegister)
                  000034dc    00000018                   : gpio.obj (.text:GPIOPinTypeGPIOOutput)
                  000034f4    00000018     rtsv7M4_T_le_v4SPD16_eabi.lib : args_main.obj (.text)
                  0000350c    00000016                                   : strchr.obj (.text)
                  00003522    00000002     --HOLE-- [fill = 0]
                  00003524    00000014     driverlib.lib : systick.obj (.text:SysTickDisable)
                  00003538    00000014                   : systick.obj (.text:SysTickEnable)
                  0000354c    00000014                   : uart.obj (.text:UARTEnable)
                  00003560    00000014     rtsv7M4_T_le_v4SPD16_eabi.lib : _lock.obj (.text)
                  00003574    00000014                                   : s_copysign.obj (.text)
                  00003588    00000014                                   : strlen.obj (.text)
                  0000359c    00000012     driverlib.lib : gpio.obj (.text:GPIOPinTypeGPIOInput)
                  000035ae    00000012                   : gpio.obj (.text:GPIOPinTypeSSI)
                  000035c0    00000012                   : gpio.obj (.text:GPIOPinTypeUART)
                  000035d2    00000012                   : ssi.obj (.text:SSIDataGetNonBlocking)
                  000035e4    00000010                   : interrupt.obj (.text:IntMasterDisable)
                  000035f4    00000010                   : interrupt.obj (.text:IntMasterEnable)
                  00003604    00000010                   : systick.obj (.text:SysTickPeriodSet)
                  00003614    0000000e                   : uart.obj (.text:UARTCharGetNonBlocking)
                  00003622    0000000e                   : uart.obj (.text:UARTCharsAvail)
                  00003630    0000000e     rtsv7M4_T_le_v4SPD16_eabi.lib : copy_decompress_none.obj (.text:decompress:none)
                  0000363e    0000000c     driverlib.lib : cpu.obj (.text:CPUcpsid)
                  0000364a    0000000c                   : cpu.obj (.text:CPUcpsie)
                  00003656    0000000c                   : gpio.obj (.text:GPIOIntEnable)
                  00003662    0000000c                   : ssi.obj (.text:SSIDataGet)
                  0000366e    0000000c     rtsv7M4_T_le_v4SPD16_eabi.lib : copy_zero_init.obj (.text:decompress:ZI)
                  0000367a    0000000c     tm4c123gh6pm_startup_ccs.obj (.text)
                  00003686    0000000a     driverlib.lib : ssi.obj (.text:SSIDataPut)
                  00003690    0000000a                   : ssi.obj (.text:SSIEnable)
                  0000369a    0000000a                   : uart.obj (.text:UARTCharPut)
                  000036a4    0000000a                   : uart.obj (.text:UARTIntStatus)
                  000036ae    00000008                   : uart.obj (.text:UARTIntEnable)
                  000036b6    00000006                   : gpio.obj (.text:GPIOIntClear)
                  000036bc    00000006                   : gpio.obj (.text:GPIOPinRead)
                  000036c2    00000006                   : gpio.obj (.text:GPIOPinWrite)
                  000036c8    00000006                   : sysctl.obj (.text:SysCtlDelay)
                  000036ce    00000004                   : uart.obj (.text:UARTIntClear)
                  000036d2    00000004     rtsv7M4_T_le_v4SPD16_eabi.lib : pre_init.obj (.text)

.const     0    000036d8    00000408     
                  000036d8    00000101     rtsv7M4_T_le_v4SPD16_eabi.lib : ctype.obj (.const:.string:_ctypes_)
                  000037d9    00000003     --HOLE-- [fill = 0]
                  000037dc    000000d8     driverlib.lib : gpio.obj (.const:g_ppui32GPIOIntMapSnowflake)
                  000038b4    000000c0                   : gpio.obj (.const:g_ppui32GPIOIntMapBlizzard)
                  00003974    00000090                   : gpio.obj (.const:g_pui32GPIOBaseAddrs)
                  00003a04    00000070                   : interrupt.obj (.const)
                  00003a74    0000006c                   : sysctl.obj (.const:g_pui32Xtals)

.cinit     0    00003ae0    00000050     
                  00003ae0    00000019     (.cinit..data.load) [load image, compression = lzss]
                  00003af9    00000003     --HOLE-- [fill = 0]
                  00003afc    0000000c     (__TI_handler_table)
                  00003b08    00000008     (.cinit..bss.load) [load image, compression = zero_init]
                  00003b10    00000008     (.cinit..vtable.load) [load image, compression = zero_init]
                  00003b18    00000018     (__TI_cinit_table)

.init_array 
*          0    00000000    00000000     UNINITIALIZED

.vtable    0    20000000    0000026c     UNINITIALIZED
                  20000000    0000026c     driverlib.lib : interrupt.obj (.vtable)

.stack     0    2000026c    00000200     UNINITIALIZED
                  2000026c    00000200     --HOLE--

.bss       0    2000046c    000001e8     UNINITIALIZED
                  2000046c    00000100     (.common:TaskList)
                  2000056c    000000c0     (.common:TaskTimerList)
                  2000062c    00000020     (.common:SerialBuffer)
                  2000064c    00000004     (.common:serialOnCharReceived)
                  20000650    00000004     (.common:serialOnLineReceived)

.data      0    20000654    0000002d     UNINITIALIZED
                  20000654    0000000c     rtsv7M4_T_le_v4SPD16_eabi.lib : exit.obj (.data:$O1$$)
                  20000660    00000008                                   : _lock.obj (.data:$O1$$)
                  20000668    00000008     rf_cc2500.obj (.data)
                  20000670    00000008     sch.obj (.data)
                  20000678    00000004     rtsv7M4_T_le_v4SPD16_eabi.lib : errno.obj (.data)
                  2000067c    00000004                                   : stkdepth_vars.obj (.data)
                  20000680    00000001     ser.obj (.data)

MODULE SUMMARY

       Module                         code    ro data   rw data
       ------                         ----    -------   -------
    .\
       sch.obj                        1192    0         456    
       rf_cc2500.obj                  1280    0         8      
       tm4c123gh6pm_startup_ccs.obj   12      620       0      
       ser.obj                        572     0         41     
       main.obj                       544     0         0      
       led.obj                        72      0         0      
    +--+------------------------------+-------+---------+---------+
       Total:                         3672    620       505    
                                                               
    D:/ti/TivaWare_C_Series-2.1.4.178/driverlib/ccs/Debug/driverlib.lib
       gpio.obj                       706     552       0      
       interrupt.obj                  188     112       620    
       sysctl.obj                     630     108       0      
       uart.obj                       182     0         0      
       ssi.obj                        110     0         0      
       systick.obj                    84      0         0      
       cpu.obj                        24      0         0      
    +--+------------------------------+-------+---------+---------+
       Total:                         1924    772       620    
                                                               
    D:\ti\ccsv7\tools\compiler\ti-cgt-arm_16.9.4.LTS\lib\rtsv7M4_T_le_v4SPD16_eabi.lib
       _printfi.obj                   4414    0         0      
       ull_div_t2.obj                 500     0         0      
       fd_add_t2.obj                  438     0         0      
       fd_div_t2.obj                  310     0         0      
       fd_cmp_t2.obj                  268     0         0      
       ctype.obj                      0       257       0      
       fd_mul_t2.obj                  252     0         0      
       s_scalbn.obj                   252     0         0      
       memcpy_t2.obj                  156     0         0      
       memset_t2.obj                  122     0         0      
       autoinit.obj                   112     0         0      
       copy_decompress_lzss.obj       104     0         0      
       s_frexp.obj                    100     0         0      
       exit.obj                       84      0         12     
       sprintf.obj                    96      0         0      
       boot.obj                       84      0         0      
       ltoa.obj                       84      0         0      
       atoi.obj                       76      0         0      
       cpy_tbl.obj                    76      0         0      
       fd_toi_t2.obj                  72      0         0      
       i_tofd_t2.obj                  46      0         0      
       _lock.obj                      20      0         8      
       memccpy.obj                    28      0         0      
       args_main.obj                  24      0         0      
       strchr.obj                     22      0         0      
       s_copysign.obj                 20      0         0      
       strlen.obj                     20      0         0      
       copy_decompress_none.obj       14      0         0      
       copy_zero_init.obj             12      0         0      
       errno.obj                      0       0         4      
       pre_init.obj                   4       0         0      
       stkdepth_vars.obj              0       0         4      
       mpu_init.obj                   2       0         0      
       startup.obj                    2       0         0      
    +--+------------------------------+-------+---------+---------+
       Total:                         7814    257       28     
                                                               
       Stack:                         0       0         512    
       Linker Generated:              0       77        0      
    +--+------------------------------+-------+---------+---------+
       Grand Total:                   13410   1726      1665   


LINKER GENERATED COPY TABLES

__TI_cinit_table @ 00003b18 records: 3, size/record: 8, table size: 24
	.data: load addr=00003ae0, load size=00000019 bytes, run addr=20000654, run size=0000002d bytes, compression=lzss
	.bss: load addr=00003b08, load size=00000008 bytes, run addr=2000046c, run size=000001e8 bytes, compression=zero_init
	.vtable: load addr=00003b10, load size=00000008 bytes, run addr=20000000, run size=0000026c bytes, compression=zero_init


LINKER GENERATED HANDLER TABLE

__TI_handler_table @ 00003afc records: 3, size/record: 4, table size: 12
	index: 0, handler: __TI_zero_init
	index: 1, handler: __TI_decompress_lzss
	index: 2, handler: __TI_decompress_none


GLOBAL SYMBOLS: SORTED ALPHABETICALLY BY Name 

address   name                           
-------   ----                           
000018e5  AddTask                        
0000194d  AddTaskCond                    
00001a5f  AddTaskIdle                    
000019b5  AddTaskTime                    
00003095  C$$EXIT                        
0000363f  CPUcpsid                       
0000364b  CPUcpsie                       
00003443  GPIODirModeSet                 
000036b7  GPIOIntClear                   
00003657  GPIOIntEnable                  
000034c5  GPIOIntRegister                
00002fe9  GPIOIntTypeSet                 
00002691  GPIOPadConfigSet               
000031d5  GPIOPinConfigure               
000036bd  GPIOPinRead                    
0000359d  GPIOPinTypeGPIOInput           
000034dd  GPIOPinTypeGPIOOutput          
000035af  GPIOPinTypeSSI                 
000035c1  GPIOPinTypeUART                
000036c3  GPIOPinWrite                   
000018b1  GetTaskState                   
00003241  InitLed                        
000015f9  InitRF                         
00001ac5  InitScheduler                  
00001e83  InitSerial                     
00001c53  InitSysTick                    
00002e55  IntEnable                      
000035e5  IntMasterDisable               
000035f5  IntMasterEnable                
000033ad  IntRegister                    
0000321d  LedToggle                      
0000211f  Loop                           
000013bb  RFChipSelectOff                
000013ad  RFChipSelectOn                 
0000149d  RFEnterRxMode                  
000014a7  RFEnterRxModeCS                
0000147f  RFEnterTxMode                  
00001489  RFEnterTxModeCS                
000014b1  RFFlushRx                      
000014bb  RFFlushRxCS                    
00001493  RFFlushTx                      
000015c5  RFPrintStatus                  
00001425  RFReadRegister                 
00001439  RFReadRegisterCS               
0000153d  RFReceivePacket                
00001593  RFReceivePacketHandler         
0000144d  RFSendStrobe                   
0000145f  RFSendStrobeCS                 
000014c5  RFTransmitPacket               
000013c9  RFWriteByte                    
000013e5  RFWriteRegister                
00001401  RFWriteRegisterCS              
20000668  RF_packetReceived              
0000367b  ResetISR                       
UNDEFED   SHT$$INIT_ARRAY$$Base          
UNDEFED   SHT$$INIT_ARRAY$$Limit         
00003339  SSIConfigSetExpClk             
00003663  SSIDataGet                     
000035d3  SSIDataGetNonBlocking          
00003687  SSIDataPut                     
00003691  SSIEnable                      
2000062c  SerialBuffer                   
00001ddd  SerialEndOfString              
00001ef9  SerialInterruptHandler         
00001dff  SerialLengthOfString           
00002053  SerialOnCharReceived           
0000205f  SerialOnLineReceived           
00001d67  SerialPrint                    
00001da1  SerialPrintInt                 
00001d89  SerialPrintln                  
00001dbf  SerialPrintlnInt               
00001e11  SerialStringToInt              
00001d55  SerialWrite                    
000018c7  SetTaskState                   
000020e7  Setup                          
000027c5  SysCtlClockGet                 
00002acd  SysCtlClockSet                 
000036c9  SysCtlDelay                    
000033e1  SysCtlPeripheralEnable         
00003375  SysCtlPeripheralReady          
00003525  SysTickDisable                 
00003539  SysTickEnable                  
0000348d  SysTickIntRegister             
00001c9d  SysTickInterruptHandler        
00003605  SysTickPeriodSet               
2000046c  TaskList                       
2000056c  TaskTimerList                  
00001fad  Task_Idle_Exec                 
00001fa3  Task_Idle_Init                 
00001f95  Task_Millis_Exec               
00001f91  Task_Millis_Init               
00001fbb  Task_OnPacketReceived          
00003615  UARTCharGetNonBlocking         
0000369b  UARTCharPut                    
00003623  UARTCharsAvail                 
000032ad  UARTConfigSetExpClk            
0000346d  UARTDisable                    
0000354d  UARTEnable                     
000036cf  UARTIntClear                   
000036af  UARTIntEnable                  
000036a5  UARTIntStatus                  
00001ad9  UpdateScheduler                
000018ad  VoidInit                       
2000046c  __STACK_END                    
00000200  __STACK_SIZE                   
2000046c  __STACK_TOP                    
00003b18  __TI_CINIT_Base                
00003b30  __TI_CINIT_Limit               
00003afc  __TI_Handler_Table_Base        
00003b08  __TI_Handler_Table_Limit       
00002de5  __TI_auto_init                 
20000654  __TI_cleanup_ptr               
00002ebd  __TI_decompress_lzss           
00003631  __TI_decompress_none           
20000658  __TI_dtors_ptr                 
2000065c  __TI_enable_exit_profile_output
ffffffff  __TI_pprof_out_hndl            
00000ab1  __TI_printfi                   
ffffffff  __TI_prof_data_size            
ffffffff  __TI_prof_data_start           
00000000  __TI_static_base__             
0000366f  __TI_zero_init                 
00002c5d  __aeabi_cdcmpeq                
00002c5d  __aeabi_cdcmple                
00002ce3  __aeabi_cdrcmple               
00003265  __aeabi_d2iz                   
000023af  __aeabi_dadd                   
0000255b  __aeabi_ddiv                   
000028d5  __aeabi_dmul                   
000023a5  __aeabi_dsub                   
00003415  __aeabi_i2d                    
00002d69  __aeabi_memclr                 
00002d69  __aeabi_memclr4                
00002d69  __aeabi_memclr8                
00002bc1  __aeabi_memcpy                 
00002bc1  __aeabi_memcpy4                
00002bc1  __aeabi_memcpy8                
00002d6b  __aeabi_memset                 
00002d6b  __aeabi_memset4                
00002d6b  __aeabi_memset8                
000021b1  __aeabi_uldivmod               
ffffffff  __binit__                      
ffffffff  __c_args__                     
000013ab  __mpu_init                     
2000026c  __stack                        
000034f5  _args_main                     
00003041  _c_int00                       
000036d8  _ctypes_                       
20000660  _lock                          
0000356f  _nop                           
00003567  _register_lock                 
00003561  _register_unlock               
000027c3  _system_post_cinit             
000036d3  _system_pre_init               
20000664  _unlock                        
00003099  abort                          
0000313d  atoi                           
ffffffff  binit                          
00003189  copy_in                        
00003575  copysign                       
00003575  copysignl                      
2000066c  count                          
20000674  currentTime                    
20000678  errno                          
000030a1  exit                           
00002f25  frexp                          
00002f25  frexpl                         
20000000  g_pfnRAMVectors                
00000000  g_pfnVectors                   
20000672  idle                           
000029d1  ldexp                          
000029d1  ldexpl                         
000030e9  ltoa                           
00002127  main                           
2000067c  main_func_sp                   
000034a9  memccpy                        
00002bc1  memcpy                         
00002d71  memset                         
20000671  numOfTaskTimers                
20000670  numOfTasks                     
000029d1  scalbn                         
000029d1  scalbnl                        
20000680  serialBufferIndex              
2000064c  serialOnCharReceived           
20000650  serialOnLineReceived           
00002f89  sprintf                        
0000350d  strchr                         
00003589  strlen                         


GLOBAL SYMBOLS: SORTED BY Symbol Address 

address   name                           
-------   ----                           
00000000  __TI_static_base__             
00000000  g_pfnVectors                   
00000200  __STACK_SIZE                   
00000ab1  __TI_printfi                   
000013ab  __mpu_init                     
000013ad  RFChipSelectOn                 
000013bb  RFChipSelectOff                
000013c9  RFWriteByte                    
000013e5  RFWriteRegister                
00001401  RFWriteRegisterCS              
00001425  RFReadRegister                 
00001439  RFReadRegisterCS               
0000144d  RFSendStrobe                   
0000145f  RFSendStrobeCS                 
0000147f  RFEnterTxMode                  
00001489  RFEnterTxModeCS                
00001493  RFFlushTx                      
0000149d  RFEnterRxMode                  
000014a7  RFEnterRxModeCS                
000014b1  RFFlushRx                      
000014bb  RFFlushRxCS                    
000014c5  RFTransmitPacket               
0000153d  RFReceivePacket                
00001593  RFReceivePacketHandler         
000015c5  RFPrintStatus                  
000015f9  InitRF                         
000018ad  VoidInit                       
000018b1  GetTaskState                   
000018c7  SetTaskState                   
000018e5  AddTask                        
0000194d  AddTaskCond                    
000019b5  AddTaskTime                    
00001a5f  AddTaskIdle                    
00001ac5  InitScheduler                  
00001ad9  UpdateScheduler                
00001c53  InitSysTick                    
00001c9d  SysTickInterruptHandler        
00001d55  SerialWrite                    
00001d67  SerialPrint                    
00001d89  SerialPrintln                  
00001da1  SerialPrintInt                 
00001dbf  SerialPrintlnInt               
00001ddd  SerialEndOfString              
00001dff  SerialLengthOfString           
00001e11  SerialStringToInt              
00001e83  InitSerial                     
00001ef9  SerialInterruptHandler         
00001f91  Task_Millis_Init               
00001f95  Task_Millis_Exec               
00001fa3  Task_Idle_Init                 
00001fad  Task_Idle_Exec                 
00001fbb  Task_OnPacketReceived          
00002053  SerialOnCharReceived           
0000205f  SerialOnLineReceived           
000020e7  Setup                          
0000211f  Loop                           
00002127  main                           
000021b1  __aeabi_uldivmod               
000023a5  __aeabi_dsub                   
000023af  __aeabi_dadd                   
0000255b  __aeabi_ddiv                   
00002691  GPIOPadConfigSet               
000027c3  _system_post_cinit             
000027c5  SysCtlClockGet                 
000028d5  __aeabi_dmul                   
000029d1  ldexp                          
000029d1  ldexpl                         
000029d1  scalbn                         
000029d1  scalbnl                        
00002acd  SysCtlClockSet                 
00002bc1  __aeabi_memcpy                 
00002bc1  __aeabi_memcpy4                
00002bc1  __aeabi_memcpy8                
00002bc1  memcpy                         
00002c5d  __aeabi_cdcmpeq                
00002c5d  __aeabi_cdcmple                
00002ce3  __aeabi_cdrcmple               
00002d69  __aeabi_memclr                 
00002d69  __aeabi_memclr4                
00002d69  __aeabi_memclr8                
00002d6b  __aeabi_memset                 
00002d6b  __aeabi_memset4                
00002d6b  __aeabi_memset8                
00002d71  memset                         
00002de5  __TI_auto_init                 
00002e55  IntEnable                      
00002ebd  __TI_decompress_lzss           
00002f25  frexp                          
00002f25  frexpl                         
00002f89  sprintf                        
00002fe9  GPIOIntTypeSet                 
00003041  _c_int00                       
00003095  C$$EXIT                        
00003099  abort                          
000030a1  exit                           
000030e9  ltoa                           
0000313d  atoi                           
00003189  copy_in                        
000031d5  GPIOPinConfigure               
0000321d  LedToggle                      
00003241  InitLed                        
00003265  __aeabi_d2iz                   
000032ad  UARTConfigSetExpClk            
00003339  SSIConfigSetExpClk             
00003375  SysCtlPeripheralReady          
000033ad  IntRegister                    
000033e1  SysCtlPeripheralEnable         
00003415  __aeabi_i2d                    
00003443  GPIODirModeSet                 
0000346d  UARTDisable                    
0000348d  SysTickIntRegister             
000034a9  memccpy                        
000034c5  GPIOIntRegister                
000034dd  GPIOPinTypeGPIOOutput          
000034f5  _args_main                     
0000350d  strchr                         
00003525  SysTickDisable                 
00003539  SysTickEnable                  
0000354d  UARTEnable                     
00003561  _register_unlock               
00003567  _register_lock                 
0000356f  _nop                           
00003575  copysign                       
00003575  copysignl                      
00003589  strlen                         
0000359d  GPIOPinTypeGPIOInput           
000035af  GPIOPinTypeSSI                 
000035c1  GPIOPinTypeUART                
000035d3  SSIDataGetNonBlocking          
000035e5  IntMasterDisable               
000035f5  IntMasterEnable                
00003605  SysTickPeriodSet               
00003615  UARTCharGetNonBlocking         
00003623  UARTCharsAvail                 
00003631  __TI_decompress_none           
0000363f  CPUcpsid                       
0000364b  CPUcpsie                       
00003657  GPIOIntEnable                  
00003663  SSIDataGet                     
0000366f  __TI_zero_init                 
0000367b  ResetISR                       
00003687  SSIDataPut                     
00003691  SSIEnable                      
0000369b  UARTCharPut                    
000036a5  UARTIntStatus                  
000036af  UARTIntEnable                  
000036b7  GPIOIntClear                   
000036bd  GPIOPinRead                    
000036c3  GPIOPinWrite                   
000036c9  SysCtlDelay                    
000036cf  UARTIntClear                   
000036d3  _system_pre_init               
000036d8  _ctypes_                       
00003afc  __TI_Handler_Table_Base        
00003b08  __TI_Handler_Table_Limit       
00003b18  __TI_CINIT_Base                
00003b30  __TI_CINIT_Limit               
20000000  g_pfnRAMVectors                
2000026c  __stack                        
2000046c  TaskList                       
2000046c  __STACK_END                    
2000046c  __STACK_TOP                    
2000056c  TaskTimerList                  
2000062c  SerialBuffer                   
2000064c  serialOnCharReceived           
20000650  serialOnLineReceived           
20000654  __TI_cleanup_ptr               
20000658  __TI_dtors_ptr                 
2000065c  __TI_enable_exit_profile_output
20000660  _lock                          
20000664  _unlock                        
20000668  RF_packetReceived              
2000066c  count                          
20000670  numOfTasks                     
20000671  numOfTaskTimers                
20000672  idle                           
20000674  currentTime                    
20000678  errno                          
2000067c  main_func_sp                   
20000680  serialBufferIndex              
ffffffff  __TI_pprof_out_hndl            
ffffffff  __TI_prof_data_size            
ffffffff  __TI_prof_data_start           
ffffffff  __binit__                      
ffffffff  __c_args__                     
ffffffff  binit                          
UNDEFED   SHT$$INIT_ARRAY$$Base          
UNDEFED   SHT$$INIT_ARRAY$$Limit         

[188 symbols]
