******************************************************************************
                  TI ARM Linker PC v16.9.6                     
******************************************************************************
>> Linked Fri Jul 27 18:37:30 2018

OUTPUT FILE NAME:   <ModelRocketAvionics.out>
ENTRY POINT SYMBOL: "_c_int00"  address: 000028fd


MEMORY CONFIGURATION

         name            origin    length      used     unused   attr    fill
----------------------  --------  ---------  --------  --------  ----  --------
  FLASH                 00000000   00040000  00003170  0003ce90  R  X
  SRAM                  20000000   00008000  00000669  00007997  RW X


SEGMENT ALLOCATION MAP

run origin  load origin   length   init length attrs members
----------  ----------- ---------- ----------- ----- -------
00000000    00000000    00003170   00003170    r-x
  00000000    00000000    0000026c   0000026c    r-- .intvecs
  0000026c    0000026c    00002c44   00002c44    r-x .text
  00002eb0    00002eb0    00000270   00000270    r-- .const
  00003120    00003120    00000050   00000050    r-- .cinit
20000000    20000000    00000669   00000000    rw-
  20000000    20000000    0000026c   00000000    rw- .vtable
  2000026c    2000026c    00000200   00000000    rw- .stack
  2000046c    2000046c    000001d8   00000000    rw- .bss
  20000644    20000644    00000025   00000000    rw- .data


SECTION ALLOCATION MAP

 output                                  attributes/
section   page    origin      length       input sections
--------  ----  ----------  ----------   ----------------
.intvecs   0    00000000    0000026c     
                  00000000    0000026c     tm4c1230h6pm_startup_ccs.obj (.intvecs)

.text      0    0000026c    00002c44     
                  0000026c    0000113e     rtsv7M4_T_le_v4SPD16_eabi.lib : _printfi.obj (.text)
                  000013aa    00000002                                   : mpu_init.obj (.text)
                  000013ac    000003e8     sch.obj (.text)
                  00001794    000001f4     rtsv7M4_T_le_v4SPD16_eabi.lib : ull_div_t2.obj (.text)
                  00001988    000001b6                                   : fd_add_t2.obj (.text)
                  00001b3e    00000002                                   : startup.obj (.text)
                  00001b40    00000190     ser.obj (.text)
                  00001cd0    00000136     rtsv7M4_T_le_v4SPD16_eabi.lib : fd_div_t2.obj (.text)
                  00001e06    00000132     driverlib.lib : gpio.obj (.text:GPIOPadConfigSet)
                  00001f38    00000110                   : sysctl.obj (.text:SysCtlClockGet)
                  00002048    00000100     rf_cc2500.obj (.text)
                  00002148    000000fc     rtsv7M4_T_le_v4SPD16_eabi.lib : fd_mul_t2.obj (.text)
                  00002244    000000fc                                   : s_scalbn.obj (.text)
                  00002340    000000f4     driverlib.lib : sysctl.obj (.text:SysCtlClockSet)
                  00002434    000000a0     main.obj (.text)
                  000024d4    0000009c     rtsv7M4_T_le_v4SPD16_eabi.lib : memcpy_t2.obj (.text)
                  00002570    00000086                                   : fd_cmp_t2.obj (.text:__aeabi_cdcmple)
                  000025f6    00000086                                   : fd_cmp_t2.obj (.text:__aeabi_cdrcmple)
                  0000267c    0000007a                                   : memset_t2.obj (.text)
                  000026f6    00000002     --HOLE-- [fill = 0]
                  000026f8    00000070                                   : autoinit.obj (.text)
                  00002768    00000068     driverlib.lib : interrupt.obj (.text:IntEnable)
                  000027d0    00000068     rtsv7M4_T_le_v4SPD16_eabi.lib : copy_decompress_lzss.obj (.text:decompress:lzss)
                  00002838    00000064                                   : s_frexp.obj (.text)
                  0000289c    00000060                                   : sprintf.obj (.text)
                  000028fc    00000054                                   : boot.obj (.text)
                  00002950    00000054                                   : exit.obj (.text)
                  000029a4    00000054                                   : ltoa.obj (.text)
                  000029f8    0000004c                                   : atoi.obj (.text)
                  00002a44    0000004c                                   : cpy_tbl.obj (.text)
                  00002a90    00000048     driverlib.lib : gpio.obj (.text:GPIOPinConfigure)
                  00002ad8    00000048     rtsv7M4_T_le_v4SPD16_eabi.lib : fd_toi_t2.obj (.text)
                  00002b20    00000046     driverlib.lib : uart.obj (.text:UARTConfigSetExpClk)
                  00002b66    0000003c                   : ssi.obj (.text:SSIConfigSetExpClk)
                  00002ba2    00000002     --HOLE-- [fill = 0]
                  00002ba4    00000038                   : sysctl.obj (.text:SysCtlPeripheralReady)
                  00002bdc    00000034                   : interrupt.obj (.text:IntRegister)
                  00002c10    00000034                   : sysctl.obj (.text:SysCtlPeripheralEnable)
                  00002c44    0000002e     rtsv7M4_T_le_v4SPD16_eabi.lib : i_tofd_t2.obj (.text)
                  00002c72    0000002a     driverlib.lib : gpio.obj (.text:GPIODirModeSet)
                  00002c9c    00000020                   : uart.obj (.text:UARTDisable)
                  00002cbc    0000001c                   : systick.obj (.text:SysTickIntRegister)
                  00002cd8    0000001c     rtsv7M4_T_le_v4SPD16_eabi.lib : memccpy.obj (.text)
                  00002cf4    00000018                                   : args_main.obj (.text)
                  00002d0c    00000016                                   : strchr.obj (.text)
                  00002d22    00000002     --HOLE-- [fill = 0]
                  00002d24    00000014     driverlib.lib : systick.obj (.text:SysTickDisable)
                  00002d38    00000014                   : systick.obj (.text:SysTickEnable)
                  00002d4c    00000014                   : uart.obj (.text:UARTEnable)
                  00002d60    00000014     rtsv7M4_T_le_v4SPD16_eabi.lib : _lock.obj (.text)
                  00002d74    00000014                                   : s_copysign.obj (.text)
                  00002d88    00000014                                   : strlen.obj (.text)
                  00002d9c    00000012     driverlib.lib : gpio.obj (.text:GPIOPinTypeSSI)
                  00002dae    00000012                   : gpio.obj (.text:GPIOPinTypeUART)
                  00002dc0    00000012                   : ssi.obj (.text:SSIDataGetNonBlocking)
                  00002dd2    00000010                   : interrupt.obj (.text:IntMasterDisable)
                  00002de2    00000010                   : interrupt.obj (.text:IntMasterEnable)
                  00002df2    00000002     --HOLE-- [fill = 0]
                  00002df4    00000010                   : systick.obj (.text:SysTickPeriodSet)
                  00002e04    0000000e                   : uart.obj (.text:UARTCharGetNonBlocking)
                  00002e12    0000000e                   : uart.obj (.text:UARTCharsAvail)
                  00002e20    0000000e     rtsv7M4_T_le_v4SPD16_eabi.lib : copy_decompress_none.obj (.text:decompress:none)
                  00002e2e    0000000c     driverlib.lib : cpu.obj (.text:CPUcpsid)
                  00002e3a    0000000c                   : cpu.obj (.text:CPUcpsie)
                  00002e46    0000000c                   : ssi.obj (.text:SSIDataGet)
                  00002e52    0000000c     rtsv7M4_T_le_v4SPD16_eabi.lib : copy_zero_init.obj (.text:decompress:ZI)
                  00002e5e    0000000c     tm4c1230h6pm_startup_ccs.obj (.text)
                  00002e6a    0000000a     driverlib.lib : ssi.obj (.text:SSIDataPut)
                  00002e74    0000000a                   : ssi.obj (.text:SSIEnable)
                  00002e7e    0000000a                   : uart.obj (.text:UARTCharPut)
                  00002e88    0000000a                   : uart.obj (.text:UARTIntStatus)
                  00002e92    00000008                   : ssi.obj (.text:SSIBusy)
                  00002e9a    00000008                   : uart.obj (.text:UARTIntEnable)
                  00002ea2    00000006                   : sysctl.obj (.text:SysCtlDelay)
                  00002ea8    00000004                   : uart.obj (.text:UARTIntClear)
                  00002eac    00000004     rtsv7M4_T_le_v4SPD16_eabi.lib : pre_init.obj (.text)

.const     0    00002eb0    00000270     
                  00002eb0    00000101     rtsv7M4_T_le_v4SPD16_eabi.lib : ctype.obj (.const:.string:_ctypes_)
                  00002fb1    00000003     --HOLE-- [fill = 0]
                  00002fb4    00000090     driverlib.lib : gpio.obj (.const:g_pui32GPIOBaseAddrs)
                  00003044    00000070                   : interrupt.obj (.const)
                  000030b4    0000006c                   : sysctl.obj (.const:g_pui32Xtals)

.cinit     0    00003120    00000050     
                  00003120    00000017     (.cinit..data.load) [load image, compression = lzss]
                  00003137    00000001     --HOLE-- [fill = 0]
                  00003138    0000000c     (__TI_handler_table)
                  00003144    00000004     --HOLE-- [fill = 0]
                  00003148    00000008     (.cinit..bss.load) [load image, compression = zero_init]
                  00003150    00000008     (.cinit..vtable.load) [load image, compression = zero_init]
                  00003158    00000018     (__TI_cinit_table)

.init_array 
*          0    00000000    00000000     UNINITIALIZED

.vtable    0    20000000    0000026c     UNINITIALIZED
                  20000000    0000026c     driverlib.lib : interrupt.obj (.vtable)

.stack     0    2000026c    00000200     UNINITIALIZED
                  2000026c    00000200     --HOLE--

.bss       0    2000046c    000001d8     UNINITIALIZED
                  2000046c    00000100     (.common:TaskList)
                  2000056c    000000c0     (.common:TaskTimerList)
                  2000062c    00000010     (.common:SerialBuffer)
                  2000063c    00000004     (.common:serialOnCharReceived)
                  20000640    00000004     (.common:serialOnLineReceived)

.data      0    20000644    00000025     UNINITIALIZED
                  20000644    0000000c     rtsv7M4_T_le_v4SPD16_eabi.lib : exit.obj (.data:$O1$$)
                  20000650    00000008                                   : _lock.obj (.data:$O1$$)
                  20000658    00000008     sch.obj (.data)
                  20000660    00000004     rtsv7M4_T_le_v4SPD16_eabi.lib : errno.obj (.data)
                  20000664    00000004                                   : stkdepth_vars.obj (.data)
                  20000668    00000001     ser.obj (.data)

MODULE SUMMARY

       Module                         code    ro data   rw data
       ------                         ----    -------   -------
    .\
       sch.obj                        1000    0         456    
       tm4c1230h6pm_startup_ccs.obj   12      620       0      
       ser.obj                        400     0         25     
       rf_cc2500.obj                  256     0         0      
       main.obj                       160     0         0      
    +--+------------------------------+-------+---------+---------+
       Total:                         1828    620       481    
                                                               
    C:/ti/TivaWare_C_Series-2.1.4.178/driverlib/ccs/Debug/driverlib.lib
       interrupt.obj                  188     112       620    
       sysctl.obj                     630     108       0      
       gpio.obj                       456     144       0      
       uart.obj                       182     0         0      
       ssi.obj                        118     0         0      
       systick.obj                    84      0         0      
       cpu.obj                        24      0         0      
    +--+------------------------------+-------+---------+---------+
       Total:                         1682    364       620    
                                                               
    C:\ti\ccsv7\tools\compiler\ti-cgt-arm_16.9.6.LTS\lib\rtsv7M4_T_le_v4SPD16_eabi.lib
       _printfi.obj                   4414    0         0      
       ull_div_t2.obj                 500     0         0      
       fd_add_t2.obj                  438     0         0      
       fd_div_t2.obj                  310     0         0      
       fd_cmp_t2.obj                  268     0         0      
       ctype.obj                      0       257       0      
       fd_mul_t2.obj                  252     0         0      
       s_scalbn.obj                   252     0         0      
       memcpy_t2.obj                  156     0         0      
       memset_t2.obj                  122     0         0      
       autoinit.obj                   112     0         0      
       copy_decompress_lzss.obj       104     0         0      
       s_frexp.obj                    100     0         0      
       exit.obj                       84      0         12     
       sprintf.obj                    96      0         0      
       boot.obj                       84      0         0      
       ltoa.obj                       84      0         0      
       atoi.obj                       76      0         0      
       cpy_tbl.obj                    76      0         0      
       fd_toi_t2.obj                  72      0         0      
       i_tofd_t2.obj                  46      0         0      
       _lock.obj                      20      0         8      
       memccpy.obj                    28      0         0      
       args_main.obj                  24      0         0      
       strchr.obj                     22      0         0      
       s_copysign.obj                 20      0         0      
       strlen.obj                     20      0         0      
       copy_decompress_none.obj       14      0         0      
       copy_zero_init.obj             12      0         0      
       errno.obj                      0       0         4      
       pre_init.obj                   4       0         0      
       stkdepth_vars.obj              0       0         4      
       mpu_init.obj                   2       0         0      
       startup.obj                    2       0         0      
    +--+------------------------------+-------+---------+---------+
       Total:                         7814    257       28     
                                                               
       Stack:                         0       0         512    
       Linker Generated:              0       75        0      
    +--+------------------------------+-------+---------+---------+
       Grand Total:                   11324   1316      1641   


LINKER GENERATED COPY TABLES

__TI_cinit_table @ 00003158 records: 3, size/record: 8, table size: 24
	.data: load addr=00003120, load size=00000017 bytes, run addr=20000644, run size=00000025 bytes, compression=lzss
	.bss: load addr=00003148, load size=00000008 bytes, run addr=2000046c, run size=000001d8 bytes, compression=zero_init
	.vtable: load addr=00003150, load size=00000008 bytes, run addr=20000000, run size=0000026c bytes, compression=zero_init


LINKER GENERATED HANDLER TABLE

__TI_handler_table @ 00003138 records: 3, size/record: 4, table size: 12
	index: 0, handler: __TI_zero_init
	index: 1, handler: __TI_decompress_lzss
	index: 2, handler: __TI_decompress_none


GLOBAL SYMBOLS: SORTED ALPHABETICALLY BY Name 

address   name                           
-------   ----                           
000013e1  AddTask                        
00001449  AddTaskCond                    
000014b1  AddTaskTime                    
00002951  C$$EXIT                        
00002e2f  CPUcpsid                       
00002e3b  CPUcpsie                       
00002c73  GPIODirModeSet                 
00001e07  GPIOPadConfigSet               
00002a91  GPIOPinConfigure               
00002d9d  GPIOPinTypeSSI                 
00002daf  GPIOPinTypeUART                
000013ad  GetTaskState                   
000020af  InitRFCC2500                   
0000155b  InitScheduler                  
00001bc3  InitSerial                     
0000169d  InitSysTick                    
00002769  IntEnable                      
00002dd3  IntMasterDisable               
00002de3  IntMasterEnable                
00002bdd  IntRegister                    
0000248d  Loop                           
000020a3  RFCC2500ReadStatusByte         
0000207d  RFCC2500SendStrobe             
00002049  RFCC2500WriteRegister          
00002e5f  ResetISR                       
UNDEFED   SHT$$INIT_ARRAY$$Base          
UNDEFED   SHT$$INIT_ARRAY$$Limit         
00002e93  SSIBusy                        
00002b67  SSIConfigSetExpClk             
00002e47  SSIDataGet                     
00002dc1  SSIDataGetNonBlocking          
00002e6b  SSIDataPut                     
00002e75  SSIEnable                      
2000062c  SerialBuffer                   
00001c39  SerialInterruptHandler         
0000244b  SerialOnCharReceived           
0000245b  SerialOnLineReceived           
00001b53  SerialPrint                    
00001b87  SerialPrintInt                 
00001b75  SerialPrintln                  
00001ba5  SerialPrintlnInt               
00001b41  SerialWrite                    
000013c3  SetTaskState                   
00002467  Setup                          
00001f39  SysCtlClockGet                 
00002341  SysCtlClockSet                 
00002ea3  SysCtlDelay                    
00002c11  SysCtlPeripheralEnable         
00002ba5  SysCtlPeripheralReady          
00002d25  SysTickDisable                 
00002d39  SysTickEnable                  
00002cbd  SysTickIntRegister             
000016f5  SysTickInterruptHandler        
00002df5  SysTickPeriodSet               
2000046c  TaskList                       
2000056c  TaskTimerList                  
00002439  Task_StatusUpdate_Exec         
00002435  Task_StatusUpdate_Init         
00002e05  UARTCharGetNonBlocking         
00002e7f  UARTCharPut                    
00002e13  UARTCharsAvail                 
00002b21  UARTConfigSetExpClk            
00002c9d  UARTDisable                    
00002d4d  UARTEnable                     
00002ea9  UARTIntClear                   
00002e9b  UARTIntEnable                  
00002e89  UARTIntStatus                  
00001565  UpdateScheduler                
2000046c  __STACK_END                    
00000200  __STACK_SIZE                   
2000046c  __STACK_TOP                    
00003158  __TI_CINIT_Base                
00003170  __TI_CINIT_Limit               
00003138  __TI_Handler_Table_Base        
00003144  __TI_Handler_Table_Limit       
000026f9  __TI_auto_init                 
20000644  __TI_cleanup_ptr               
000027d1  __TI_decompress_lzss           
00002e21  __TI_decompress_none           
20000648  __TI_dtors_ptr                 
2000064c  __TI_enable_exit_profile_output
ffffffff  __TI_pprof_out_hndl            
00000ab1  __TI_printfi                   
ffffffff  __TI_prof_data_size            
ffffffff  __TI_prof_data_start           
00000000  __TI_static_base__             
00002e53  __TI_zero_init                 
00002571  __aeabi_cdcmpeq                
00002571  __aeabi_cdcmple                
000025f7  __aeabi_cdrcmple               
00002ad9  __aeabi_d2iz                   
00001993  __aeabi_dadd                   
00001cd1  __aeabi_ddiv                   
00002149  __aeabi_dmul                   
00001989  __aeabi_dsub                   
00002c45  __aeabi_i2d                    
0000267d  __aeabi_memclr                 
0000267d  __aeabi_memclr4                
0000267d  __aeabi_memclr8                
000024d5  __aeabi_memcpy                 
000024d5  __aeabi_memcpy4                
000024d5  __aeabi_memcpy8                
0000267f  __aeabi_memset                 
0000267f  __aeabi_memset4                
0000267f  __aeabi_memset8                
00001795  __aeabi_uldivmod               
ffffffff  __binit__                      
ffffffff  __c_args__                     
000013ab  __mpu_init                     
2000026c  __stack                        
00002cf5  _args_main                     
000028fd  _c_int00                       
00002eb0  _ctypes_                       
20000650  _lock                          
00002d6f  _nop                           
00002d67  _register_lock                 
00002d61  _register_unlock               
00001b3f  _system_post_cinit             
00002ead  _system_pre_init               
20000654  _unlock                        
00002955  abort                          
000029f9  atoi                           
ffffffff  binit                          
00002a45  copy_in                        
00002d75  copysign                       
00002d75  copysignl                      
2000065c  currentTime                    
20000660  errno                          
0000295d  exit                           
00002839  frexp                          
00002839  frexpl                         
20000000  g_pfnRAMVectors                
00000000  g_pfnVectors                   
00002245  ldexp                          
00002245  ldexpl                         
000029a5  ltoa                           
00002495  main                           
20000664  main_func_sp                   
00002cd9  memccpy                        
000024d5  memcpy                         
00002685  memset                         
20000659  numOfTaskTimers                
20000658  numOfTasks                     
00002245  scalbn                         
00002245  scalbnl                        
20000668  serialBufferIndex              
2000063c  serialOnCharReceived           
20000640  serialOnLineReceived           
0000289d  sprintf                        
00002d0d  strchr                         
00002d89  strlen                         


GLOBAL SYMBOLS: SORTED BY Symbol Address 

address   name                           
-------   ----                           
00000000  __TI_static_base__             
00000000  g_pfnVectors                   
00000200  __STACK_SIZE                   
00000ab1  __TI_printfi                   
000013ab  __mpu_init                     
000013ad  GetTaskState                   
000013c3  SetTaskState                   
000013e1  AddTask                        
00001449  AddTaskCond                    
000014b1  AddTaskTime                    
0000155b  InitScheduler                  
00001565  UpdateScheduler                
0000169d  InitSysTick                    
000016f5  SysTickInterruptHandler        
00001795  __aeabi_uldivmod               
00001989  __aeabi_dsub                   
00001993  __aeabi_dadd                   
00001b3f  _system_post_cinit             
00001b41  SerialWrite                    
00001b53  SerialPrint                    
00001b75  SerialPrintln                  
00001b87  SerialPrintInt                 
00001ba5  SerialPrintlnInt               
00001bc3  InitSerial                     
00001c39  SerialInterruptHandler         
00001cd1  __aeabi_ddiv                   
00001e07  GPIOPadConfigSet               
00001f39  SysCtlClockGet                 
00002049  RFCC2500WriteRegister          
0000207d  RFCC2500SendStrobe             
000020a3  RFCC2500ReadStatusByte         
000020af  InitRFCC2500                   
00002149  __aeabi_dmul                   
00002245  ldexp                          
00002245  ldexpl                         
00002245  scalbn                         
00002245  scalbnl                        
00002341  SysCtlClockSet                 
00002435  Task_StatusUpdate_Init         
00002439  Task_StatusUpdate_Exec         
0000244b  SerialOnCharReceived           
0000245b  SerialOnLineReceived           
00002467  Setup                          
0000248d  Loop                           
00002495  main                           
000024d5  __aeabi_memcpy                 
000024d5  __aeabi_memcpy4                
000024d5  __aeabi_memcpy8                
000024d5  memcpy                         
00002571  __aeabi_cdcmpeq                
00002571  __aeabi_cdcmple                
000025f7  __aeabi_cdrcmple               
0000267d  __aeabi_memclr                 
0000267d  __aeabi_memclr4                
0000267d  __aeabi_memclr8                
0000267f  __aeabi_memset                 
0000267f  __aeabi_memset4                
0000267f  __aeabi_memset8                
00002685  memset                         
000026f9  __TI_auto_init                 
00002769  IntEnable                      
000027d1  __TI_decompress_lzss           
00002839  frexp                          
00002839  frexpl                         
0000289d  sprintf                        
000028fd  _c_int00                       
00002951  C$$EXIT                        
00002955  abort                          
0000295d  exit                           
000029a5  ltoa                           
000029f9  atoi                           
00002a45  copy_in                        
00002a91  GPIOPinConfigure               
00002ad9  __aeabi_d2iz                   
00002b21  UARTConfigSetExpClk            
00002b67  SSIConfigSetExpClk             
00002ba5  SysCtlPeripheralReady          
00002bdd  IntRegister                    
00002c11  SysCtlPeripheralEnable         
00002c45  __aeabi_i2d                    
00002c73  GPIODirModeSet                 
00002c9d  UARTDisable                    
00002cbd  SysTickIntRegister             
00002cd9  memccpy                        
00002cf5  _args_main                     
00002d0d  strchr                         
00002d25  SysTickDisable                 
00002d39  SysTickEnable                  
00002d4d  UARTEnable                     
00002d61  _register_unlock               
00002d67  _register_lock                 
00002d6f  _nop                           
00002d75  copysign                       
00002d75  copysignl                      
00002d89  strlen                         
00002d9d  GPIOPinTypeSSI                 
00002daf  GPIOPinTypeUART                
00002dc1  SSIDataGetNonBlocking          
00002dd3  IntMasterDisable               
00002de3  IntMasterEnable                
00002df5  SysTickPeriodSet               
00002e05  UARTCharGetNonBlocking         
00002e13  UARTCharsAvail                 
00002e21  __TI_decompress_none           
00002e2f  CPUcpsid                       
00002e3b  CPUcpsie                       
00002e47  SSIDataGet                     
00002e53  __TI_zero_init                 
00002e5f  ResetISR                       
00002e6b  SSIDataPut                     
00002e75  SSIEnable                      
00002e7f  UARTCharPut                    
00002e89  UARTIntStatus                  
00002e93  SSIBusy                        
00002e9b  UARTIntEnable                  
00002ea3  SysCtlDelay                    
00002ea9  UARTIntClear                   
00002ead  _system_pre_init               
00002eb0  _ctypes_                       
00003138  __TI_Handler_Table_Base        
00003144  __TI_Handler_Table_Limit       
00003158  __TI_CINIT_Base                
00003170  __TI_CINIT_Limit               
20000000  g_pfnRAMVectors                
2000026c  __stack                        
2000046c  TaskList                       
2000046c  __STACK_END                    
2000046c  __STACK_TOP                    
2000056c  TaskTimerList                  
2000062c  SerialBuffer                   
2000063c  serialOnCharReceived           
20000640  serialOnLineReceived           
20000644  __TI_cleanup_ptr               
20000648  __TI_dtors_ptr                 
2000064c  __TI_enable_exit_profile_output
20000650  _lock                          
20000654  _unlock                        
20000658  numOfTasks                     
20000659  numOfTaskTimers                
2000065c  currentTime                    
20000660  errno                          
20000664  main_func_sp                   
20000668  serialBufferIndex              
ffffffff  __TI_pprof_out_hndl            
ffffffff  __TI_prof_data_size            
ffffffff  __TI_prof_data_start           
ffffffff  __binit__                      
ffffffff  __c_args__                     
ffffffff  binit                          
UNDEFED   SHT$$INIT_ARRAY$$Base          
UNDEFED   SHT$$INIT_ARRAY$$Limit         

[151 symbols]
