******************************************************************************
                  TI ARM Linker PC v16.9.6                     
******************************************************************************
>> Linked Fri Jul 27 23:01:06 2018

OUTPUT FILE NAME:   <ModelRocketAvionics.out>
ENTRY POINT SYMBOL: "_c_int00"  address: 000029ed


MEMORY CONFIGURATION

         name            origin    length      used     unused   attr    fill
----------------------  --------  ---------  --------  --------  ----  --------
  FLASH                 00000000   00040000  00003276  0003cd8a  R  X
  SRAM                  20000000   00008000  00000669  00007997  RW X


SEGMENT ALLOCATION MAP

run origin  load origin   length   init length attrs members
----------  ----------- ---------- ----------- ----- -------
00000000    00000000    00003278   00003278    r-x
  00000000    00000000    0000026c   0000026c    r-- .intvecs
  0000026c    0000026c    00002d4a   00002d4a    r-x .text
  00002fb8    00002fb8    00000270   00000270    r-- .const
  00003228    00003228    00000050   00000050    r-- .cinit
20000000    20000000    00000669   00000000    rw-
  20000000    20000000    0000026c   00000000    rw- .vtable
  2000026c    2000026c    00000200   00000000    rw- .stack
  2000046c    2000046c    000001d8   00000000    rw- .bss
  20000644    20000644    00000025   00000000    rw- .data


SECTION ALLOCATION MAP

 output                                  attributes/
section   page    origin      length       input sections
--------  ----  ----------  ----------   ----------------
.intvecs   0    00000000    0000026c     
                  00000000    0000026c     tm4c1230h6pm_startup_ccs.obj (.intvecs)

.text      0    0000026c    00002d4a     
                  0000026c    0000113e     rtsv7M4_T_le_v4SPD16_eabi.lib : _printfi.obj (.text)
                  000013aa    00000002                                   : mpu_init.obj (.text)
                  000013ac    000003e8     sch.obj (.text)
                  00001794    000001f4     rtsv7M4_T_le_v4SPD16_eabi.lib : ull_div_t2.obj (.text)
                  00001988    000001e8     ser.obj (.text)
                  00001b70    000001c8     rf_cc2500.obj (.text)
                  00001d38    000001b6     rtsv7M4_T_le_v4SPD16_eabi.lib : fd_add_t2.obj (.text)
                  00001eee    00000136                                   : fd_div_t2.obj (.text)
                  00002024    00000132     driverlib.lib : gpio.obj (.text:GPIOPadConfigSet)
                  00002156    00000002     rtsv7M4_T_le_v4SPD16_eabi.lib : startup.obj (.text)
                  00002158    00000110     driverlib.lib : sysctl.obj (.text:SysCtlClockGet)
                  00002268    000000fc     rtsv7M4_T_le_v4SPD16_eabi.lib : fd_mul_t2.obj (.text)
                  00002364    000000fc                                   : s_scalbn.obj (.text)
                  00002460    000000f4     driverlib.lib : sysctl.obj (.text:SysCtlClockSet)
                  00002554    0000009c     rtsv7M4_T_le_v4SPD16_eabi.lib : memcpy_t2.obj (.text)
                  000025f0    00000086                                   : fd_cmp_t2.obj (.text:__aeabi_cdcmple)
                  00002676    00000086                                   : fd_cmp_t2.obj (.text:__aeabi_cdrcmple)
                  000026fc    0000007a                                   : memset_t2.obj (.text)
                  00002776    00000002     --HOLE-- [fill = 0]
                  00002778    00000070     main.obj (.text)
                  000027e8    00000070     rtsv7M4_T_le_v4SPD16_eabi.lib : autoinit.obj (.text)
                  00002858    00000068     driverlib.lib : interrupt.obj (.text:IntEnable)
                  000028c0    00000068     rtsv7M4_T_le_v4SPD16_eabi.lib : copy_decompress_lzss.obj (.text:decompress:lzss)
                  00002928    00000064                                   : s_frexp.obj (.text)
                  0000298c    00000060                                   : sprintf.obj (.text)
                  000029ec    00000054                                   : boot.obj (.text)
                  00002a40    00000054                                   : exit.obj (.text)
                  00002a94    00000054                                   : ltoa.obj (.text)
                  00002ae8    0000004c                                   : atoi.obj (.text)
                  00002b34    0000004c                                   : cpy_tbl.obj (.text)
                  00002b80    00000048     driverlib.lib : gpio.obj (.text:GPIOPinConfigure)
                  00002bc8    00000048     rtsv7M4_T_le_v4SPD16_eabi.lib : fd_toi_t2.obj (.text)
                  00002c10    00000046     driverlib.lib : uart.obj (.text:UARTConfigSetExpClk)
                  00002c56    0000003c                   : ssi.obj (.text:SSIConfigSetExpClk)
                  00002c92    00000002     --HOLE-- [fill = 0]
                  00002c94    00000038                   : sysctl.obj (.text:SysCtlPeripheralReady)
                  00002ccc    00000034                   : interrupt.obj (.text:IntRegister)
                  00002d00    00000034                   : sysctl.obj (.text:SysCtlPeripheralEnable)
                  00002d34    0000002e     rtsv7M4_T_le_v4SPD16_eabi.lib : i_tofd_t2.obj (.text)
                  00002d62    0000002a     driverlib.lib : gpio.obj (.text:GPIODirModeSet)
                  00002d8c    00000020                   : uart.obj (.text:UARTDisable)
                  00002dac    0000001c                   : systick.obj (.text:SysTickIntRegister)
                  00002dc8    0000001c     rtsv7M4_T_le_v4SPD16_eabi.lib : memccpy.obj (.text)
                  00002de4    00000018     driverlib.lib : gpio.obj (.text:GPIOPinTypeGPIOOutput)
                  00002dfc    00000018     rtsv7M4_T_le_v4SPD16_eabi.lib : args_main.obj (.text)
                  00002e14    00000016                                   : strchr.obj (.text)
                  00002e2a    00000002     --HOLE-- [fill = 0]
                  00002e2c    00000014     driverlib.lib : systick.obj (.text:SysTickDisable)
                  00002e40    00000014                   : systick.obj (.text:SysTickEnable)
                  00002e54    00000014                   : uart.obj (.text:UARTEnable)
                  00002e68    00000014     rtsv7M4_T_le_v4SPD16_eabi.lib : _lock.obj (.text)
                  00002e7c    00000014                                   : s_copysign.obj (.text)
                  00002e90    00000014                                   : strlen.obj (.text)
                  00002ea4    00000012     driverlib.lib : gpio.obj (.text:GPIOPinTypeSSI)
                  00002eb6    00000012                   : gpio.obj (.text:GPIOPinTypeUART)
                  00002ec8    00000012                   : ssi.obj (.text:SSIDataGetNonBlocking)
                  00002eda    00000010                   : interrupt.obj (.text:IntMasterDisable)
                  00002eea    00000010                   : interrupt.obj (.text:IntMasterEnable)
                  00002efa    00000002     --HOLE-- [fill = 0]
                  00002efc    00000010                   : systick.obj (.text:SysTickPeriodSet)
                  00002f0c    0000000e                   : uart.obj (.text:UARTCharGetNonBlocking)
                  00002f1a    0000000e                   : uart.obj (.text:UARTCharsAvail)
                  00002f28    0000000e     rtsv7M4_T_le_v4SPD16_eabi.lib : copy_decompress_none.obj (.text:decompress:none)
                  00002f36    0000000c     driverlib.lib : cpu.obj (.text:CPUcpsid)
                  00002f42    0000000c                   : cpu.obj (.text:CPUcpsie)
                  00002f4e    0000000c                   : ssi.obj (.text:SSIDataGet)
                  00002f5a    0000000c     rtsv7M4_T_le_v4SPD16_eabi.lib : copy_zero_init.obj (.text:decompress:ZI)
                  00002f66    0000000c     tm4c1230h6pm_startup_ccs.obj (.text)
                  00002f72    0000000a     driverlib.lib : ssi.obj (.text:SSIDataPut)
                  00002f7c    0000000a                   : ssi.obj (.text:SSIEnable)
                  00002f86    0000000a                   : uart.obj (.text:UARTCharPut)
                  00002f90    0000000a                   : uart.obj (.text:UARTIntStatus)
                  00002f9a    00000008                   : uart.obj (.text:UARTIntEnable)
                  00002fa2    00000006                   : gpio.obj (.text:GPIOPinWrite)
                  00002fa8    00000006                   : sysctl.obj (.text:SysCtlDelay)
                  00002fae    00000004                   : uart.obj (.text:UARTIntClear)
                  00002fb2    00000004     rtsv7M4_T_le_v4SPD16_eabi.lib : pre_init.obj (.text)

.const     0    00002fb8    00000270     
                  00002fb8    00000101     rtsv7M4_T_le_v4SPD16_eabi.lib : ctype.obj (.const:.string:_ctypes_)
                  000030b9    00000003     --HOLE-- [fill = 0]
                  000030bc    00000090     driverlib.lib : gpio.obj (.const:g_pui32GPIOBaseAddrs)
                  0000314c    00000070                   : interrupt.obj (.const)
                  000031bc    0000006c                   : sysctl.obj (.const:g_pui32Xtals)

.cinit     0    00003228    00000050     
                  00003228    00000017     (.cinit..data.load) [load image, compression = lzss]
                  0000323f    00000001     --HOLE-- [fill = 0]
                  00003240    0000000c     (__TI_handler_table)
                  0000324c    00000004     --HOLE-- [fill = 0]
                  00003250    00000008     (.cinit..bss.load) [load image, compression = zero_init]
                  00003258    00000008     (.cinit..vtable.load) [load image, compression = zero_init]
                  00003260    00000018     (__TI_cinit_table)

.init_array 
*          0    00000000    00000000     UNINITIALIZED

.vtable    0    20000000    0000026c     UNINITIALIZED
                  20000000    0000026c     driverlib.lib : interrupt.obj (.vtable)

.stack     0    2000026c    00000200     UNINITIALIZED
                  2000026c    00000200     --HOLE--

.bss       0    2000046c    000001d8     UNINITIALIZED
                  2000046c    00000100     (.common:TaskList)
                  2000056c    000000c0     (.common:TaskTimerList)
                  2000062c    00000010     (.common:SerialBuffer)
                  2000063c    00000004     (.common:serialOnCharReceived)
                  20000640    00000004     (.common:serialOnLineReceived)

.data      0    20000644    00000025     UNINITIALIZED
                  20000644    0000000c     rtsv7M4_T_le_v4SPD16_eabi.lib : exit.obj (.data:$O1$$)
                  20000650    00000008                                   : _lock.obj (.data:$O1$$)
                  20000658    00000008     sch.obj (.data)
                  20000660    00000004     rtsv7M4_T_le_v4SPD16_eabi.lib : errno.obj (.data)
                  20000664    00000004                                   : stkdepth_vars.obj (.data)
                  20000668    00000001     ser.obj (.data)

MODULE SUMMARY

       Module                         code    ro data   rw data
       ------                         ----    -------   -------
    .\
       sch.obj                        1000    0         456    
       tm4c1230h6pm_startup_ccs.obj   12      620       0      
       ser.obj                        488     0         25     
       rf_cc2500.obj                  456     0         0      
       main.obj                       112     0         0      
    +--+------------------------------+-------+---------+---------+
       Total:                         2068    620       481    
                                                               
    C:/ti/TivaWare_C_Series-2.1.4.178/driverlib/ccs/Debug/driverlib.lib
       interrupt.obj                  188     112       620    
       sysctl.obj                     630     108       0      
       gpio.obj                       486     144       0      
       uart.obj                       182     0         0      
       ssi.obj                        110     0         0      
       systick.obj                    84      0         0      
       cpu.obj                        24      0         0      
    +--+------------------------------+-------+---------+---------+
       Total:                         1704    364       620    
                                                               
    C:\ti\ccsv7\tools\compiler\ti-cgt-arm_16.9.6.LTS\lib\rtsv7M4_T_le_v4SPD16_eabi.lib
       _printfi.obj                   4414    0         0      
       ull_div_t2.obj                 500     0         0      
       fd_add_t2.obj                  438     0         0      
       fd_div_t2.obj                  310     0         0      
       fd_cmp_t2.obj                  268     0         0      
       ctype.obj                      0       257       0      
       fd_mul_t2.obj                  252     0         0      
       s_scalbn.obj                   252     0         0      
       memcpy_t2.obj                  156     0         0      
       memset_t2.obj                  122     0         0      
       autoinit.obj                   112     0         0      
       copy_decompress_lzss.obj       104     0         0      
       s_frexp.obj                    100     0         0      
       exit.obj                       84      0         12     
       sprintf.obj                    96      0         0      
       boot.obj                       84      0         0      
       ltoa.obj                       84      0         0      
       atoi.obj                       76      0         0      
       cpy_tbl.obj                    76      0         0      
       fd_toi_t2.obj                  72      0         0      
       i_tofd_t2.obj                  46      0         0      
       _lock.obj                      20      0         8      
       memccpy.obj                    28      0         0      
       args_main.obj                  24      0         0      
       strchr.obj                     22      0         0      
       s_copysign.obj                 20      0         0      
       strlen.obj                     20      0         0      
       copy_decompress_none.obj       14      0         0      
       copy_zero_init.obj             12      0         0      
       errno.obj                      0       0         4      
       pre_init.obj                   4       0         0      
       stkdepth_vars.obj              0       0         4      
       mpu_init.obj                   2       0         0      
       startup.obj                    2       0         0      
    +--+------------------------------+-------+---------+---------+
       Total:                         7814    257       28     
                                                               
       Stack:                         0       0         512    
       Linker Generated:              0       75        0      
    +--+------------------------------+-------+---------+---------+
       Grand Total:                   11586   1316      1641   


LINKER GENERATED COPY TABLES

__TI_cinit_table @ 00003260 records: 3, size/record: 8, table size: 24
	.data: load addr=00003228, load size=00000017 bytes, run addr=20000644, run size=00000025 bytes, compression=lzss
	.bss: load addr=00003250, load size=00000008 bytes, run addr=2000046c, run size=000001d8 bytes, compression=zero_init
	.vtable: load addr=00003258, load size=00000008 bytes, run addr=20000000, run size=0000026c bytes, compression=zero_init


LINKER GENERATED HANDLER TABLE

__TI_handler_table @ 00003240 records: 3, size/record: 4, table size: 12
	index: 0, handler: __TI_zero_init
	index: 1, handler: __TI_decompress_lzss
	index: 2, handler: __TI_decompress_none


GLOBAL SYMBOLS: SORTED ALPHABETICALLY BY Name 

address   name                           
-------   ----                           
000013e1  AddTask                        
00001449  AddTaskCond                    
000014b1  AddTaskTime                    
00002a41  C$$EXIT                        
00002f37  CPUcpsid                       
00002f43  CPUcpsie                       
00002d63  GPIODirModeSet                 
00002025  GPIOPadConfigSet               
00002b81  GPIOPinConfigure               
00002de5  GPIOPinTypeGPIOOutput          
00002ea5  GPIOPinTypeSSI                 
00002eb7  GPIOPinTypeUART                
00002fa3  GPIOPinWrite                   
000013ad  GetTaskState                   
00001c17  InitRFCC2500                   
0000155b  InitScheduler                  
00001a11  InitSerial                     
0000169d  InitSysTick                    
00002859  IntEnable                      
00002edb  IntMasterDisable               
00002eeb  IntMasterEnable                
00002ccd  IntRegister                    
000027c5  Loop                           
00001b7f  RFCC2500ChipSelectOff          
00001b71  RFCC2500ChipSelectOn           
00001bd1  RFCC2500ReadRegister           
00001bf7  RFCC2500SendStrobe             
00001b8d  RFCC2500WriteByte              
00001ba9  RFCC2500WriteRegister          
00002f67  ResetISR                       
UNDEFED   SHT$$INIT_ARRAY$$Base          
UNDEFED   SHT$$INIT_ARRAY$$Limit         
00002c57  SSIConfigSetExpClk             
00002f4f  SSIDataGet                     
00002ec9  SSIDataGetNonBlocking          
00002f73  SSIDataPut                     
00002f7d  SSIEnable                      
2000062c  SerialBuffer                   
00001a87  SerialInterruptHandler         
0000278f  SerialOnCharReceived           
0000279f  SerialOnLineReceived           
0000199b  SerialPrint                    
000019d5  SerialPrintInt                 
000019bd  SerialPrintln                  
000019f3  SerialPrintlnInt               
00001989  SerialWrite                    
000013c3  SetTaskState                   
000027ab  Setup                          
00002159  SysCtlClockGet                 
00002461  SysCtlClockSet                 
00002fa9  SysCtlDelay                    
00002d01  SysCtlPeripheralEnable         
00002c95  SysCtlPeripheralReady          
00002e2d  SysTickDisable                 
00002e41  SysTickEnable                  
00002dad  SysTickIntRegister             
000016f5  SysTickInterruptHandler        
00002efd  SysTickPeriodSet               
2000046c  TaskList                       
2000056c  TaskTimerList                  
0000277d  Task_StatusUpdate_Exec         
00002779  Task_StatusUpdate_Init         
00002f0d  UARTCharGetNonBlocking         
00002f87  UARTCharPut                    
00002f1b  UARTCharsAvail                 
00002c11  UARTConfigSetExpClk            
00002d8d  UARTDisable                    
00002e55  UARTEnable                     
00002faf  UARTIntClear                   
00002f9b  UARTIntEnable                  
00002f91  UARTIntStatus                  
00001565  UpdateScheduler                
2000046c  __STACK_END                    
00000200  __STACK_SIZE                   
2000046c  __STACK_TOP                    
00003260  __TI_CINIT_Base                
00003278  __TI_CINIT_Limit               
00003240  __TI_Handler_Table_Base        
0000324c  __TI_Handler_Table_Limit       
000027e9  __TI_auto_init                 
20000644  __TI_cleanup_ptr               
000028c1  __TI_decompress_lzss           
00002f29  __TI_decompress_none           
20000648  __TI_dtors_ptr                 
2000064c  __TI_enable_exit_profile_output
ffffffff  __TI_pprof_out_hndl            
00000ab1  __TI_printfi                   
ffffffff  __TI_prof_data_size            
ffffffff  __TI_prof_data_start           
00000000  __TI_static_base__             
00002f5b  __TI_zero_init                 
000025f1  __aeabi_cdcmpeq                
000025f1  __aeabi_cdcmple                
00002677  __aeabi_cdrcmple               
00002bc9  __aeabi_d2iz                   
00001d43  __aeabi_dadd                   
00001eef  __aeabi_ddiv                   
00002269  __aeabi_dmul                   
00001d39  __aeabi_dsub                   
00002d35  __aeabi_i2d                    
000026fd  __aeabi_memclr                 
000026fd  __aeabi_memclr4                
000026fd  __aeabi_memclr8                
00002555  __aeabi_memcpy                 
00002555  __aeabi_memcpy4                
00002555  __aeabi_memcpy8                
000026ff  __aeabi_memset                 
000026ff  __aeabi_memset4                
000026ff  __aeabi_memset8                
00001795  __aeabi_uldivmod               
ffffffff  __binit__                      
ffffffff  __c_args__                     
000013ab  __mpu_init                     
2000026c  __stack                        
00002dfd  _args_main                     
000029ed  _c_int00                       
00002fb8  _ctypes_                       
20000650  _lock                          
00002e77  _nop                           
00002e6f  _register_lock                 
00002e69  _register_unlock               
00002157  _system_post_cinit             
00002fb3  _system_pre_init               
20000654  _unlock                        
00002a45  abort                          
00002ae9  atoi                           
ffffffff  binit                          
00002b35  copy_in                        
00002e7d  copysign                       
00002e7d  copysignl                      
2000065c  currentTime                    
20000660  errno                          
00002a4d  exit                           
00002929  frexp                          
00002929  frexpl                         
20000000  g_pfnRAMVectors                
00000000  g_pfnVectors                   
00002365  ldexp                          
00002365  ldexpl                         
00002a95  ltoa                           
000027cd  main                           
20000664  main_func_sp                   
00002dc9  memccpy                        
00002555  memcpy                         
00002705  memset                         
20000659  numOfTaskTimers                
20000658  numOfTasks                     
00002365  scalbn                         
00002365  scalbnl                        
20000668  serialBufferIndex              
2000063c  serialOnCharReceived           
20000640  serialOnLineReceived           
0000298d  sprintf                        
00002e15  strchr                         
00002e91  strlen                         


GLOBAL SYMBOLS: SORTED BY Symbol Address 

address   name                           
-------   ----                           
00000000  __TI_static_base__             
00000000  g_pfnVectors                   
00000200  __STACK_SIZE                   
00000ab1  __TI_printfi                   
000013ab  __mpu_init                     
000013ad  GetTaskState                   
000013c3  SetTaskState                   
000013e1  AddTask                        
00001449  AddTaskCond                    
000014b1  AddTaskTime                    
0000155b  InitScheduler                  
00001565  UpdateScheduler                
0000169d  InitSysTick                    
000016f5  SysTickInterruptHandler        
00001795  __aeabi_uldivmod               
00001989  SerialWrite                    
0000199b  SerialPrint                    
000019bd  SerialPrintln                  
000019d5  SerialPrintInt                 
000019f3  SerialPrintlnInt               
00001a11  InitSerial                     
00001a87  SerialInterruptHandler         
00001b71  RFCC2500ChipSelectOn           
00001b7f  RFCC2500ChipSelectOff          
00001b8d  RFCC2500WriteByte              
00001ba9  RFCC2500WriteRegister          
00001bd1  RFCC2500ReadRegister           
00001bf7  RFCC2500SendStrobe             
00001c17  InitRFCC2500                   
00001d39  __aeabi_dsub                   
00001d43  __aeabi_dadd                   
00001eef  __aeabi_ddiv                   
00002025  GPIOPadConfigSet               
00002157  _system_post_cinit             
00002159  SysCtlClockGet                 
00002269  __aeabi_dmul                   
00002365  ldexp                          
00002365  ldexpl                         
00002365  scalbn                         
00002365  scalbnl                        
00002461  SysCtlClockSet                 
00002555  __aeabi_memcpy                 
00002555  __aeabi_memcpy4                
00002555  __aeabi_memcpy8                
00002555  memcpy                         
000025f1  __aeabi_cdcmpeq                
000025f1  __aeabi_cdcmple                
00002677  __aeabi_cdrcmple               
000026fd  __aeabi_memclr                 
000026fd  __aeabi_memclr4                
000026fd  __aeabi_memclr8                
000026ff  __aeabi_memset                 
000026ff  __aeabi_memset4                
000026ff  __aeabi_memset8                
00002705  memset                         
00002779  Task_StatusUpdate_Init         
0000277d  Task_StatusUpdate_Exec         
0000278f  SerialOnCharReceived           
0000279f  SerialOnLineReceived           
000027ab  Setup                          
000027c5  Loop                           
000027cd  main                           
000027e9  __TI_auto_init                 
00002859  IntEnable                      
000028c1  __TI_decompress_lzss           
00002929  frexp                          
00002929  frexpl                         
0000298d  sprintf                        
000029ed  _c_int00                       
00002a41  C$$EXIT                        
00002a45  abort                          
00002a4d  exit                           
00002a95  ltoa                           
00002ae9  atoi                           
00002b35  copy_in                        
00002b81  GPIOPinConfigure               
00002bc9  __aeabi_d2iz                   
00002c11  UARTConfigSetExpClk            
00002c57  SSIConfigSetExpClk             
00002c95  SysCtlPeripheralReady          
00002ccd  IntRegister                    
00002d01  SysCtlPeripheralEnable         
00002d35  __aeabi_i2d                    
00002d63  GPIODirModeSet                 
00002d8d  UARTDisable                    
00002dad  SysTickIntRegister             
00002dc9  memccpy                        
00002de5  GPIOPinTypeGPIOOutput          
00002dfd  _args_main                     
00002e15  strchr                         
00002e2d  SysTickDisable                 
00002e41  SysTickEnable                  
00002e55  UARTEnable                     
00002e69  _register_unlock               
00002e6f  _register_lock                 
00002e77  _nop                           
00002e7d  copysign                       
00002e7d  copysignl                      
00002e91  strlen                         
00002ea5  GPIOPinTypeSSI                 
00002eb7  GPIOPinTypeUART                
00002ec9  SSIDataGetNonBlocking          
00002edb  IntMasterDisable               
00002eeb  IntMasterEnable                
00002efd  SysTickPeriodSet               
00002f0d  UARTCharGetNonBlocking         
00002f1b  UARTCharsAvail                 
00002f29  __TI_decompress_none           
00002f37  CPUcpsid                       
00002f43  CPUcpsie                       
00002f4f  SSIDataGet                     
00002f5b  __TI_zero_init                 
00002f67  ResetISR                       
00002f73  SSIDataPut                     
00002f7d  SSIEnable                      
00002f87  UARTCharPut                    
00002f91  UARTIntStatus                  
00002f9b  UARTIntEnable                  
00002fa3  GPIOPinWrite                   
00002fa9  SysCtlDelay                    
00002faf  UARTIntClear                   
00002fb3  _system_pre_init               
00002fb8  _ctypes_                       
00003240  __TI_Handler_Table_Base        
0000324c  __TI_Handler_Table_Limit       
00003260  __TI_CINIT_Base                
00003278  __TI_CINIT_Limit               
20000000  g_pfnRAMVectors                
2000026c  __stack                        
2000046c  TaskList                       
2000046c  __STACK_END                    
2000046c  __STACK_TOP                    
2000056c  TaskTimerList                  
2000062c  SerialBuffer                   
2000063c  serialOnCharReceived           
20000640  serialOnLineReceived           
20000644  __TI_cleanup_ptr               
20000648  __TI_dtors_ptr                 
2000064c  __TI_enable_exit_profile_output
20000650  _lock                          
20000654  _unlock                        
20000658  numOfTasks                     
20000659  numOfTaskTimers                
2000065c  currentTime                    
20000660  errno                          
20000664  main_func_sp                   
20000668  serialBufferIndex              
ffffffff  __TI_pprof_out_hndl            
ffffffff  __TI_prof_data_size            
ffffffff  __TI_prof_data_start           
ffffffff  __binit__                      
ffffffff  __c_args__                     
ffffffff  binit                          
UNDEFED   SHT$$INIT_ARRAY$$Base          
UNDEFED   SHT$$INIT_ARRAY$$Limit         

[155 symbols]
